Archive member included to satisfy reference by file (symbol)

C:\Users\info\Documents\GitHub\SsAtx\SsAtxController\SsAtxController\Output\Arduino_Zero__Native_USB_Port_\Debug/core\core.a(cortex_handlers.c.o)
                              (Reset_Handler)
C:\Users\info\Documents\GitHub\SsAtx\SsAtxController\SsAtxController\Output\Arduino_Zero__Native_USB_Port_\Debug/core\core.a(delay.c.o)
                              C:\Users\info\Documents\GitHub\SsAtx\SsAtxController\SsAtxController\Output\Arduino_Zero__Native_USB_Port_\Debug\sketch\SsAtxController.ino.cpp.o (delay)
C:\Users\info\Documents\GitHub\SsAtx\SsAtxController\SsAtxController\Output\Arduino_Zero__Native_USB_Port_\Debug/core\core.a(hooks.c.o)
                              C:\Users\info\Documents\GitHub\SsAtx\SsAtxController\SsAtxController\Output\Arduino_Zero__Native_USB_Port_\Debug/core\core.a(delay.c.o) (yield)
C:\Users\info\Documents\GitHub\SsAtx\SsAtxController\SsAtxController\Output\Arduino_Zero__Native_USB_Port_\Debug/core\core.a(startup.c.o)
                              C:\Users\info\Documents\GitHub\SsAtx\SsAtxController\SsAtxController\Output\Arduino_Zero__Native_USB_Port_\Debug/core\core.a(cortex_handlers.c.o) (SystemInit)
C:\Users\info\Documents\GitHub\SsAtx\SsAtxController\SsAtxController\Output\Arduino_Zero__Native_USB_Port_\Debug/core\core.a(wiring.c.o)
                              C:\Users\info\Documents\GitHub\SsAtx\SsAtxController\SsAtxController\Output\Arduino_Zero__Native_USB_Port_\Debug/core\core.a(startup.c.o) (SystemCoreClock)
C:\Users\info\Documents\GitHub\SsAtx\SsAtxController\SsAtxController\Output\Arduino_Zero__Native_USB_Port_\Debug/core\core.a(wiring_analog.c.o)
                              C:\Users\info\Documents\GitHub\SsAtx\SsAtxController\SsAtxController\Output\Arduino_Zero__Native_USB_Port_\Debug/core\core.a(wiring.c.o) (analogReference)
C:\Users\info\Documents\GitHub\SsAtx\SsAtxController\SsAtxController\Output\Arduino_Zero__Native_USB_Port_\Debug/core\core.a(wiring_digital.c.o)
                              C:\Users\info\Documents\GitHub\SsAtx\SsAtxController\SsAtxController\Output\Arduino_Zero__Native_USB_Port_\Debug\sketch\SsAtxController.ino.cpp.o (pinMode)
C:\Users\info\Documents\GitHub\SsAtx\SsAtxController\SsAtxController\Output\Arduino_Zero__Native_USB_Port_\Debug/core\core.a(wiring_private.c.o)
                              C:\Users\info\Documents\GitHub\SsAtx\SsAtxController\SsAtxController\Output\Arduino_Zero__Native_USB_Port_\Debug/core\core.a(wiring_analog.c.o) (pinPeripheral)
C:\Users\info\Documents\GitHub\SsAtx\SsAtxController\SsAtxController\Output\Arduino_Zero__Native_USB_Port_\Debug/core\core.a(Reset.cpp.o)
                              C:\Users\info\Documents\GitHub\SsAtx\SsAtxController\SsAtxController\Output\Arduino_Zero__Native_USB_Port_\Debug/core\core.a(delay.c.o) (tickReset)
C:\Users\info\Documents\GitHub\SsAtx\SsAtxController\SsAtxController\Output\Arduino_Zero__Native_USB_Port_\Debug/core\core.a(SERCOM.cpp.o)
                              C:\Users\info\Documents\GitHub\SsAtx\SsAtxController\SsAtxController\Output\Arduino_Zero__Native_USB_Port_\Debug\core\variant.cpp.o (SERCOM::SERCOM(Sercom*))
C:\Users\info\Documents\GitHub\SsAtx\SsAtxController\SsAtxController\Output\Arduino_Zero__Native_USB_Port_\Debug/core\core.a(Uart.cpp.o)
                              C:\Users\info\Documents\GitHub\SsAtx\SsAtxController\SsAtxController\Output\Arduino_Zero__Native_USB_Port_\Debug\core\variant.cpp.o (Uart::Uart(SERCOM*, unsigned char, unsigned char, SercomRXPad, SercomUartTXPad))
C:\Users\info\Documents\GitHub\SsAtx\SsAtxController\SsAtxController\Output\Arduino_Zero__Native_USB_Port_\Debug/core\core.a(Print.cpp.o)
                              C:\Users\info\Documents\GitHub\SsAtx\SsAtxController\SsAtxController\Output\Arduino_Zero__Native_USB_Port_\Debug/core\core.a(Uart.cpp.o) (arduino::Print::write(unsigned char const*, unsigned int))
C:\Users\info\Documents\GitHub\SsAtx\SsAtxController\SsAtxController\Output\Arduino_Zero__Native_USB_Port_\Debug/core\core.a(main.cpp.o)
                              c:/users/info/appdata/local/arduino15/packages/arduino/tools/arm-none-eabi-gcc/7-2017q4/bin/../lib/gcc/arm-none-eabi/7.2.1/../../../../arm-none-eabi/lib/thumb/v6-m/crt0.o (main)
C:\Users\info\Documents\GitHub\SsAtx\SsAtxController\SsAtxController\Output\Arduino_Zero__Native_USB_Port_\Debug/core\core.a(USBCore.cpp.o)
                              C:\Users\info\Documents\GitHub\SsAtx\SsAtxController\SsAtxController\Output\Arduino_Zero__Native_USB_Port_\Debug/core\core.a(main.cpp.o) (USBDeviceClass::attach())
C:\Users\info\Documents\GitHub\SsAtx\SsAtxController\SsAtxController\Output\Arduino_Zero__Native_USB_Port_\Debug/core\core.a(abi.cpp.o)
                              C:\Users\info\Documents\GitHub\SsAtx\SsAtxController\SsAtxController\Output\Arduino_Zero__Native_USB_Port_\Debug/core\core.a(Print.cpp.o) (__cxa_pure_virtual)
[...]
Memory Configuration

Name             Origin             Length             Attributes
FLASH            0x00002000         0x0003e000         xr
RAM              0x20000000         0x00008000         xrw
*default*        0x00000000         0xffffffff

Linker script and memory map

LOAD c:/users/info/appdata/local/arduino15/packages/arduino/tools/arm-none-eabi-gcc/7-2017q4/bin/../lib/gcc/arm-none-eabi/7.2.1/thumb/v6-m/crti.o
LOAD c:/users/info/appdata/local/arduino15/packages/arduino/tools/arm-none-eabi-gcc/7-2017q4/bin/../lib/gcc/arm-none-eabi/7.2.1/thumb/v6-m/crtbegin.o
LOAD c:/users/info/appdata/local/arduino15/packages/arduino/tools/arm-none-eabi-gcc/7-2017q4/bin/../lib/gcc/arm-none-eabi/7.2.1/../../../../arm-none-eabi/lib/thumb/v6-m/crt0.o
LOAD C:\Users\info\Documents\GitHub\SsAtx\SsAtxController\SsAtxController\Output\Arduino_Zero__Native_USB_Port_\Debug\sketch\SsAtxController.ino.cpp.o
LOAD C:\Users\info\Documents\GitHub\SsAtx\SsAtxController\SsAtxController\Output\Arduino_Zero__Native_USB_Port_\Debug\core\variant.cpp.o
START GROUP
LOAD C:\Users\info\AppData\Local\Arduino15\packages\arduino\tools\CMSIS\4.5.0/CMSIS/Lib/GCC/\libarm_cortexM0l_math.a
LOAD C:\Users\info\Documents\GitHub\SsAtx\SsAtxController\SsAtxController\Output\Arduino_Zero__Native_USB_Port_\Debug/core\core.a
END GROUP
LOAD c:/users/info/appdata/local/arduino15/packages/arduino/tools/arm-none-eabi-gcc/7-2017q4/bin/../lib/gcc/arm-none-eabi/7.2.1/../../../../arm-none-eabi/lib/thumb/v6-m\libstdc++_nano.a
LOAD c:/users/info/appdata/local/arduino15/packages/arduino/tools/arm-none-eabi-gcc/7-2017q4/bin/../lib/gcc/arm-none-eabi/7.2.1/../../../../arm-none-eabi/lib/thumb/v6-m\libm.a
START GROUP
LOAD c:/users/info/appdata/local/arduino15/packages/arduino/tools/arm-none-eabi-gcc/7-2017q4/bin/../lib/gcc/arm-none-eabi/7.2.1/thumb/v6-m\libgcc.a
LOAD c:/users/info/appdata/local/arduino15/packages/arduino/tools/arm-none-eabi-gcc/7-2017q4/bin/../lib/gcc/arm-none-eabi/7.2.1/../../../../arm-none-eabi/lib/thumb/v6-m\libc_nano.a
END GROUP
START GROUP
LOAD c:/users/info/appdata/local/arduino15/packages/arduino/tools/arm-none-eabi-gcc/7-2017q4/bin/../lib/gcc/arm-none-eabi/7.2.1/thumb/v6-m\libgcc.a
LOAD c:/users/info/appdata/local/arduino15/packages/arduino/tools/arm-none-eabi-gcc/7-2017q4/bin/../lib/gcc/arm-none-eabi/7.2.1/../../../../arm-none-eabi/lib/thumb/v6-m\libc_nano.a
LOAD c:/users/info/appdata/local/arduino15/packages/arduino/tools/arm-none-eabi-gcc/7-2017q4/bin/../lib/gcc/arm-none-eabi/7.2.1/../../../../arm-none-eabi/lib/thumb/v6-m\libnosys.a
END GROUP
START GROUP
LOAD c:/users/info/appdata/local/arduino15/packages/arduino/tools/arm-none-eabi-gcc/7-2017q4/bin/../lib/gcc/arm-none-eabi/7.2.1/thumb/v6-m\libgcc.a
LOAD c:/users/info/appdata/local/arduino15/packages/arduino/tools/arm-none-eabi-gcc/7-2017q4/bin/../lib/gcc/arm-none-eabi/7.2.1/../../../../arm-none-eabi/lib/thumb/v6-m\libc_nano.a
LOAD c:/users/info/appdata/local/arduino15/packages/arduino/tools/arm-none-eabi-gcc/7-2017q4/bin/../lib/gcc/arm-none-eabi/7.2.1/../../../../arm-none-eabi/lib/thumb/v6-m\libnosys.a
END GROUP
LOAD c:/users/info/appdata/local/arduino15/packages/arduino/tools/arm-none-eabi-gcc/7-2017q4/bin/../lib/gcc/arm-none-eabi/7.2.1/thumb/v6-m/crtend.o
LOAD c:/users/info/appdata/local/arduino15/packages/arduino/tools/arm-none-eabi-gcc/7-2017q4/bin/../lib/gcc/arm-none-eabi/7.2.1/thumb/v6-m/crtn.o

.text           0x00002000     0x2d00
                0x00002000                __text_start__ = .
 *(.sketch_boot)
                0x00002000                . = ALIGN (0x2000)
 *(.isr_vector)
 .isr_vector    0x00002000       0xb4 C:\Users\info\Documents\GitHub\SsAtx\SsAtxController\SsAtxController\Output\Arduino_Zero__Native_USB_Port_\Debug/core\core.a(cortex_handlers.c.o)
                0x00002000                exception_table
 *(.text*)
 .text          0x000020b4       0x48 c:/users/info/appdata/local/arduino15/packages/arduino/tools/arm-none-eabi-gcc/7-2017q4/bin/../lib/gcc/arm-none-eabi/7.2.1/thumb/v6-m/crtbegin.o
 .text.setup    0x000020fc        0xc C:\Users\info\Documents\GitHub\SsAtx\SsAtxController\SsAtxController\Output\Arduino_Zero__Native_USB_Port_\Debug\sketch\SsAtxController.ino.cpp.o
                0x000020fc                setup
 .text.loop     0x00002108       0x24 C:\Users\info\Documents\GitHub\SsAtx\SsAtxController\SsAtxController\Output\Arduino_Zero__Native_USB_Port_\Debug\sketch\SsAtxController.ino.cpp.o
                0x00002108                loop
 .text.SERCOM0_Handler
                0x0000212c       0x10 C:\Users\info\Documents\GitHub\SsAtx\SsAtxController\SsAtxController\Output\Arduino_Zero__Native_USB_Port_\Debug\core\variant.cpp.o
                0x0000212c                SERCOM0_Handler
 .text.SERCOM5_Handler
                0x0000213c       0x10 C:\Users\info\Documents\GitHub\SsAtx\SsAtxController\SsAtxController\Output\Arduino_Zero__Native_USB_Port_\Debug\core\variant.cpp.o
                0x0000213c                SERCOM5_Handler
 .text.startup._GLOBAL__sub_I_g_APinDescription
                0x0000214c       0x94 C:\Users\info\Documents\GitHub\SsAtx\SsAtxController\SsAtxController\Output\Arduino_Zero__Native_USB_Port_\Debug\core\variant.cpp.o
 .text.Dummy_Handler
                0x000021e0        0x2 C:\Users\info\Documents\GitHub\SsAtx\SsAtxController\SsAtxController\Output\Arduino_Zero__Native_USB_Port_\Debug/core\core.a(cortex_handlers.c.o)
                0x000021e0                DMAC_Handler
                0x000021e0                HardFault_Handler
                0x000021e0                AC_Handler
                0x000021e0                PendSV_Handler
                0x000021e0                NMI_Handler
                0x000021e0                TC7_Handler
                0x000021e0                SERCOM1_Handler
                0x000021e0                ADC_Handler
                0x000021e0                TCC1_Handler
                0x000021e0                SERCOM2_Handler
                0x000021e0                TCC0_Handler
                0x000021e0                RTC_Handler
                0x000021e0                EIC_Handler
                0x000021e0                TC6_Handler
                0x000021e0                WDT_Handler
                0x000021e0                TC4_Handler
                0x000021e0                TC3_Handler
                0x000021e0                Dummy_Handler
                0x000021e0                PM_Handler
                0x000021e0                SVC_Handler
                0x000021e0                TCC2_Handler
                0x000021e0                EVSYS_Handler
                0x000021e0                SERCOM3_Handler
                0x000021e0                SERCOM4_Handler
                0x000021e0                I2S_Handler
                0x000021e0                NVMCTRL_Handler
                0x000021e0                DAC_Handler
                0x000021e0                PTC_Handler
                0x000021e0                SYSCTRL_Handler
 *fill*         0x000021e2        0x2 
 .text.USB_Handler
                0x000021e4       0x14 C:\Users\info\Documents\GitHub\SsAtx\SsAtxController\SsAtxController\Output\Arduino_Zero__Native_USB_Port_\Debug/core\core.a(cortex_handlers.c.o)
                0x000021e4                USB_Handler
 .text.Reset_Handler
                0x000021f8       0x54 C:\Users\info\Documents\GitHub\SsAtx\SsAtxController\SsAtxController\Output\Arduino_Zero__Native_USB_Port_\Debug/core\core.a(cortex_handlers.c.o)
                0x000021f8                Reset_Handler
 .text.SysTick_Handler
                0x0000224c       0x10 C:\Users\info\Documents\GitHub\SsAtx\SsAtxController\SsAtxController\Output\Arduino_Zero__Native_USB_Port_\Debug/core\core.a(cortex_handlers.c.o)
                0x0000224c                SysTick_Handler
 .text.USB_SetHandler
                0x0000225c        0xc C:\Users\info\Documents\GitHub\SsAtx\SsAtxController\SsAtxController\Output\Arduino_Zero__Native_USB_Port_\Debug/core\core.a(cortex_handlers.c.o)
                0x0000225c                USB_SetHandler
 .text.millis   0x00002268        0xc C:\Users\info\Documents\GitHub\SsAtx\SsAtxController\SsAtxController\Output\Arduino_Zero__Native_USB_Port_\Debug/core\core.a(delay.c.o)
                0x00002268                millis
 .text.micros   0x00002274       0x60 C:\Users\info\Documents\GitHub\SsAtx\SsAtxController\SsAtxController\Output\Arduino_Zero__Native_USB_Port_\Debug/core\core.a(delay.c.o)
                0x00002274                micros
 .text.delay    0x000022d4       0x30 C:\Users\info\Documents\GitHub\SsAtx\SsAtxController\SsAtxController\Output\Arduino_Zero__Native_USB_Port_\Debug/core\core.a(delay.c.o)
                0x000022d4                delay
 .text.resetExternalChip
                0x00002304        0x2 C:\Users\info\Documents\GitHub\SsAtx\SsAtxController\SsAtxController\Output\Arduino_Zero__Native_USB_Port_\Debug/core\core.a(delay.c.o)
                0x00002304                resetExternalChip
 *fill*         0x00002306        0x2 
 .text.SysTick_DefaultHandler
                0x00002308       0x14 C:\Users\info\Documents\GitHub\SsAtx\SsAtxController\SsAtxController\Output\Arduino_Zero__Native_USB_Port_\Debug/core\core.a(delay.c.o)
                0x00002308                SysTick_DefaultHandler
 .text.__empty  0x0000231c        0x2 C:\Users\info\Documents\GitHub\SsAtx\SsAtxController\SsAtxController\Output\Arduino_Zero__Native_USB_Port_\Debug/core\core.a(hooks.c.o)
                0x0000231c                yield
 .text.__false  0x0000231e        0x4 C:\Users\info\Documents\GitHub\SsAtx\SsAtxController\SsAtxController\Output\Arduino_Zero__Native_USB_Port_\Debug/core\core.a(hooks.c.o)
                0x0000231e                sysTickHook
 *fill*         0x00002322        0x2 
 .text.SystemInit
                0x00002324      0x160 C:\Users\info\Documents\GitHub\SsAtx\SsAtxController\SsAtxController\Output\Arduino_Zero__Native_USB_Port_\Debug/core\core.a(startup.c.o)
                0x00002324                SystemInit
 .text.init     0x00002484       0xf0 C:\Users\info\Documents\GitHub\SsAtx\SsAtxController\SsAtxController\Output\Arduino_Zero__Native_USB_Port_\Debug/core\core.a(wiring.c.o)
                0x00002484                init
 .text.analogReference
                0x00002574       0x64 C:\Users\info\Documents\GitHub\SsAtx\SsAtxController\SsAtxController\Output\Arduino_Zero__Native_USB_Port_\Debug/core\core.a(wiring_analog.c.o)
                0x00002574                analogReference
 .text.pinMode  0x000025d8       0x98 C:\Users\info\Documents\GitHub\SsAtx\SsAtxController\SsAtxController\Output\Arduino_Zero__Native_USB_Port_\Debug/core\core.a(wiring_digital.c.o)
                0x000025d8                pinMode
 .text.digitalWrite
                0x00002670       0x58 C:\Users\info\Documents\GitHub\SsAtx\SsAtxController\SsAtxController\Output\Arduino_Zero__Native_USB_Port_\Debug/core\core.a(wiring_digital.c.o)
                0x00002670                digitalWrite
 .text.pinPeripheral
                0x000026c8       0xc0 C:\Users\info\Documents\GitHub\SsAtx\SsAtxController\SsAtxController\Output\Arduino_Zero__Native_USB_Port_\Debug/core\core.a(wiring_private.c.o)
                0x000026c8                pinPeripheral
 .text.initiateReset
                0x00002788       0x14 C:\Users\info\Documents\GitHub\SsAtx\SsAtxController\SsAtxController\Output\Arduino_Zero__Native_USB_Port_\Debug/core\core.a(Reset.cpp.o)
                0x00002788                initiateReset
 .text.cancelReset
                0x0000279c       0x10 C:\Users\info\Documents\GitHub\SsAtx\SsAtxController\SsAtxController\Output\Arduino_Zero__Native_USB_Port_\Debug/core\core.a(Reset.cpp.o)
                0x0000279c                cancelReset
 .text.tickReset
                0x000027ac       0x78 C:\Users\info\Documents\GitHub\SsAtx\SsAtxController\SsAtxController\Output\Arduino_Zero__Native_USB_Port_\Debug/core\core.a(Reset.cpp.o)
                0x000027ac                tickReset
 .text._ZN6SERCOMC2EP6Sercom
                0x00002824        0x8 C:\Users\info\Documents\GitHub\SsAtx\SsAtxController\SsAtxController\Output\Arduino_Zero__Native_USB_Port_\Debug/core\core.a(SERCOM.cpp.o)
                0x00002824                SERCOM::SERCOM(Sercom*)
                0x00002824                SERCOM::SERCOM(Sercom*)
 .text._ZN6SERCOM9initFrameE18SercomUartCharSize15SercomDataOrder16SercomParityMode19SercomNumberStopBit
                0x0000282c       0x3a C:\Users\info\Documents\GitHub\SsAtx\SsAtxController\SsAtxController\Output\Arduino_Zero__Native_USB_Port_\Debug/core\core.a(SERCOM.cpp.o)
                0x0000282c                SERCOM::initFrame(SercomUartCharSize, SercomDataOrder, SercomParityMode, SercomNumberStopBit)
 .text._ZN6SERCOM8initPadsE15SercomUartTXPad11SercomRXPad
                0x00002866       0x26 C:\Users\info\Documents\GitHub\SsAtx\SsAtxController\SsAtxController\Output\Arduino_Zero__Native_USB_Port_\Debug/core\core.a(SERCOM.cpp.o)
                0x00002866                SERCOM::initPads(SercomUartTXPad, SercomRXPad)
 .text._ZN6SERCOM9resetUARTEv
                0x0000288c       0x1a C:\Users\info\Documents\GitHub\SsAtx\SsAtxController\SsAtxController\Output\Arduino_Zero__Native_USB_Port_\Debug/core\core.a(SERCOM.cpp.o)
                0x0000288c                SERCOM::resetUART()
 .text._ZN6SERCOM10enableUARTEv
                0x000028a6       0x14 C:\Users\info\Documents\GitHub\SsAtx\SsAtxController\SsAtxController\Output\Arduino_Zero__Native_USB_Port_\Debug/core\core.a(SERCOM.cpp.o)
                0x000028a6                SERCOM::enableUART()
 .text._ZN6SERCOM9flushUARTEv
                0x000028ba       0x14 C:\Users\info\Documents\GitHub\SsAtx\SsAtxController\SsAtxController\Output\Arduino_Zero__Native_USB_Port_\Debug/core\core.a(SERCOM.cpp.o)
                0x000028ba                SERCOM::flushUART()
 .text._ZN6SERCOM15clearStatusUARTEv
                0x000028ce        0x8 C:\Users\info\Documents\GitHub\SsAtx\SsAtxController\SsAtxController\Output\Arduino_Zero__Native_USB_Port_\Debug/core\core.a(SERCOM.cpp.o)
                0x000028ce                SERCOM::clearStatusUART()
 .text._ZN6SERCOM17availableDataUARTEv
                0x000028d6        0xa C:\Users\info\Documents\GitHub\SsAtx\SsAtxController\SsAtxController\Output\Arduino_Zero__Native_USB_Port_\Debug/core\core.a(SERCOM.cpp.o)
                0x000028d6                SERCOM::availableDataUART()
 .text._ZN6SERCOM11isUARTErrorEv
                0x000028e0        0x8 C:\Users\info\Documents\GitHub\SsAtx\SsAtxController\SsAtxController\Output\Arduino_Zero__Native_USB_Port_\Debug/core\core.a(SERCOM.cpp.o)
                0x000028e0                SERCOM::isUARTError()
 .text._ZN6SERCOM20acknowledgeUARTErrorEv
                0x000028e8        0xe C:\Users\info\Documents\GitHub\SsAtx\SsAtxController\SsAtxController\Output\Arduino_Zero__Native_USB_Port_\Debug/core\core.a(SERCOM.cpp.o)
                0x000028e8                SERCOM::acknowledgeUARTError()
 .text._ZN6SERCOM16isFrameErrorUARTEv
                0x000028f6        0xa C:\Users\info\Documents\GitHub\SsAtx\SsAtxController\SsAtxController\Output\Arduino_Zero__Native_USB_Port_\Debug/core\core.a(SERCOM.cpp.o)
                0x000028f6                SERCOM::isFrameErrorUART()
 .text._ZN6SERCOM19clearFrameErrorUARTEv
                0x00002900        0xc C:\Users\info\Documents\GitHub\SsAtx\SsAtxController\SsAtxController\Output\Arduino_Zero__Native_USB_Port_\Debug/core\core.a(SERCOM.cpp.o)
                0x00002900                SERCOM::clearFrameErrorUART()
 .text._ZN6SERCOM23isDataRegisterEmptyUARTEv
                0x0000290c        0xa C:\Users\info\Documents\GitHub\SsAtx\SsAtxController\SsAtxController\Output\Arduino_Zero__Native_USB_Port_\Debug/core\core.a(SERCOM.cpp.o)
                0x0000290c                SERCOM::isDataRegisterEmptyUART()
 .text._ZN6SERCOM12readDataUARTEv
                0x00002916        0x8 C:\Users\info\Documents\GitHub\SsAtx\SsAtxController\SsAtxController\Output\Arduino_Zero__Native_USB_Port_\Debug/core\core.a(SERCOM.cpp.o)
                0x00002916                SERCOM::readDataUART()
 .text._ZN6SERCOM13writeDataUARTEh
                0x0000291e       0x14 C:\Users\info\Documents\GitHub\SsAtx\SsAtxController\SsAtxController\Output\Arduino_Zero__Native_USB_Port_\Debug/core\core.a(SERCOM.cpp.o)
                0x0000291e                SERCOM::writeDataUART(unsigned char)
 .text._ZN6SERCOM36enableDataRegisterEmptyInterruptUARTEv
                0x00002932        0x8 C:\Users\info\Documents\GitHub\SsAtx\SsAtxController\SsAtxController\Output\Arduino_Zero__Native_USB_Port_\Debug/core\core.a(SERCOM.cpp.o)
                0x00002932                SERCOM::enableDataRegisterEmptyInterruptUART()
 .text._ZN6SERCOM37disableDataRegisterEmptyInterruptUARTEv
                0x0000293a        0x8 C:\Users\info\Documents\GitHub\SsAtx\SsAtxController\SsAtxController\Output\Arduino_Zero__Native_USB_Port_\Debug/core\core.a(SERCOM.cpp.o)
                0x0000293a                SERCOM::disableDataRegisterEmptyInterruptUART()
 *fill*         0x00002942        0x2 
 .text._ZN6SERCOM13initClockNVICEv
                0x00002944       0xa8 C:\Users\info\Documents\GitHub\SsAtx\SsAtxController\SsAtxController\Output\Arduino_Zero__Native_USB_Port_\Debug/core\core.a(SERCOM.cpp.o)
                0x00002944                SERCOM::initClockNVIC()
 .text._ZN6SERCOM8initUARTE14SercomUartMode20SercomUartSampleRatem
                0x000029ec       0x6c C:\Users\info\Documents\GitHub\SsAtx\SsAtxController\SsAtxController\Output\Arduino_Zero__Native_USB_Port_\Debug/core\core.a(SERCOM.cpp.o)
                0x000029ec                SERCOM::initUART(SercomUartMode, SercomUartSampleRate, unsigned long)
 .text._ZN4UartcvbEv
                0x00002a58        0x4 C:\Users\info\Documents\GitHub\SsAtx\SsAtxController\SsAtxController\Output\Arduino_Zero__Native_USB_Port_\Debug/core\core.a(Uart.cpp.o)
                0x00002a58                Uart::operator bool()
 .text._ZN4Uart5beginEm
                0x00002a5c       0x10 C:\Users\info\Documents\GitHub\SsAtx\SsAtxController\SsAtxController\Output\Arduino_Zero__Native_USB_Port_\Debug/core\core.a(Uart.cpp.o)
                0x00002a5c                Uart::begin(unsigned long)
 .text._ZN4Uart9availableEv
                0x00002a6c        0x6 C:\Users\info\Documents\GitHub\SsAtx\SsAtxController\SsAtxController\Output\Arduino_Zero__Native_USB_Port_\Debug/core\core.a(Uart.cpp.o)
                0x00002a6c                Uart::available()
 .text._ZN4Uart17availableForWriteEv
                0x00002a72       0x10 C:\Users\info\Documents\GitHub\SsAtx\SsAtxController\SsAtxController\Output\Arduino_Zero__Native_USB_Port_\Debug/core\core.a(Uart.cpp.o)
                0x00002a72                Uart::availableForWrite()
 .text._ZN4Uart4peekEv
                0x00002a82       0x18 C:\Users\info\Documents\GitHub\SsAtx\SsAtxController\SsAtxController\Output\Arduino_Zero__Native_USB_Port_\Debug/core\core.a(Uart.cpp.o)
                0x00002a82                Uart::peek()
 .text._ZN4Uart3endEv
                0x00002a9a       0x24 C:\Users\info\Documents\GitHub\SsAtx\SsAtxController\SsAtxController\Output\Arduino_Zero__Native_USB_Port_\Debug/core\core.a(Uart.cpp.o)
                0x00002a9a                Uart::end()
 .text._ZN4Uart5flushEv
                0x00002abe       0x16 C:\Users\info\Documents\GitHub\SsAtx\SsAtxController\SsAtxController\Output\Arduino_Zero__Native_USB_Port_\Debug/core\core.a(Uart.cpp.o)
                0x00002abe                Uart::flush()
 .text._ZN7__GuardD2Ev
                0x00002ad4        0xe C:\Users\info\Documents\GitHub\SsAtx\SsAtxController\SsAtxController\Output\Arduino_Zero__Native_USB_Port_\Debug/core\core.a(Uart.cpp.o)
                0x00002ad4                __Guard::~__Guard()
                0x00002ad4                __Guard::~__Guard()
 .text._ZN4Uart16extractNbStopBitEt
                0x00002ae2        0xc C:\Users\info\Documents\GitHub\SsAtx\SsAtxController\SsAtxController\Output\Arduino_Zero__Native_USB_Port_\Debug/core\core.a(Uart.cpp.o)
                0x00002ae2                Uart::extractNbStopBit(unsigned short)
 .text._ZN4Uart15extractCharSizeEt
                0x00002aee       0x28 C:\Users\info\Documents\GitHub\SsAtx\SsAtxController\SsAtxController\Output\Arduino_Zero__Native_USB_Port_\Debug/core\core.a(Uart.cpp.o)
                0x00002aee                Uart::extractCharSize(unsigned short)
 .text._ZN4Uart13extractParityEt
                0x00002b16       0x14 C:\Users\info\Documents\GitHub\SsAtx\SsAtxController\SsAtxController\Output\Arduino_Zero__Native_USB_Port_\Debug/core\core.a(Uart.cpp.o)
                0x00002b16                Uart::extractParity(unsigned short)
 *fill*         0x00002b2a        0x2 
 .text._ZN4Uart5beginEmt
                0x00002b2c       0xf8 C:\Users\info\Documents\GitHub\SsAtx\SsAtxController\SsAtxController\Output\Arduino_Zero__Native_USB_Port_\Debug/core\core.a(Uart.cpp.o)
                0x00002b2c                Uart::begin(unsigned long, unsigned short)
 .text._ZN7arduino11RingBufferNILi256EEC2Ev
                0x00002c24       0x1e C:\Users\info\Documents\GitHub\SsAtx\SsAtxController\SsAtxController\Output\Arduino_Zero__Native_USB_Port_\Debug/core\core.a(Uart.cpp.o)
                0x00002c24                arduino::RingBufferN<256>::RingBufferN()
                0x00002c24                arduino::RingBufferN<256>::RingBufferN()
 *fill*         0x00002c42        0x2 
 .text._ZN4UartC2EP6SERCOMhh11SercomRXPad15SercomUartTXPad
                0x00002c44       0x74 C:\Users\info\Documents\GitHub\SsAtx\SsAtxController\SsAtxController\Output\Arduino_Zero__Native_USB_Port_\Debug/core\core.a(Uart.cpp.o)
                0x00002c44                Uart::Uart(SERCOM*, unsigned char, unsigned char, SercomRXPad, SercomUartTXPad)
                0x00002c44                Uart::Uart(SERCOM*, unsigned char, unsigned char, SercomRXPad, SercomUartTXPad)
 .text._ZN7arduino15SafeRingBufferNILi256EE10store_charEh
                0x00002cb8       0x4a C:\Users\info\Documents\GitHub\SsAtx\SsAtxController\SsAtxController\Output\Arduino_Zero__Native_USB_Port_\Debug/core\core.a(Uart.cpp.o)
                0x00002cb8                arduino::SafeRingBufferN<256>::store_char(unsigned char)
 .text._ZN7arduino15SafeRingBufferNILi256EE9read_charEv
                0x00002d02       0x50 C:\Users\info\Documents\GitHub\SsAtx\SsAtxController\SsAtxController\Output\Arduino_Zero__Native_USB_Port_\Debug/core\core.a(Uart.cpp.o)
                0x00002d02                arduino::SafeRingBufferN<256>::read_char()
 .text._ZN4Uart10IrqHandlerEv
                0x00002d52       0xa4 C:\Users\info\Documents\GitHub\SsAtx\SsAtxController\SsAtxController\Output\Arduino_Zero__Native_USB_Port_\Debug/core\core.a(Uart.cpp.o)
                0x00002d52                Uart::IrqHandler()
 *fill*         0x00002df6        0x2 
 .text._ZN4Uart5writeEh
                0x00002df8       0x9c C:\Users\info\Documents\GitHub\SsAtx\SsAtxController\SsAtxController\Output\Arduino_Zero__Native_USB_Port_\Debug/core\core.a(Uart.cpp.o)
                0x00002df8                Uart::write(unsigned char)
 .text._ZN4Uart4readEv
                0x00002e94       0x34 C:\Users\info\Documents\GitHub\SsAtx\SsAtxController\SsAtxController\Output\Arduino_Zero__Native_USB_Port_\Debug/core\core.a(Uart.cpp.o)
                0x00002e94                Uart::read()
 .text._ZN7arduino5Print5writeEPKhj
                0x00002ec8       0x28 C:\Users\info\Documents\GitHub\SsAtx\SsAtxController\SsAtxController\Output\Arduino_Zero__Native_USB_Port_\Debug/core\core.a(Print.cpp.o)
                0x00002ec8                arduino::Print::write(unsigned char const*, unsigned int)
 .text.initVariant
                0x00002ef0        0x2 C:\Users\info\Documents\GitHub\SsAtx\SsAtxController\SsAtxController\Output\Arduino_Zero__Native_USB_Port_\Debug/core\core.a(main.cpp.o)
                0x00002ef0                initVariant
 *fill*         0x00002ef2        0x2 
 .text.startup.main
                0x00002ef4       0x40 C:\Users\info\Documents\GitHub\SsAtx\SsAtxController\SsAtxController\Output\Arduino_Zero__Native_USB_Port_\Debug/core\core.a(main.cpp.o)
                0x00002ef4                main
 .text._ZN26DoubleBufferedEPOutHandlerD2Ev
                0x00002f34        0x2 C:\Users\info\Documents\GitHub\SsAtx\SsAtxController\SsAtxController\Output\Arduino_Zero__Native_USB_Port_\Debug/core\core.a(USBCore.cpp.o)
                0x00002f34                DoubleBufferedEPOutHandler::~DoubleBufferedEPOutHandler()
                0x00002f34                DoubleBufferedEPOutHandler::~DoubleBufferedEPOutHandler()
 .text._ZN26DoubleBufferedEPOutHandlerD0Ev
                0x00002f36        0xc C:\Users\info\Documents\GitHub\SsAtx\SsAtxController\SsAtxController\Output\Arduino_Zero__Native_USB_Port_\Debug/core\core.a(USBCore.cpp.o)
                0x00002f36                DoubleBufferedEPOutHandler::~DoubleBufferedEPOutHandler()
 *fill*         0x00002f42        0x2 
 .text._ZN14USBDeviceClass6initEPEmm.part.7
                0x00002f44       0xc4 C:\Users\info\Documents\GitHub\SsAtx\SsAtxController\SsAtxController\Output\Arduino_Zero__Native_USB_Port_\Debug/core\core.a(USBCore.cpp.o)
 .text._ZN7__GuardC2Ev
                0x00003008        0xe C:\Users\info\Documents\GitHub\SsAtx\SsAtxController\SsAtxController\Output\Arduino_Zero__Native_USB_Port_\Debug/core\core.a(USBCore.cpp.o)
                0x00003008                __Guard::__Guard()
                0x00003008                __Guard::__Guard()
 .text._ZNK26DoubleBufferedEPOutHandler10_availableEv
                0x00003016       0x70 C:\Users\info\Documents\GitHub\SsAtx\SsAtxController\SsAtxController\Output\Arduino_Zero__Native_USB_Port_\Debug/core\core.a(USBCore.cpp.o)
                0x00003016                DoubleBufferedEPOutHandler::_available() const
 *fill*         0x00003086        0x2 
 .text._ZN26DoubleBufferedEPOutHandler7releaseEv
                0x00003088       0x38 C:\Users\info\Documents\GitHub\SsAtx\SsAtxController\SsAtxController\Output\Arduino_Zero__Native_USB_Port_\Debug/core\core.a(USBCore.cpp.o)
                0x00003088                DoubleBufferedEPOutHandler::release()
 .text._ZN26DoubleBufferedEPOutHandler14handleEndpointEv
                0x000030c0       0xe2 C:\Users\info\Documents\GitHub\SsAtx\SsAtxController\SsAtxController\Output\Arduino_Zero__Native_USB_Port_\Debug/core\core.a(USBCore.cpp.o)
                0x000030c0                DoubleBufferedEPOutHandler::handleEndpoint()
 .text._ZN14USBDeviceClass14SendInterfacesEPm
                0x000031a2       0x20 C:\Users\info\Documents\GitHub\SsAtx\SsAtxController\SsAtxController\Output\Arduino_Zero__Native_USB_Port_\Debug/core\core.a(USBCore.cpp.o)
                0x000031a2                USBDeviceClass::SendInterfaces(unsigned long*)
 *fill*         0x000031c2        0x2 
 .text._ZN14USBDeviceClass6attachEv
                0x000031c4       0x34 C:\Users\info\Documents\GitHub\SsAtx\SsAtxController\SsAtxController\Output\Arduino_Zero__Native_USB_Port_\Debug/core\core.a(USBCore.cpp.o)
                0x000031c4                USBDeviceClass::attach()
 .text._ZN14USBDeviceClass10setAddressEm
                0x000031f8       0x48 C:\Users\info\Documents\GitHub\SsAtx\SsAtxController\SsAtxController\Output\Arduino_Zero__Native_USB_Port_\Debug/core\core.a(USBCore.cpp.o)
                0x000031f8                USBDeviceClass::setAddress(unsigned long)
 .text._ZN14USBDeviceClass25handleClassInterfaceSetupERN7arduino8USBSetupE
                0x00003240       0x24 C:\Users\info\Documents\GitHub\SsAtx\SsAtxController\SsAtxController\Output\Arduino_Zero__Native_USB_Port_\Debug/core\core.a(USBCore.cpp.o)
                0x00003240                USBDeviceClass::handleClassInterfaceSetup(arduino::USBSetup&)
 .text._ZN14USBDeviceClass6initEPEmm
                0x00003264      0x10c C:\Users\info\Documents\GitHub\SsAtx\SsAtxController\SsAtxController\Output\Arduino_Zero__Native_USB_Port_\Debug/core\core.a(USBCore.cpp.o)
                0x00003264                USBDeviceClass::initEP(unsigned long, unsigned long)
 .text._ZN14USBDeviceClass13initEndpointsEv
                0x00003370       0x24 C:\Users\info\Documents\GitHub\SsAtx\SsAtxController\SsAtxController\Output\Arduino_Zero__Native_USB_Port_\Debug/core\core.a(USBCore.cpp.o)
                0x00003370                USBDeviceClass::initEndpoints()
 .text._ZN14USBDeviceClass5clearEm
                0x00003394       0x38 C:\Users\info\Documents\GitHub\SsAtx\SsAtxController\SsAtxController\Output\Arduino_Zero__Native_USB_Port_\Debug/core\core.a(USBCore.cpp.o)
                0x00003394                USBDeviceClass::clear(unsigned long)
 .text._ZN14USBDeviceClass9availableEm
                0x000033cc       0x2c C:\Users\info\Documents\GitHub\SsAtx\SsAtxController\SsAtxController\Output\Arduino_Zero__Native_USB_Port_\Debug/core\core.a(USBCore.cpp.o)
                0x000033cc                USBDeviceClass::available(unsigned long)
 .text._ZN14USBDeviceClass5flushEm
                0x000033f8       0x2c C:\Users\info\Documents\GitHub\SsAtx\SsAtxController\SsAtxController\Output\Arduino_Zero__Native_USB_Port_\Debug/core\core.a(USBCore.cpp.o)
                0x000033f8                USBDeviceClass::flush(unsigned long)
 .text._ZN14USBDeviceClass4recvEmPvm
                0x00003424       0xdc C:\Users\info\Documents\GitHub\SsAtx\SsAtxController\SsAtxController\Output\Arduino_Zero__Native_USB_Port_\Debug/core\core.a(USBCore.cpp.o)
                0x00003424                USBDeviceClass::recv(unsigned long, void*, unsigned long)
 .text._ZN14USBDeviceClass4recvEm
                0x00003500       0x1c C:\Users\info\Documents\GitHub\SsAtx\SsAtxController\SsAtxController\Output\Arduino_Zero__Native_USB_Port_\Debug/core\core.a(USBCore.cpp.o)
                0x00003500                USBDeviceClass::recv(unsigned long)
 .text._ZN14USBDeviceClass14armRecvCtrlOUTEm
                0x0000351c       0x5c C:\Users\info\Documents\GitHub\SsAtx\SsAtxController\SsAtxController\Output\Arduino_Zero__Native_USB_Port_\Debug/core\core.a(USBCore.cpp.o)
                0x0000351c                USBDeviceClass::armRecvCtrlOUT(unsigned long)
 .text._ZN14USBDeviceClass11recvControlEPvm
                0x00003578       0x28 C:\Users\info\Documents\GitHub\SsAtx\SsAtxController\SsAtxController\Output\Arduino_Zero__Native_USB_Port_\Debug/core\core.a(USBCore.cpp.o)
                0x00003578                USBDeviceClass::recvControl(void*, unsigned long)
 .text._ZN14USBDeviceClass4sendEmPKvm
                0x000035a0      0x124 C:\Users\info\Documents\GitHub\SsAtx\SsAtxController\SsAtxController\Output\Arduino_Zero__Native_USB_Port_\Debug/core\core.a(USBCore.cpp.o)
                0x000035a0                USBDeviceClass::send(unsigned long, void const*, unsigned long)
 .text._ZN14USBDeviceClass7armSendEmPKvm
                0x000036c4       0x48 C:\Users\info\Documents\GitHub\SsAtx\SsAtxController\SsAtxController\Output\Arduino_Zero__Native_USB_Port_\Debug/core\core.a(USBCore.cpp.o)
                0x000036c4                USBDeviceClass::armSend(unsigned long, void const*, unsigned long)
 .text._ZN14USBDeviceClass11sendControlEPKvm
                0x0000370c       0x54 C:\Users\info\Documents\GitHub\SsAtx\SsAtxController\SsAtxController\Output\Arduino_Zero__Native_USB_Port_\Debug/core\core.a(USBCore.cpp.o)
                0x0000370c                USBDeviceClass::sendControl(void const*, unsigned long)
 .text._ZN14USBDeviceClass20sendStringDescriptorEPKhm
                0x00003760       0x64 C:\Users\info\Documents\GitHub\SsAtx\SsAtxController\SsAtxController\Output\Arduino_Zero__Native_USB_Port_\Debug/core\core.a(USBCore.cpp.o)
                0x00003760                USBDeviceClass::sendStringDescriptor(unsigned char const*, unsigned long)
 .text._ZN14USBDeviceClass17sendConfigurationEm
                0x000037c4       0x80 C:\Users\info\Documents\GitHub\SsAtx\SsAtxController\SsAtxController\Output\Arduino_Zero__Native_USB_Port_\Debug/core\core.a(USBCore.cpp.o)
                0x000037c4                USBDeviceClass::sendConfiguration(unsigned long)
 .text._ZN14USBDeviceClass14sendDescriptorERN7arduino8USBSetupE
                0x00003844       0xd8 C:\Users\info\Documents\GitHub\SsAtx\SsAtxController\SsAtxController\Output\Arduino_Zero__Native_USB_Port_\Debug/core\core.a(USBCore.cpp.o)
                0x00003844                USBDeviceClass::sendDescriptor(arduino::USBSetup&)
 .text._ZN14USBDeviceClass7sendZlpEm
                0x0000391c       0x18 C:\Users\info\Documents\GitHub\SsAtx\SsAtxController\SsAtxController\Output\Arduino_Zero__Native_USB_Port_\Debug/core\core.a(USBCore.cpp.o)
                0x0000391c                USBDeviceClass::sendZlp(unsigned long)
 .text._ZN14USBDeviceClass19handleStandardSetupERN7arduino8USBSetupE
                0x00003934       0xf0 C:\Users\info\Documents\GitHub\SsAtx\SsAtxController\SsAtxController\Output\Arduino_Zero__Native_USB_Port_\Debug/core\core.a(USBCore.cpp.o)
                0x00003934                USBDeviceClass::handleStandardSetup(arduino::USBSetup&)
 .text._ZN14USBDeviceClass10ISRHandlerEv
                0x00003a24      0x150 C:\Users\info\Documents\GitHub\SsAtx\SsAtxController\SsAtxController\Output\Arduino_Zero__Native_USB_Port_\Debug/core\core.a(USBCore.cpp.o)
                0x00003a24                USBDeviceClass::ISRHandler()
 .text.UDD_Handler
                0x00003b74       0x10 C:\Users\info\Documents\GitHub\SsAtx\SsAtxController\SsAtxController\Output\Arduino_Zero__Native_USB_Port_\Debug/core\core.a(USBCore.cpp.o)
                0x00003b74                UDD_Handler
 .text._ZN7arduino13PluggableUSB_C2Ev
                0x00003b84       0x10 C:\Users\info\Documents\GitHub\SsAtx\SsAtxController\SsAtxController\Output\Arduino_Zero__Native_USB_Port_\Debug/core\core.a(USBCore.cpp.o)
                0x00003b84                arduino::PluggableUSB_::PluggableUSB_()
                0x00003b84                arduino::PluggableUSB_::PluggableUSB_()
 .text._Z8epBufferj
                0x00003b94        0xc C:\Users\info\Documents\GitHub\SsAtx\SsAtxController\SsAtxController\Output\Arduino_Zero__Native_USB_Port_\Debug/core\core.a(USBCore.cpp.o)
                0x00003b94                epBuffer(unsigned int)
 .text._ZN7arduino11RingBufferNILi64EE10store_charEh
                0x00003ba0       0x1c C:\Users\info\Documents\GitHub\SsAtx\SsAtxController\SsAtxController\Output\Arduino_Zero__Native_USB_Port_\Debug/core\core.a(USBCore.cpp.o)
                0x00003ba0                arduino::RingBufferN<64>::store_char(unsigned char)
 .text._ZN26DoubleBufferedEPOutHandler5_recvEv
                0x00003bbc      0x15e C:\Users\info\Documents\GitHub\SsAtx\SsAtxController\SsAtxController\Output\Arduino_Zero__Native_USB_Port_\Debug/core\core.a(USBCore.cpp.o)
                0x00003bbc                DoubleBufferedEPOutHandler::_recv()
 .text._ZN26DoubleBufferedEPOutHandler9availableEv
                0x00003d1a        0xc C:\Users\info\Documents\GitHub\SsAtx\SsAtxController\SsAtxController\Output\Arduino_Zero__Native_USB_Port_\Debug/core\core.a(USBCore.cpp.o)
                0x00003d1a                DoubleBufferedEPOutHandler::available()
 .text._ZN26DoubleBufferedEPOutHandler4peekEv
                0x00003d26       0x1c C:\Users\info\Documents\GitHub\SsAtx\SsAtxController\SsAtxController\Output\Arduino_Zero__Native_USB_Port_\Debug/core\core.a(USBCore.cpp.o)
                0x00003d26                DoubleBufferedEPOutHandler::peek()
 .text._ZN26DoubleBufferedEPOutHandler4recvEPvm
                0x00003d42       0x60 C:\Users\info\Documents\GitHub\SsAtx\SsAtxController\SsAtxController\Output\Arduino_Zero__Native_USB_Port_\Debug/core\core.a(USBCore.cpp.o)
                0x00003d42                DoubleBufferedEPOutHandler::recv(void*, unsigned long)
 *fill*         0x00003da2        0x2 
 .text.startup._GLOBAL__sub_I_usbd
                0x00003da4       0x10 C:\Users\info\Documents\GitHub\SsAtx\SsAtxController\SsAtxController\Output\Arduino_Zero__Native_USB_Port_\Debug/core\core.a(USBCore.cpp.o)
 .text._ZN14USBDeviceClass4initEv
                0x00003db4      0x18c C:\Users\info\Documents\GitHub\SsAtx\SsAtxController\SsAtxController\Output\Arduino_Zero__Native_USB_Port_\Debug/core\core.a(USBCore.cpp.o)
                0x00003db4                USBDeviceClass::init()
 .text._ZN7arduino13PluggableUSB_12getInterfaceEPh
                0x00003f40       0x28 C:\Users\info\Documents\GitHub\SsAtx\SsAtxController\SsAtxController\Output\Arduino_Zero__Native_USB_Port_\Debug/core\core.a(PluggableUSB.cpp.o)
                0x00003f40                arduino::PluggableUSB_::getInterface(unsigned char*)
 .text._ZN7arduino13PluggableUSB_13getDescriptorERNS_8USBSetupE
                0x00003f68       0x20 C:\Users\info\Documents\GitHub\SsAtx\SsAtxController\SsAtxController\Output\Arduino_Zero__Native_USB_Port_\Debug/core\core.a(PluggableUSB.cpp.o)
                0x00003f68                arduino::PluggableUSB_::getDescriptor(arduino::USBSetup&)
 .text._ZN7arduino13PluggableUSB_12getShortNameEPc
                0x00003f88       0x1e C:\Users\info\Documents\GitHub\SsAtx\SsAtxController\SsAtxController\Output\Arduino_Zero__Native_USB_Port_\Debug/core\core.a(PluggableUSB.cpp.o)
                0x00003f88                arduino::PluggableUSB_::getShortName(char*)
 .text._ZN7arduino13PluggableUSB_5setupERNS_8USBSetupE
                0x00003fa6       0x20 C:\Users\info\Documents\GitHub\SsAtx\SsAtxController\SsAtxController\Output\Arduino_Zero__Native_USB_Port_\Debug/core\core.a(PluggableUSB.cpp.o)
                0x00003fa6                arduino::PluggableUSB_::setup(arduino::USBSetup&)
 .text._ZN7arduino13PluggableUSB_4plugEPNS_18PluggableUSBModuleE
                0x00003fc6       0x5c C:\Users\info\Documents\GitHub\SsAtx\SsAtxController\SsAtxController\Output\Arduino_Zero__Native_USB_Port_\Debug/core\core.a(PluggableUSB.cpp.o)
                0x00003fc6                arduino::PluggableUSB_::plug(arduino::PluggableUSBModule*)
 *fill*         0x00004022        0x2 
 .text._Z12PluggableUSBv
                0x00004024       0x24 C:\Users\info\Documents\GitHub\SsAtx\SsAtxController\SsAtxController\Output\Arduino_Zero__Native_USB_Port_\Debug/core\core.a(PluggableUSB.cpp.o)
                0x00004024                PluggableUSB()
 .text._Znwj    0x00004048        0x8 C:\Users\info\Documents\GitHub\SsAtx\SsAtxController\SsAtxController\Output\Arduino_Zero__Native_USB_Port_\Debug/core\core.a(new.cpp.o)
                0x00004048                operator new(unsigned int)
 .text._ZdlPv   0x00004050        0x8 C:\Users\info\Documents\GitHub\SsAtx\SsAtxController\SsAtxController\Output\Arduino_Zero__Native_USB_Port_\Debug/core\core.a(new.cpp.o)
                0x00004050                operator delete(void*)
 .text._ZN7Serial_13getDescriptorERN7arduino8USBSetupE
                0x00004058        0x4 C:\Users\info\Documents\GitHub\SsAtx\SsAtxController\SsAtxController\Output\Arduino_Zero__Native_USB_Port_\Debug/core\core.a(CDC.cpp.o)
                0x00004058                Serial_::getDescriptor(arduino::USBSetup&)
 .text._ZL5utox8mPc
                0x0000405c       0x24 C:\Users\info\Documents\GitHub\SsAtx\SsAtxController\SsAtxController\Output\Arduino_Zero__Native_USB_Port_\Debug/core\core.a(CDC.cpp.o)
 .text._ZN7Serial_12getShortNameEPc
                0x00004080       0x44 C:\Users\info\Documents\GitHub\SsAtx\SsAtxController\SsAtxController\Output\Arduino_Zero__Native_USB_Port_\Debug/core\core.a(CDC.cpp.o)
                0x00004080                Serial_::getShortName(char*)
 .text._ZThn16_N7Serial_12getShortNameEPc
                0x000040c4       0x10 C:\Users\info\Documents\GitHub\SsAtx\SsAtxController\SsAtxController\Output\Arduino_Zero__Native_USB_Port_\Debug/core\core.a(CDC.cpp.o)
                0x000040c4                non-virtual thunk to Serial_::getShortName(char*)
 .text._ZN7Serial_5beginEm
                0x000040d4        0x2 C:\Users\info\Documents\GitHub\SsAtx\SsAtxController\SsAtxController\Output\Arduino_Zero__Native_USB_Port_\Debug/core\core.a(CDC.cpp.o)
                0x000040d4                Serial_::begin(unsigned long)
 .text._ZN7Serial_5beginEmt
                0x000040d6        0x2 C:\Users\info\Documents\GitHub\SsAtx\SsAtxController\SsAtxController\Output\Arduino_Zero__Native_USB_Port_\Debug/core\core.a(CDC.cpp.o)
                0x000040d6                Serial_::begin(unsigned long, unsigned short)
 .text._ZN7Serial_17availableForWriteEv
                0x000040d8        0x4 C:\Users\info\Documents\GitHub\SsAtx\SsAtxController\SsAtxController\Output\Arduino_Zero__Native_USB_Port_\Debug/core\core.a(CDC.cpp.o)
                0x000040d8                Serial_::availableForWrite()
 .text._ZN7Serial_5writeEh
                0x000040dc       0x14 C:\Users\info\Documents\GitHub\SsAtx\SsAtxController\SsAtxController\Output\Arduino_Zero__Native_USB_Port_\Debug/core\core.a(CDC.cpp.o)
                0x000040dc                Serial_::write(unsigned char)
 .text._ZN7Serial_12getInterfaceEPh
                0x000040f0      0x11c C:\Users\info\Documents\GitHub\SsAtx\SsAtxController\SsAtxController\Output\Arduino_Zero__Native_USB_Port_\Debug/core\core.a(CDC.cpp.o)
                0x000040f0                Serial_::getInterface(unsigned char*)
 .text._ZThn16_N7Serial_12getInterfaceEPh
                0x0000420c       0x10 C:\Users\info\Documents\GitHub\SsAtx\SsAtxController\SsAtxController\Output\Arduino_Zero__Native_USB_Port_\Debug/core\core.a(CDC.cpp.o)
                0x0000420c                non-virtual thunk to Serial_::getInterface(unsigned char*)
 .text._ZN7Serial_5setupERN7arduino8USBSetupE
                0x0000421c       0x9c C:\Users\info\Documents\GitHub\SsAtx\SsAtxController\SsAtxController\Output\Arduino_Zero__Native_USB_Port_\Debug/core\core.a(CDC.cpp.o)
                0x0000421c                Serial_::setup(arduino::USBSetup&)
 .text._ZThn16_N7Serial_5setupERN7arduino8USBSetupE
                0x000042b8       0x10 C:\Users\info\Documents\GitHub\SsAtx\SsAtxController\SsAtxController\Output\Arduino_Zero__Native_USB_Port_\Debug/core\core.a(CDC.cpp.o)
                0x000042b8                non-virtual thunk to Serial_::setup(arduino::USBSetup&)
 .text._ZN7Serial_3endEv
                0x000042c8        0xe C:\Users\info\Documents\GitHub\SsAtx\SsAtxController\SsAtxController\Output\Arduino_Zero__Native_USB_Port_\Debug/core\core.a(CDC.cpp.o)
                0x000042c8                Serial_::end()
 *fill*         0x000042d6        0x2 
 .text._ZN7Serial_9availableEv
                0x000042d8       0x20 C:\Users\info\Documents\GitHub\SsAtx\SsAtxController\SsAtxController\Output\Arduino_Zero__Native_USB_Port_\Debug/core\core.a(CDC.cpp.o)
                0x000042d8                Serial_::available()
 .text._ZN7Serial_5flushEv
                0x000042f8        0xe C:\Users\info\Documents\GitHub\SsAtx\SsAtxController\SsAtxController\Output\Arduino_Zero__Native_USB_Port_\Debug/core\core.a(CDC.cpp.o)
                0x000042f8                Serial_::flush()
 .text._ZN7Serial_5clearEv
                0x00004306        0xe C:\Users\info\Documents\GitHub\SsAtx\SsAtxController\SsAtxController\Output\Arduino_Zero__Native_USB_Port_\Debug/core\core.a(CDC.cpp.o)
                0x00004306                Serial_::clear()
 .text._ZN7Serial_5writeEPKhj
                0x00004314       0x1e C:\Users\info\Documents\GitHub\SsAtx\SsAtxController\SsAtxController\Output\Arduino_Zero__Native_USB_Port_\Debug/core\core.a(CDC.cpp.o)
                0x00004314                Serial_::write(unsigned char const*, unsigned int)
 *fill*         0x00004332        0x2 
 .text._ZN7Serial_4peekEv
                0x00004334       0x1c C:\Users\info\Documents\GitHub\SsAtx\SsAtxController\SsAtxController\Output\Arduino_Zero__Native_USB_Port_\Debug/core\core.a(CDC.cpp.o)
                0x00004334                Serial_::peek()
 .text._ZN7Serial_4readEv
                0x00004350       0x24 C:\Users\info\Documents\GitHub\SsAtx\SsAtxController\SsAtxController\Output\Arduino_Zero__Native_USB_Port_\Debug/core\core.a(CDC.cpp.o)
                0x00004350                Serial_::read()
 .text._ZN7Serial_cvbEv
                0x00004374       0x26 C:\Users\info\Documents\GitHub\SsAtx\SsAtxController\SsAtxController\Output\Arduino_Zero__Native_USB_Port_\Debug/core\core.a(CDC.cpp.o)
                0x00004374                Serial_::operator bool()
 .text._ZThn16_N7Serial_13getDescriptorERN7arduino8USBSetupE
                0x0000439a        0x4 C:\Users\info\Documents\GitHub\SsAtx\SsAtxController\SsAtxController\Output\Arduino_Zero__Native_USB_Port_\Debug/core\core.a(CDC.cpp.o)
                0x0000439a                non-virtual thunk to Serial_::getDescriptor(arduino::USBSetup&)
 .text._ZN7Serial_14handleEndpointEi
                0x0000439e        0x2 C:\Users\info\Documents\GitHub\SsAtx\SsAtxController\SsAtxController\Output\Arduino_Zero__Native_USB_Port_\Debug/core\core.a(CDC.cpp.o)
                0x0000439e                Serial_::handleEndpoint(int)
 .text._ZN7Serial_C2ER14USBDeviceClass
                0x000043a0       0x5c C:\Users\info\Documents\GitHub\SsAtx\SsAtxController\SsAtxController\Output\Arduino_Zero__Native_USB_Port_\Debug/core\core.a(CDC.cpp.o)
                0x000043a0                Serial_::Serial_(USBDeviceClass&)
                0x000043a0                Serial_::Serial_(USBDeviceClass&)
 .text._ZN7Serial_15enableInterruptEv
                0x000043fc       0x30 C:\Users\info\Documents\GitHub\SsAtx\SsAtxController\SsAtxController\Output\Arduino_Zero__Native_USB_Port_\Debug/core\core.a(CDC.cpp.o)
                0x000043fc                Serial_::enableInterrupt()
 .text.startup._GLOBAL__sub_I__ZN7Serial_12getInterfaceEPh
                0x0000442c       0x14 C:\Users\info\Documents\GitHub\SsAtx\SsAtxController\SsAtxController\Output\Arduino_Zero__Native_USB_Port_\Debug/core\core.a(CDC.cpp.o)
 .text          0x00004440       0x14 c:/users/info/appdata/local/arduino15/packages/arduino/tools/arm-none-eabi-gcc/7-2017q4/bin/../lib/gcc/arm-none-eabi/7.2.1/thumb/v6-m\libgcc.a(_thumb1_case_uqi.o)
                0x00004440                __gnu_thumb1_case_uqi
 .text          0x00004454      0x114 c:/users/info/appdata/local/arduino15/packages/arduino/tools/arm-none-eabi-gcc/7-2017q4/bin/../lib/gcc/arm-none-eabi/7.2.1/thumb/v6-m\libgcc.a(_udivsi3.o)
                0x00004454                __aeabi_uidiv
                0x00004454                __udivsi3
                0x00004560                __aeabi_uidivmod
 .text          0x00004568        0x4 c:/users/info/appdata/local/arduino15/packages/arduino/tools/arm-none-eabi-gcc/7-2017q4/bin/../lib/gcc/arm-none-eabi/7.2.1/thumb/v6-m\libgcc.a(_dvmd_tls.o)
                0x00004568                __aeabi_idiv0
                0x00004568                __aeabi_ldiv0
 .text.__libc_init_array
                0x0000456c       0x48 c:/users/info/appdata/local/arduino15/packages/arduino/tools/arm-none-eabi-gcc/7-2017q4/bin/../lib/gcc/arm-none-eabi/7.2.1/../../../../arm-none-eabi/lib/thumb/v6-m\libc_nano.a(lib_a-init.o)
                0x0000456c                __libc_init_array
 .text.malloc   0x000045b4       0x14 c:/users/info/appdata/local/arduino15/packages/arduino/tools/arm-none-eabi-gcc/7-2017q4/bin/../lib/gcc/arm-none-eabi/7.2.1/../../../../arm-none-eabi/lib/thumb/v6-m\libc_nano.a(lib_a-malloc.o)
                0x000045b4                malloc
 .text.free     0x000045c8       0x14 c:/users/info/appdata/local/arduino15/packages/arduino/tools/arm-none-eabi-gcc/7-2017q4/bin/../lib/gcc/arm-none-eabi/7.2.1/../../../../arm-none-eabi/lib/thumb/v6-m\libc_nano.a(lib_a-malloc.o)
                0x000045c8                free
 .text.memcpy   0x000045dc       0x12 c:/users/info/appdata/local/arduino15/packages/arduino/tools/arm-none-eabi-gcc/7-2017q4/bin/../lib/gcc/arm-none-eabi/7.2.1/../../../../arm-none-eabi/lib/thumb/v6-m\libc_nano.a(lib_a-memcpy-stub.o)
                0x000045dc                memcpy
 .text.memset   0x000045ee       0x10 c:/users/info/appdata/local/arduino15/packages/arduino/tools/arm-none-eabi-gcc/7-2017q4/bin/../lib/gcc/arm-none-eabi/7.2.1/../../../../arm-none-eabi/lib/thumb/v6-m\libc_nano.a(lib_a-memset.o)
                0x000045ee                memset
 *fill*         0x000045fe        0x2 
 .text._free_r  0x00004600       0x94 c:/users/info/appdata/local/arduino15/packages/arduino/tools/arm-none-eabi-gcc/7-2017q4/bin/../lib/gcc/arm-none-eabi/7.2.1/../../../../arm-none-eabi/lib/thumb/v6-m\libc_nano.a(lib_a-nano-freer.o)
                0x00004600                _free_r
 .text._malloc_r
                0x00004694       0xbc c:/users/info/appdata/local/arduino15/packages/arduino/tools/arm-none-eabi-gcc/7-2017q4/bin/../lib/gcc/arm-none-eabi/7.2.1/../../../../arm-none-eabi/lib/thumb/v6-m\libc_nano.a(lib_a-nano-mallocr.o)
                0x00004694                _malloc_r
 .text._sbrk_r  0x00004750       0x24 c:/users/info/appdata/local/arduino15/packages/arduino/tools/arm-none-eabi-gcc/7-2017q4/bin/../lib/gcc/arm-none-eabi/7.2.1/../../../../arm-none-eabi/lib/thumb/v6-m\libc_nano.a(lib_a-sbrkr.o)
                0x00004750                _sbrk_r
 .text          0x00004774        0xe c:/users/info/appdata/local/arduino15/packages/arduino/tools/arm-none-eabi-gcc/7-2017q4/bin/../lib/gcc/arm-none-eabi/7.2.1/../../../../arm-none-eabi/lib/thumb/v6-m\libc_nano.a(lib_a-strlen.o)
                0x00004774                strlen
 .text.__malloc_lock
                0x00004782        0x2 c:/users/info/appdata/local/arduino15/packages/arduino/tools/arm-none-eabi-gcc/7-2017q4/bin/../lib/gcc/arm-none-eabi/7.2.1/../../../../arm-none-eabi/lib/thumb/v6-m\libc_nano.a(lib_a-mlock.o)
                0x00004782                __malloc_lock
 .text.__malloc_unlock
                0x00004784        0x2 c:/users/info/appdata/local/arduino15/packages/arduino/tools/arm-none-eabi-gcc/7-2017q4/bin/../lib/gcc/arm-none-eabi/7.2.1/../../../../arm-none-eabi/lib/thumb/v6-m\libc_nano.a(lib_a-mlock.o)
                0x00004784                __malloc_unlock
 *fill*         0x00004786        0x2 
 .text._sbrk    0x00004788       0x1c c:/users/info/appdata/local/arduino15/packages/arduino/tools/arm-none-eabi-gcc/7-2017q4/bin/../lib/gcc/arm-none-eabi/7.2.1/../../../../arm-none-eabi/lib/thumb/v6-m\libnosys.a(sbrk.o)
                0x00004788                _sbrk
 *(.init)
 .init          0x000047a4        0x4 c:/users/info/appdata/local/arduino15/packages/arduino/tools/arm-none-eabi-gcc/7-2017q4/bin/../lib/gcc/arm-none-eabi/7.2.1/thumb/v6-m/crti.o
                0x000047a4                _init
 .init          0x000047a8        0x8 c:/users/info/appdata/local/arduino15/packages/arduino/tools/arm-none-eabi-gcc/7-2017q4/bin/../lib/gcc/arm-none-eabi/7.2.1/thumb/v6-m/crtn.o
 *(.fini)
 .fini          0x000047b0        0x4 c:/users/info/appdata/local/arduino15/packages/arduino/tools/arm-none-eabi-gcc/7-2017q4/bin/../lib/gcc/arm-none-eabi/7.2.1/thumb/v6-m/crti.o
                0x000047b0                _fini
 .fini          0x000047b4        0x8 c:/users/info/appdata/local/arduino15/packages/arduino/tools/arm-none-eabi-gcc/7-2017q4/bin/../lib/gcc/arm-none-eabi/7.2.1/thumb/v6-m/crtn.o
 *crtbegin.o(.ctors)
 *crtbegin?.o(.ctors)
 *(EXCLUDE_FILE(*crtend.o *crtend?.o) .ctors)
 *(SORT_BY_NAME(.ctors.*))
 *(.ctors)
 *crtbegin.o(.dtors)
 *crtbegin?.o(.dtors)
 *(EXCLUDE_FILE(*crtend.o *crtend?.o) .dtors)
 *(SORT_BY_NAME(.dtors.*))
 *(.dtors)
 *(.rodata*)
 .rodata.g_APinDescription
                0x000047bc      0x450 C:\Users\info\Documents\GitHub\SsAtx\SsAtxController\SsAtxController\Output\Arduino_Zero__Native_USB_Port_\Debug\core\variant.cpp.o
                0x000047bc                g_APinDescription
 .rodata._ZTV4Uart
                0x00004c0c       0x34 C:\Users\info\Documents\GitHub\SsAtx\SsAtxController\SsAtxController\Output\Arduino_Zero__Native_USB_Port_\Debug/core\core.a(Uart.cpp.o)
                0x00004c0c                vtable for Uart
 .rodata._ZTV26DoubleBufferedEPOutHandler
                0x00004c40       0x24 C:\Users\info\Documents\GitHub\SsAtx\SsAtxController\SsAtxController\Output\Arduino_Zero__Native_USB_Port_\Debug/core\core.a(USBCore.cpp.o)
                0x00004c40                vtable for DoubleBufferedEPOutHandler
 .rodata._ZL14STRING_PRODUCT
                0x00004c64        0xd C:\Users\info\Documents\GitHub\SsAtx\SsAtxController\SsAtxController\Output\Arduino_Zero__Native_USB_Port_\Debug/core\core.a(USBCore.cpp.o)
 *fill*         0x00004c71        0x1 
 .rodata._ZL15STRING_LANGUAGE
                0x00004c72        0x4 C:\Users\info\Documents\GitHub\SsAtx\SsAtxController\SsAtxController\Output\Arduino_Zero__Native_USB_Port_\Debug/core\core.a(USBCore.cpp.o)
 .rodata._ZL19STRING_MANUFACTURER
                0x00004c76        0xc C:\Users\info\Documents\GitHub\SsAtx\SsAtxController\SsAtxController\Output\Arduino_Zero__Native_USB_Port_\Debug/core\core.a(USBCore.cpp.o)
 .rodata._ZL21USB_DeviceDescriptorB
                0x00004c82       0x12 C:\Users\info\Documents\GitHub\SsAtx\SsAtxController\SsAtxController\Output\Arduino_Zero__Native_USB_Port_\Debug/core\core.a(USBCore.cpp.o)
 .rodata        0x00004c94        0x8 C:\Users\info\Documents\GitHub\SsAtx\SsAtxController\SsAtxController\Output\Arduino_Zero__Native_USB_Port_\Debug/core\core.a(CDC.cpp.o)
 .rodata._ZTV7Serial_
                0x00004c9c       0x60 C:\Users\info\Documents\GitHub\SsAtx\SsAtxController\SsAtxController\Output\Arduino_Zero__Native_USB_Port_\Debug/core\core.a(CDC.cpp.o)
                0x00004c9c                vtable for Serial_
 *(.eh_frame*)
 .eh_frame      0x00004cfc        0x0 c:/users/info/appdata/local/arduino15/packages/arduino/tools/arm-none-eabi-gcc/7-2017q4/bin/../lib/gcc/arm-none-eabi/7.2.1/thumb/v6-m/crtbegin.o
 .eh_frame      0x00004cfc        0x4 c:/users/info/appdata/local/arduino15/packages/arduino/tools/arm-none-eabi-gcc/7-2017q4/bin/../lib/gcc/arm-none-eabi/7.2.1/thumb/v6-m/crtend.o

.glue_7         0x00004d00        0x0
 .glue_7        0x00004d00        0x0 linker stubs

.glue_7t        0x00004d00        0x0
 .glue_7t       0x00004d00        0x0 linker stubs

.vfp11_veneer   0x00004d00        0x0
 .vfp11_veneer  0x00004d00        0x0 linker stubs

.v4_bx          0x00004d00        0x0
 .v4_bx         0x00004d00        0x0 linker stubs

.iplt           0x00004d00        0x0
 .iplt          0x00004d00        0x0 c:/users/info/appdata/local/arduino15/packages/arduino/tools/arm-none-eabi-gcc/7-2017q4/bin/../lib/gcc/arm-none-eabi/7.2.1/thumb/v6-m/crtbegin.o

.rel.dyn        0x00004d00        0x0
 .rel.iplt      0x00004d00        0x0 c:/users/info/appdata/local/arduino15/packages/arduino/tools/arm-none-eabi-gcc/7-2017q4/bin/../lib/gcc/arm-none-eabi/7.2.1/thumb/v6-m/crtbegin.o

.ARM.extab
 *(.ARM.extab* .gnu.linkonce.armextab.*)
                0x00004d00                __exidx_start = .

.ARM.exidx
 *(.ARM.exidx* .gnu.linkonce.armexidx.*)
                0x00004d00                __exidx_end = .
                0x00004d00                __etext = .

.data           0x20000000       0x90 load address 0x00004d00
                0x20000000                __data_start__ = .
 *(vtable)
 *(.data*)
 .data.SystemCoreClock
                0x20000000        0x4 C:\Users\info\Documents\GitHub\SsAtx\SsAtxController\SsAtxController\Output\Arduino_Zero__Native_USB_Port_\Debug/core\core.a(wiring.c.o)
                0x20000000                SystemCoreClock
 .data._ZL5ticks
                0x20000004        0x4 C:\Users\info\Documents\GitHub\SsAtx\SsAtxController\SsAtxController\Output\Arduino_Zero__Native_USB_Port_\Debug/core\core.a(Reset.cpp.o)
 .data._ZL10breakValue
                0x20000008        0x4 C:\Users\info\Documents\GitHub\SsAtx\SsAtxController\SsAtxController\Output\Arduino_Zero__Native_USB_Port_\Debug/core\core.a(CDC.cpp.o)
 .data._serialPeek
                0x2000000c        0x4 C:\Users\info\Documents\GitHub\SsAtx\SsAtxController\SsAtxController\Output\Arduino_Zero__Native_USB_Port_\Debug/core\core.a(CDC.cpp.o)
                0x2000000c                _serialPeek
 .data._impure_ptr
                0x20000010        0x4 c:/users/info/appdata/local/arduino15/packages/arduino/tools/arm-none-eabi-gcc/7-2017q4/bin/../lib/gcc/arm-none-eabi/7.2.1/../../../../arm-none-eabi/lib/thumb/v6-m\libc_nano.a(lib_a-impure.o)
                0x20000010                _impure_ptr
 .data.impure_data
                0x20000014       0x60 c:/users/info/appdata/local/arduino15/packages/arduino/tools/arm-none-eabi-gcc/7-2017q4/bin/../lib/gcc/arm-none-eabi/7.2.1/../../../../arm-none-eabi/lib/thumb/v6-m\libc_nano.a(lib_a-impure.o)
                0x20000074                . = ALIGN (0x4)
                0x20000074                PROVIDE (__preinit_array_start, .)
 *(.preinit_array)
                0x20000074                PROVIDE (__preinit_array_end, .)
                0x20000074                . = ALIGN (0x4)
                0x20000074                PROVIDE (__init_array_start, .)
 *(SORT_BY_NAME(.init_array.*))
 *(.init_array)
 .init_array    0x20000074        0x4 c:/users/info/appdata/local/arduino15/packages/arduino/tools/arm-none-eabi-gcc/7-2017q4/bin/../lib/gcc/arm-none-eabi/7.2.1/thumb/v6-m/crtbegin.o
 .init_array    0x20000078        0x4 C:\Users\info\Documents\GitHub\SsAtx\SsAtxController\SsAtxController\Output\Arduino_Zero__Native_USB_Port_\Debug\core\variant.cpp.o
 .init_array    0x2000007c        0x4 C:\Users\info\Documents\GitHub\SsAtx\SsAtxController\SsAtxController\Output\Arduino_Zero__Native_USB_Port_\Debug/core\core.a(USBCore.cpp.o)
 .init_array    0x20000080        0x4 C:\Users\info\Documents\GitHub\SsAtx\SsAtxController\SsAtxController\Output\Arduino_Zero__Native_USB_Port_\Debug/core\core.a(CDC.cpp.o)
                0x20000084                PROVIDE (__init_array_end, .)
                0x20000084                . = ALIGN (0x4)
                [!provide]                PROVIDE (__fini_array_start, .)
 *(SORT_BY_NAME(.fini_array.*))
 *(.fini_array)
 .fini_array    0x20000084        0x4 c:/users/info/appdata/local/arduino15/packages/arduino/tools/arm-none-eabi-gcc/7-2017q4/bin/../lib/gcc/arm-none-eabi/7.2.1/thumb/v6-m/crtbegin.o
                [!provide]                PROVIDE (__fini_array_end, .)
 *(.jcr*)
                0x20000090                . = ALIGN (0x10)
 *fill*         0x20000088        0x8 
                0x20000090                __data_end__ = .

.igot.plt       0x20000090        0x0 load address 0x00004d90
 .igot.plt      0x20000090        0x0 c:/users/info/appdata/local/arduino15/packages/arduino/tools/arm-none-eabi-gcc/7-2017q4/bin/../lib/gcc/arm-none-eabi/7.2.1/thumb/v6-m/crtbegin.o

.bss            0x20000090      0xb1c load address 0x00004d90
                0x20000090                . = ALIGN (0x4)
                0x20000090                __bss_start__ = .
 *(.bss*)
 .bss           0x20000090       0x1c c:/users/info/appdata/local/arduino15/packages/arduino/tools/arm-none-eabi-gcc/7-2017q4/bin/../lib/gcc/arm-none-eabi/7.2.1/thumb/v6-m/crtbegin.o
 .bss.Serial    0x200000ac      0x244 C:\Users\info\Documents\GitHub\SsAtx\SsAtxController\SsAtxController\Output\Arduino_Zero__Native_USB_Port_\Debug\core\variant.cpp.o
                0x200000ac                Serial
 .bss.Serial1   0x200002f0      0x244 C:\Users\info\Documents\GitHub\SsAtx\SsAtxController\SsAtxController\Output\Arduino_Zero__Native_USB_Port_\Debug\core\variant.cpp.o
                0x200002f0                Serial1
 .bss.sercom0   0x20000534        0x8 C:\Users\info\Documents\GitHub\SsAtx\SsAtxController\SsAtxController\Output\Arduino_Zero__Native_USB_Port_\Debug\core\variant.cpp.o
                0x20000534                sercom0
 .bss.sercom1   0x2000053c        0x8 C:\Users\info\Documents\GitHub\SsAtx\SsAtxController\SsAtxController\Output\Arduino_Zero__Native_USB_Port_\Debug\core\variant.cpp.o
                0x2000053c                sercom1
 .bss.sercom2   0x20000544        0x8 C:\Users\info\Documents\GitHub\SsAtx\SsAtxController\SsAtxController\Output\Arduino_Zero__Native_USB_Port_\Debug\core\variant.cpp.o
                0x20000544                sercom2
 .bss.sercom3   0x2000054c        0x8 C:\Users\info\Documents\GitHub\SsAtx\SsAtxController\SsAtxController\Output\Arduino_Zero__Native_USB_Port_\Debug\core\variant.cpp.o
                0x2000054c                sercom3
 .bss.sercom4   0x20000554        0x8 C:\Users\info\Documents\GitHub\SsAtx\SsAtxController\SsAtxController\Output\Arduino_Zero__Native_USB_Port_\Debug\core\variant.cpp.o
                0x20000554                sercom4
 .bss.sercom5   0x2000055c        0x8 C:\Users\info\Documents\GitHub\SsAtx\SsAtxController\SsAtxController\Output\Arduino_Zero__Native_USB_Port_\Debug\core\variant.cpp.o
                0x2000055c                sercom5
 .bss.usb_isr   0x20000564        0x4 C:\Users\info\Documents\GitHub\SsAtx\SsAtxController\SsAtxController\Output\Arduino_Zero__Native_USB_Port_\Debug/core\core.a(cortex_handlers.c.o)
 .bss._ulTickCount
                0x20000568        0x4 C:\Users\info\Documents\GitHub\SsAtx\SsAtxController\SsAtxController\Output\Arduino_Zero__Native_USB_Port_\Debug/core\core.a(delay.c.o)
 .bss.EndPoints
                0x2000056c       0x28 C:\Users\info\Documents\GitHub\SsAtx\SsAtxController\SsAtxController\Output\Arduino_Zero__Native_USB_Port_\Debug/core\core.a(USBCore.cpp.o)
                0x2000056c                EndPoints
 .bss.USBDevice
                0x20000594        0x1 C:\Users\info\Documents\GitHub\SsAtx\SsAtxController\SsAtxController\Output\Arduino_Zero__Native_USB_Port_\Debug/core\core.a(USBCore.cpp.o)
                0x20000594                USBDevice
 *fill*         0x20000595        0x3 
 .bss._ZL10epHandlers
                0x20000598       0x1c C:\Users\info\Documents\GitHub\SsAtx\SsAtxController\SsAtxController\Output\Arduino_Zero__Native_USB_Port_\Debug/core\core.a(USBCore.cpp.o)
 .bss._ZL10rxLEDPulse
                0x200005b4        0x1 C:\Users\info\Documents\GitHub\SsAtx\SsAtxController\SsAtxController\Output\Arduino_Zero__Native_USB_Port_\Debug/core\core.a(USBCore.cpp.o)
 .bss._ZL10txLEDPulse
                0x200005b5        0x1 C:\Users\info\Documents\GitHub\SsAtx\SsAtxController\SsAtxController\Output\Arduino_Zero__Native_USB_Port_\Debug/core\core.a(USBCore.cpp.o)
 .bss._ZL14isEndpointHalt
                0x200005b6        0x1 C:\Users\info\Documents\GitHub\SsAtx\SsAtxController\SsAtxController\Output\Arduino_Zero__Native_USB_Port_\Debug/core\core.a(USBCore.cpp.o)
 .bss._ZL20LastTransmitTimedOut
                0x200005b7        0x7 C:\Users\info\Documents\GitHub\SsAtx\SsAtxController\SsAtxController\Output\Arduino_Zero__Native_USB_Port_\Debug/core\core.a(USBCore.cpp.o)
 .bss._ZL21isRemoteWakeUpEnabled
                0x200005be        0x1 C:\Users\info\Documents\GitHub\SsAtx\SsAtxController\SsAtxController\Output\Arduino_Zero__Native_USB_Port_\Debug/core\core.a(USBCore.cpp.o)
 *fill*         0x200005bf        0x1 
 .bss._ZL22udd_ep_in_cache_buffer
                0x200005c0      0x1c0 C:\Users\info\Documents\GitHub\SsAtx\SsAtxController\SsAtxController\Output\Arduino_Zero__Native_USB_Port_\Debug/core\core.a(USBCore.cpp.o)
 .bss._ZL23udd_ep_out_cache_buffer
                0x20000780      0x1c0 C:\Users\info\Documents\GitHub\SsAtx\SsAtxController\SsAtxController\Output\Arduino_Zero__Native_USB_Port_\Debug/core\core.a(USBCore.cpp.o)
 .bss._dry_run  0x20000940        0x1 C:\Users\info\Documents\GitHub\SsAtx\SsAtxController\SsAtxController\Output\Arduino_Zero__Native_USB_Port_\Debug/core\core.a(USBCore.cpp.o)
                0x20000940                _dry_run
 .bss._pack_buffer
                0x20000941      0x100 C:\Users\info\Documents\GitHub\SsAtx\SsAtxController\SsAtxController\Output\Arduino_Zero__Native_USB_Port_\Debug/core\core.a(USBCore.cpp.o)
                0x20000941                _pack_buffer
 .bss._pack_message
                0x20000a41        0x1 C:\Users\info\Documents\GitHub\SsAtx\SsAtxController\SsAtxController\Output\Arduino_Zero__Native_USB_Port_\Debug/core\core.a(USBCore.cpp.o)
                0x20000a41                _pack_message
 .bss._pack_size
                0x20000a42        0x2 C:\Users\info\Documents\GitHub\SsAtx\SsAtxController\SsAtxController\Output\Arduino_Zero__Native_USB_Port_\Debug/core\core.a(USBCore.cpp.o)
                0x20000a42                _pack_size
 .bss._usbConfiguration
                0x20000a44        0x4 C:\Users\info\Documents\GitHub\SsAtx\SsAtxController\SsAtxController\Output\Arduino_Zero__Native_USB_Port_\Debug/core\core.a(USBCore.cpp.o)
                0x20000a44                _usbConfiguration
 .bss._usbSetInterface
                0x20000a48        0x4 C:\Users\info\Documents\GitHub\SsAtx\SsAtxController\SsAtxController\Output\Arduino_Zero__Native_USB_Port_\Debug/core\core.a(USBCore.cpp.o)
                0x20000a48                _usbSetInterface
 .bss.usbd      0x20000a4c      0x104 C:\Users\info\Documents\GitHub\SsAtx\SsAtxController\SsAtxController\Output\Arduino_Zero__Native_USB_Port_\Debug/core\core.a(USBCore.cpp.o)
                0x20000a4c                usbd
 .bss._ZGVZ12PluggableUSBvE3obj
                0x20000b50        0x4 C:\Users\info\Documents\GitHub\SsAtx\SsAtxController\SsAtxController\Output\Arduino_Zero__Native_USB_Port_\Debug/core\core.a(PluggableUSB.cpp.o)
 .bss._ZZ12PluggableUSBvE3obj
                0x20000b54        0xc C:\Users\info\Documents\GitHub\SsAtx\SsAtxController\SsAtxController\Output\Arduino_Zero__Native_USB_Port_\Debug/core\core.a(PluggableUSB.cpp.o)
 .bss.SerialUSB
                0x20000b60       0x3c C:\Users\info\Documents\GitHub\SsAtx\SsAtxController\SsAtxController\Output\Arduino_Zero__Native_USB_Port_\Debug/core\core.a(CDC.cpp.o)
                0x20000b60                SerialUSB
 .bss.__malloc_free_list
                0x20000b9c        0x4 c:/users/info/appdata/local/arduino15/packages/arduino/tools/arm-none-eabi-gcc/7-2017q4/bin/../lib/gcc/arm-none-eabi/7.2.1/../../../../arm-none-eabi/lib/thumb/v6-m\libc_nano.a(lib_a-nano-mallocr.o)
                0x20000b9c                __malloc_free_list
 .bss.__malloc_sbrk_start
                0x20000ba0        0x4 c:/users/info/appdata/local/arduino15/packages/arduino/tools/arm-none-eabi-gcc/7-2017q4/bin/../lib/gcc/arm-none-eabi/7.2.1/../../../../arm-none-eabi/lib/thumb/v6-m\libc_nano.a(lib_a-nano-mallocr.o)
                0x20000ba0                __malloc_sbrk_start
 .bss.heap_end.4102
                0x20000ba4        0x4 c:/users/info/appdata/local/arduino15/packages/arduino/tools/arm-none-eabi-gcc/7-2017q4/bin/../lib/gcc/arm-none-eabi/7.2.1/../../../../arm-none-eabi/lib/thumb/v6-m\libnosys.a(sbrk.o)
 *(COMMON)
 COMMON         0x20000ba8        0x4 c:/users/info/appdata/local/arduino15/packages/arduino/tools/arm-none-eabi-gcc/7-2017q4/bin/../lib/gcc/arm-none-eabi/7.2.1/../../../../arm-none-eabi/lib/thumb/v6-m\libc_nano.a(lib_a-reent.o)
                0x20000ba8                errno
                0x20000bac                . = ALIGN (0x4)
                0x20000bac                __bss_end__ = .

.heap           0x20000bac        0x0
                0x20000bac                __end__ = .
                0x20000bac                PROVIDE (end, .)
 *(.heap*)
                0x20000bac                __HeapLimit = .

.stack_dummy    0x20000bac        0x0
 *(.stack*)
                0x20008000                __StackTop = (ORIGIN (RAM) + LENGTH (RAM))
                0x20008000                __StackLimit = (__StackTop - SIZEOF (.stack_dummy))
                0x20008000                PROVIDE (__stack, __StackTop)
                0x20007fff                __ram_end__ = ((ORIGIN (RAM) + LENGTH (RAM)) - 0x1)
                0x00000001                ASSERT ((__StackLimit >= __HeapLimit), region RAM overflowed with stack)
OUTPUT(C:\Users\info\Documents\GitHub\SsAtx\SsAtxController\SsAtxController\Output\Arduino_Zero__Native_USB_Port_\Debug/SsAtxController.ino.elf elf32-littlearm)

.ARM.attributes
                0x00000000       0x28
 .ARM.attributes
                0x00000000       0x1e c:/users/info/appdata/local/arduino15/packages/arduino/tools/arm-none-eabi-gcc/7-2017q4/bin/../lib/gcc/arm-none-eabi/7.2.1/thumb/v6-m/crti.o
 .ARM.attributes
                0x0000001e       0x2c c:/users/info/appdata/local/arduino15/packages/arduino/tools/arm-none-eabi-gcc/7-2017q4/bin/../lib/gcc/arm-none-eabi/7.2.1/thumb/v6-m/crtbegin.o
 .ARM.attributes
                0x0000004a       0x32 C:\Users\info\Documents\GitHub\SsAtx\SsAtxController\SsAtxController\Output\Arduino_Zero__Native_USB_Port_\Debug\sketch\SsAtxController.ino.cpp.o
 .ARM.attributes
                0x0000007c       0x32 C:\Users\info\Documents\GitHub\SsAtx\SsAtxController\SsAtxController\Output\Arduino_Zero__Native_USB_Port_\Debug\core\variant.cpp.o
 .ARM.attributes
                0x000000ae       0x32 C:\Users\info\Documents\GitHub\SsAtx\SsAtxController\SsAtxController\Output\Arduino_Zero__Native_USB_Port_\Debug/core\core.a(cortex_handlers.c.o)
 .ARM.attributes
                0x000000e0       0x32 C:\Users\info\Documents\GitHub\SsAtx\SsAtxController\SsAtxController\Output\Arduino_Zero__Native_USB_Port_\Debug/core\core.a(delay.c.o)
 .ARM.attributes
                0x00000112       0x32 C:\Users\info\Documents\GitHub\SsAtx\SsAtxController\SsAtxController\Output\Arduino_Zero__Native_USB_Port_\Debug/core\core.a(hooks.c.o)
 .ARM.attributes
                0x00000144       0x32 C:\Users\info\Documents\GitHub\SsAtx\SsAtxController\SsAtxController\Output\Arduino_Zero__Native_USB_Port_\Debug/core\core.a(startup.c.o)
 .ARM.attributes
                0x00000176       0x32 C:\Users\info\Documents\GitHub\SsAtx\SsAtxController\SsAtxController\Output\Arduino_Zero__Native_USB_Port_\Debug/core\core.a(wiring.c.o)
 .ARM.attributes
                0x000001a8       0x32 C:\Users\info\Documents\GitHub\SsAtx\SsAtxController\SsAtxController\Output\Arduino_Zero__Native_USB_Port_\Debug/core\core.a(wiring_analog.c.o)
 .ARM.attributes
                0x000001da       0x32 C:\Users\info\Documents\GitHub\SsAtx\SsAtxController\SsAtxController\Output\Arduino_Zero__Native_USB_Port_\Debug/core\core.a(wiring_digital.c.o)
 .ARM.attributes
                0x0000020c       0x32 C:\Users\info\Documents\GitHub\SsAtx\SsAtxController\SsAtxController\Output\Arduino_Zero__Native_USB_Port_\Debug/core\core.a(wiring_private.c.o)
 .ARM.attributes
                0x0000023e       0x32 C:\Users\info\Documents\GitHub\SsAtx\SsAtxController\SsAtxController\Output\Arduino_Zero__Native_USB_Port_\Debug/core\core.a(Reset.cpp.o)
 .ARM.attributes
                0x00000270       0x32 C:\Users\info\Documents\GitHub\SsAtx\SsAtxController\SsAtxController\Output\Arduino_Zero__Native_USB_Port_\Debug/core\core.a(SERCOM.cpp.o)
 .ARM.attributes
                0x000002a2       0x32 C:\Users\info\Documents\GitHub\SsAtx\SsAtxController\SsAtxController\Output\Arduino_Zero__Native_USB_Port_\Debug/core\core.a(Uart.cpp.o)
 .ARM.attributes
                0x000002d4       0x32 C:\Users\info\Documents\GitHub\SsAtx\SsAtxController\SsAtxController\Output\Arduino_Zero__Native_USB_Port_\Debug/core\core.a(Print.cpp.o)
 .ARM.attributes
                0x00000306       0x32 C:\Users\info\Documents\GitHub\SsAtx\SsAtxController\SsAtxController\Output\Arduino_Zero__Native_USB_Port_\Debug/core\core.a(main.cpp.o)
 .ARM.attributes
                0x00000338       0x32 C:\Users\info\Documents\GitHub\SsAtx\SsAtxController\SsAtxController\Output\Arduino_Zero__Native_USB_Port_\Debug/core\core.a(USBCore.cpp.o)
 .ARM.attributes
                0x0000036a       0x32 C:\Users\info\Documents\GitHub\SsAtx\SsAtxController\SsAtxController\Output\Arduino_Zero__Native_USB_Port_\Debug/core\core.a(PluggableUSB.cpp.o)
 .ARM.attributes
                0x0000039c       0x32 C:\Users\info\Documents\GitHub\SsAtx\SsAtxController\SsAtxController\Output\Arduino_Zero__Native_USB_Port_\Debug/core\core.a(new.cpp.o)
 .ARM.attributes
                0x000003ce       0x32 C:\Users\info\Documents\GitHub\SsAtx\SsAtxController\SsAtxController\Output\Arduino_Zero__Native_USB_Port_\Debug/core\core.a(CDC.cpp.o)
 .ARM.attributes
                0x00000400       0x1e c:/users/info/appdata/local/arduino15/packages/arduino/tools/arm-none-eabi-gcc/7-2017q4/bin/../lib/gcc/arm-none-eabi/7.2.1/thumb/v6-m\libgcc.a(_thumb1_case_uqi.o)
 .ARM.attributes
                0x0000041e       0x1e c:/users/info/appdata/local/arduino15/packages/arduino/tools/arm-none-eabi-gcc/7-2017q4/bin/../lib/gcc/arm-none-eabi/7.2.1/thumb/v6-m\libgcc.a(_udivsi3.o)
 .ARM.attributes
                0x0000043c       0x1e c:/users/info/appdata/local/arduino15/packages/arduino/tools/arm-none-eabi-gcc/7-2017q4/bin/../lib/gcc/arm-none-eabi/7.2.1/thumb/v6-m\libgcc.a(_dvmd_tls.o)
 .ARM.attributes
                0x0000045a       0x2c c:/users/info/appdata/local/arduino15/packages/arduino/tools/arm-none-eabi-gcc/7-2017q4/bin/../lib/gcc/arm-none-eabi/7.2.1/../../../../arm-none-eabi/lib/thumb/v6-m\libc_nano.a(lib_a-impure.o)
 .ARM.attributes
                0x00000486       0x2c c:/users/info/appdata/local/arduino15/packages/arduino/tools/arm-none-eabi-gcc/7-2017q4/bin/../lib/gcc/arm-none-eabi/7.2.1/../../../../arm-none-eabi/lib/thumb/v6-m\libc_nano.a(lib_a-init.o)
 .ARM.attributes
                0x000004b2       0x2c c:/users/info/appdata/local/arduino15/packages/arduino/tools/arm-none-eabi-gcc/7-2017q4/bin/../lib/gcc/arm-none-eabi/7.2.1/../../../../arm-none-eabi/lib/thumb/v6-m\libc_nano.a(lib_a-malloc.o)
 .ARM.attributes
                0x000004de       0x2c c:/users/info/appdata/local/arduino15/packages/arduino/tools/arm-none-eabi-gcc/7-2017q4/bin/../lib/gcc/arm-none-eabi/7.2.1/../../../../arm-none-eabi/lib/thumb/v6-m\libc_nano.a(lib_a-memcpy-stub.o)
 .ARM.attributes
                0x0000050a       0x2c c:/users/info/appdata/local/arduino15/packages/arduino/tools/arm-none-eabi-gcc/7-2017q4/bin/../lib/gcc/arm-none-eabi/7.2.1/../../../../arm-none-eabi/lib/thumb/v6-m\libc_nano.a(lib_a-memset.o)
 .ARM.attributes
                0x00000536       0x2c c:/users/info/appdata/local/arduino15/packages/arduino/tools/arm-none-eabi-gcc/7-2017q4/bin/../lib/gcc/arm-none-eabi/7.2.1/../../../../arm-none-eabi/lib/thumb/v6-m\libc_nano.a(lib_a-nano-freer.o)
 .ARM.attributes
                0x00000562       0x2c c:/users/info/appdata/local/arduino15/packages/arduino/tools/arm-none-eabi-gcc/7-2017q4/bin/../lib/gcc/arm-none-eabi/7.2.1/../../../../arm-none-eabi/lib/thumb/v6-m\libc_nano.a(lib_a-nano-mallocr.o)
 .ARM.attributes
                0x0000058e       0x2c c:/users/info/appdata/local/arduino15/packages/arduino/tools/arm-none-eabi-gcc/7-2017q4/bin/../lib/gcc/arm-none-eabi/7.2.1/../../../../arm-none-eabi/lib/thumb/v6-m\libc_nano.a(lib_a-sbrkr.o)
 .ARM.attributes
                0x000005ba       0x1c c:/users/info/appdata/local/arduino15/packages/arduino/tools/arm-none-eabi-gcc/7-2017q4/bin/../lib/gcc/arm-none-eabi/7.2.1/../../../../arm-none-eabi/lib/thumb/v6-m\libc_nano.a(lib_a-strlen.o)
 .ARM.attributes
                0x000005d6       0x2c c:/users/info/appdata/local/arduino15/packages/arduino/tools/arm-none-eabi-gcc/7-2017q4/bin/../lib/gcc/arm-none-eabi/7.2.1/../../../../arm-none-eabi/lib/thumb/v6-m\libc_nano.a(lib_a-mlock.o)
 .ARM.attributes
                0x00000602       0x2c c:/users/info/appdata/local/arduino15/packages/arduino/tools/arm-none-eabi-gcc/7-2017q4/bin/../lib/gcc/arm-none-eabi/7.2.1/../../../../arm-none-eabi/lib/thumb/v6-m\libc_nano.a(lib_a-reent.o)
 .ARM.attributes
                0x0000062e       0x2c c:/users/info/appdata/local/arduino15/packages/arduino/tools/arm-none-eabi-gcc/7-2017q4/bin/../lib/gcc/arm-none-eabi/7.2.1/../../../../arm-none-eabi/lib/thumb/v6-m\libnosys.a(sbrk.o)
 .ARM.attributes
                0x0000065a       0x2c c:/users/info/appdata/local/arduino15/packages/arduino/tools/arm-none-eabi-gcc/7-2017q4/bin/../lib/gcc/arm-none-eabi/7.2.1/thumb/v6-m/crtend.o
 .ARM.attributes
                0x00000686       0x1e c:/users/info/appdata/local/arduino15/packages/arduino/tools/arm-none-eabi-gcc/7-2017q4/bin/../lib/gcc/arm-none-eabi/7.2.1/thumb/v6-m/crtn.o

.comment        0x00000000       0x7e
 .comment       0x00000000       0x7e C:\Users\info\Documents\GitHub\SsAtx\SsAtxController\SsAtxController\Output\Arduino_Zero__Native_USB_Port_\Debug\sketch\SsAtxController.ino.cpp.o
                                 0x7f (size before relaxing)
 .comment       0x0000007e       0x7f C:\Users\info\Documents\GitHub\SsAtx\SsAtxController\SsAtxController\Output\Arduino_Zero__Native_USB_Port_\Debug\core\variant.cpp.o
 .comment       0x0000007e       0x7f C:\Users\info\Documents\GitHub\SsAtx\SsAtxController\SsAtxController\Output\Arduino_Zero__Native_USB_Port_\Debug/core\core.a(cortex_handlers.c.o)
 .comment       0x0000007e       0x7f C:\Users\info\Documents\GitHub\SsAtx\SsAtxController\SsAtxController\Output\Arduino_Zero__Native_USB_Port_\Debug/core\core.a(delay.c.o)
 .comment       0x0000007e       0x7f C:\Users\info\Documents\GitHub\SsAtx\SsAtxController\SsAtxController\Output\Arduino_Zero__Native_USB_Port_\Debug/core\core.a(hooks.c.o)
 .comment       0x0000007e       0x7f C:\Users\info\Documents\GitHub\SsAtx\SsAtxController\SsAtxController\Output\Arduino_Zero__Native_USB_Port_\Debug/core\core.a(startup.c.o)
 .comment       0x0000007e       0x7f C:\Users\info\Documents\GitHub\SsAtx\SsAtxController\SsAtxController\Output\Arduino_Zero__Native_USB_Port_\Debug/core\core.a(wiring.c.o)
 .comment       0x0000007e       0x7f C:\Users\info\Documents\GitHub\SsAtx\SsAtxController\SsAtxController\Output\Arduino_Zero__Native_USB_Port_\Debug/core\core.a(wiring_analog.c.o)
 .comment       0x0000007e       0x7f C:\Users\info\Documents\GitHub\SsAtx\SsAtxController\SsAtxController\Output\Arduino_Zero__Native_USB_Port_\Debug/core\core.a(wiring_digital.c.o)
 .comment       0x0000007e       0x7f C:\Users\info\Documents\GitHub\SsAtx\SsAtxController\SsAtxController\Output\Arduino_Zero__Native_USB_Port_\Debug/core\core.a(wiring_private.c.o)
 .comment       0x0000007e       0x7f C:\Users\info\Documents\GitHub\SsAtx\SsAtxController\SsAtxController\Output\Arduino_Zero__Native_USB_Port_\Debug/core\core.a(Reset.cpp.o)
 .comment       0x0000007e       0x7f C:\Users\info\Documents\GitHub\SsAtx\SsAtxController\SsAtxController\Output\Arduino_Zero__Native_USB_Port_\Debug/core\core.a(SERCOM.cpp.o)
 .comment       0x0000007e       0x7f C:\Users\info\Documents\GitHub\SsAtx\SsAtxController\SsAtxController\Output\Arduino_Zero__Native_USB_Port_\Debug/core\core.a(Uart.cpp.o)
 .comment       0x0000007e       0x7f C:\Users\info\Documents\GitHub\SsAtx\SsAtxController\SsAtxController\Output\Arduino_Zero__Native_USB_Port_\Debug/core\core.a(Print.cpp.o)
 .comment       0x0000007e       0x7f C:\Users\info\Documents\GitHub\SsAtx\SsAtxController\SsAtxController\Output\Arduino_Zero__Native_USB_Port_\Debug/core\core.a(main.cpp.o)
 .comment       0x0000007e       0x7f C:\Users\info\Documents\GitHub\SsAtx\SsAtxController\SsAtxController\Output\Arduino_Zero__Native_USB_Port_\Debug/core\core.a(USBCore.cpp.o)
 .comment       0x0000007e       0x7f C:\Users\info\Documents\GitHub\SsAtx\SsAtxController\SsAtxController\Output\Arduino_Zero__Native_USB_Port_\Debug/core\core.a(PluggableUSB.cpp.o)
 .comment       0x0000007e       0x7f C:\Users\info\Documents\GitHub\SsAtx\SsAtxController\SsAtxController\Output\Arduino_Zero__Native_USB_Port_\Debug/core\core.a(new.cpp.o)
 .comment       0x0000007e       0x7f C:\Users\info\Documents\GitHub\SsAtx\SsAtxController\SsAtxController\Output\Arduino_Zero__Native_USB_Port_\Debug/core\core.a(CDC.cpp.o)

.debug_info     0x00000000    0x5521a
 .debug_info    0x00000000     0x5cd4 C:\Users\info\Documents\GitHub\SsAtx\SsAtxController\SsAtxController\Output\Arduino_Zero__Native_USB_Port_\Debug\sketch\SsAtxController.ino.cpp.o
 .debug_info    0x00005cd4     0x7686 C:\Users\info\Documents\GitHub\SsAtx\SsAtxController\SsAtxController\Output\Arduino_Zero__Native_USB_Port_\Debug\core\variant.cpp.o
 .debug_info    0x0000d35a     0x10d2 C:\Users\info\Documents\GitHub\SsAtx\SsAtxController\SsAtxController\Output\Arduino_Zero__Native_USB_Port_\Debug/core\core.a(cortex_handlers.c.o)
 .debug_info    0x0000e42c     0x1398 C:\Users\info\Documents\GitHub\SsAtx\SsAtxController\SsAtxController\Output\Arduino_Zero__Native_USB_Port_\Debug/core\core.a(delay.c.o)
 .debug_info    0x0000f7c4       0x64 C:\Users\info\Documents\GitHub\SsAtx\SsAtxController\SsAtxController\Output\Arduino_Zero__Native_USB_Port_\Debug/core\core.a(hooks.c.o)
 .debug_info    0x0000f828     0x3494 C:\Users\info\Documents\GitHub\SsAtx\SsAtxController\SsAtxController\Output\Arduino_Zero__Native_USB_Port_\Debug/core\core.a(startup.c.o)
 .debug_info    0x00012cbc     0x2d66 C:\Users\info\Documents\GitHub\SsAtx\SsAtxController\SsAtxController\Output\Arduino_Zero__Native_USB_Port_\Debug/core\core.a(wiring.c.o)
 .debug_info    0x00015a22     0x4f2f C:\Users\info\Documents\GitHub\SsAtx\SsAtxController\SsAtxController\Output\Arduino_Zero__Native_USB_Port_\Debug/core\core.a(wiring_analog.c.o)
 .debug_info    0x0001a951     0x1839 C:\Users\info\Documents\GitHub\SsAtx\SsAtxController\SsAtxController\Output\Arduino_Zero__Native_USB_Port_\Debug/core\core.a(wiring_digital.c.o)
 .debug_info    0x0001c18a     0x17c3 C:\Users\info\Documents\GitHub\SsAtx\SsAtxController\SsAtxController\Output\Arduino_Zero__Native_USB_Port_\Debug/core\core.a(wiring_private.c.o)
 .debug_info    0x0001d94d     0x6251 C:\Users\info\Documents\GitHub\SsAtx\SsAtxController\SsAtxController\Output\Arduino_Zero__Native_USB_Port_\Debug/core\core.a(Reset.cpp.o)
 .debug_info    0x00023b9e     0x7162 C:\Users\info\Documents\GitHub\SsAtx\SsAtxController\SsAtxController\Output\Arduino_Zero__Native_USB_Port_\Debug/core\core.a(SERCOM.cpp.o)
 .debug_info    0x0002ad00     0x7dea C:\Users\info\Documents\GitHub\SsAtx\SsAtxController\SsAtxController\Output\Arduino_Zero__Native_USB_Port_\Debug/core\core.a(Uart.cpp.o)
 .debug_info    0x00032aea     0x410f C:\Users\info\Documents\GitHub\SsAtx\SsAtxController\SsAtxController\Output\Arduino_Zero__Native_USB_Port_\Debug/core\core.a(Print.cpp.o)
 .debug_info    0x00036bf9     0x5c8b C:\Users\info\Documents\GitHub\SsAtx\SsAtxController\SsAtxController\Output\Arduino_Zero__Native_USB_Port_\Debug/core\core.a(main.cpp.o)
 .debug_info    0x0003c884     0xda64 C:\Users\info\Documents\GitHub\SsAtx\SsAtxController\SsAtxController\Output\Arduino_Zero__Native_USB_Port_\Debug/core\core.a(USBCore.cpp.o)
 .debug_info    0x0004a2e8      0x686 C:\Users\info\Documents\GitHub\SsAtx\SsAtxController\SsAtxController\Output\Arduino_Zero__Native_USB_Port_\Debug/core\core.a(PluggableUSB.cpp.o)
 .debug_info    0x0004a96e      0xf3b C:\Users\info\Documents\GitHub\SsAtx\SsAtxController\SsAtxController\Output\Arduino_Zero__Native_USB_Port_\Debug/core\core.a(new.cpp.o)
 .debug_info    0x0004b8a9     0x9971 C:\Users\info\Documents\GitHub\SsAtx\SsAtxController\SsAtxController\Output\Arduino_Zero__Native_USB_Port_\Debug/core\core.a(CDC.cpp.o)

.debug_abbrev   0x00000000     0x64b3
 .debug_abbrev  0x00000000      0x5bb C:\Users\info\Documents\GitHub\SsAtx\SsAtxController\SsAtxController\Output\Arduino_Zero__Native_USB_Port_\Debug\sketch\SsAtxController.ino.cpp.o
 .debug_abbrev  0x000005bb      0x60c C:\Users\info\Documents\GitHub\SsAtx\SsAtxController\SsAtxController\Output\Arduino_Zero__Native_USB_Port_\Debug\core\variant.cpp.o
 .debug_abbrev  0x00000bc7      0x29a C:\Users\info\Documents\GitHub\SsAtx\SsAtxController\SsAtxController\Output\Arduino_Zero__Native_USB_Port_\Debug/core\core.a(cortex_handlers.c.o)
 .debug_abbrev  0x00000e61      0x33c C:\Users\info\Documents\GitHub\SsAtx\SsAtxController\SsAtxController\Output\Arduino_Zero__Native_USB_Port_\Debug/core\core.a(delay.c.o)
 .debug_abbrev  0x0000119d       0x49 C:\Users\info\Documents\GitHub\SsAtx\SsAtxController\SsAtxController\Output\Arduino_Zero__Native_USB_Port_\Debug/core\core.a(hooks.c.o)
 .debug_abbrev  0x000011e6      0x2ac C:\Users\info\Documents\GitHub\SsAtx\SsAtxController\SsAtxController\Output\Arduino_Zero__Native_USB_Port_\Debug/core\core.a(startup.c.o)
 .debug_abbrev  0x00001492      0x3a1 C:\Users\info\Documents\GitHub\SsAtx\SsAtxController\SsAtxController\Output\Arduino_Zero__Native_USB_Port_\Debug/core\core.a(wiring.c.o)
 .debug_abbrev  0x00001833      0x487 C:\Users\info\Documents\GitHub\SsAtx\SsAtxController\SsAtxController\Output\Arduino_Zero__Native_USB_Port_\Debug/core\core.a(wiring_analog.c.o)
 .debug_abbrev  0x00001cba      0x339 C:\Users\info\Documents\GitHub\SsAtx\SsAtxController\SsAtxController\Output\Arduino_Zero__Native_USB_Port_\Debug/core\core.a(wiring_digital.c.o)
 .debug_abbrev  0x00001ff3      0x303 C:\Users\info\Documents\GitHub\SsAtx\SsAtxController\SsAtxController\Output\Arduino_Zero__Native_USB_Port_\Debug/core\core.a(wiring_private.c.o)
 .debug_abbrev  0x000022f6      0x671 C:\Users\info\Documents\GitHub\SsAtx\SsAtxController\SsAtxController\Output\Arduino_Zero__Native_USB_Port_\Debug/core\core.a(Reset.cpp.o)
 .debug_abbrev  0x00002967      0x836 C:\Users\info\Documents\GitHub\SsAtx\SsAtxController\SsAtxController\Output\Arduino_Zero__Native_USB_Port_\Debug/core\core.a(SERCOM.cpp.o)
 .debug_abbrev  0x0000319d      0x913 C:\Users\info\Documents\GitHub\SsAtx\SsAtxController\SsAtxController\Output\Arduino_Zero__Native_USB_Port_\Debug/core\core.a(Uart.cpp.o)
 .debug_abbrev  0x00003ab0      0x72a C:\Users\info\Documents\GitHub\SsAtx\SsAtxController\SsAtxController\Output\Arduino_Zero__Native_USB_Port_\Debug/core\core.a(Print.cpp.o)
 .debug_abbrev  0x000041da      0x5dd C:\Users\info\Documents\GitHub\SsAtx\SsAtxController\SsAtxController\Output\Arduino_Zero__Native_USB_Port_\Debug/core\core.a(main.cpp.o)
 .debug_abbrev  0x000047b7      0xc85 C:\Users\info\Documents\GitHub\SsAtx\SsAtxController\SsAtxController\Output\Arduino_Zero__Native_USB_Port_\Debug/core\core.a(USBCore.cpp.o)
 .debug_abbrev  0x0000543c      0x2b2 C:\Users\info\Documents\GitHub\SsAtx\SsAtxController\SsAtxController\Output\Arduino_Zero__Native_USB_Port_\Debug/core\core.a(PluggableUSB.cpp.o)
 .debug_abbrev  0x000056ee      0x301 C:\Users\info\Documents\GitHub\SsAtx\SsAtxController\SsAtxController\Output\Arduino_Zero__Native_USB_Port_\Debug/core\core.a(new.cpp.o)
 .debug_abbrev  0x000059ef      0xac4 C:\Users\info\Documents\GitHub\SsAtx\SsAtxController\SsAtxController\Output\Arduino_Zero__Native_USB_Port_\Debug/core\core.a(CDC.cpp.o)

.debug_aranges  0x00000000      0x948
 .debug_aranges
                0x00000000       0x28 C:\Users\info\Documents\GitHub\SsAtx\SsAtxController\SsAtxController\Output\Arduino_Zero__Native_USB_Port_\Debug\sketch\SsAtxController.ino.cpp.o
 .debug_aranges
                0x00000028       0x38 C:\Users\info\Documents\GitHub\SsAtx\SsAtxController\SsAtxController\Output\Arduino_Zero__Native_USB_Port_\Debug\core\variant.cpp.o
 .debug_aranges
                0x00000060       0x40 C:\Users\info\Documents\GitHub\SsAtx\SsAtxController\SsAtxController\Output\Arduino_Zero__Native_USB_Port_\Debug/core\core.a(cortex_handlers.c.o)
 .debug_aranges
                0x000000a0       0x48 C:\Users\info\Documents\GitHub\SsAtx\SsAtxController\SsAtxController\Output\Arduino_Zero__Native_USB_Port_\Debug/core\core.a(delay.c.o)
 .debug_aranges
                0x000000e8       0x30 C:\Users\info\Documents\GitHub\SsAtx\SsAtxController\SsAtxController\Output\Arduino_Zero__Native_USB_Port_\Debug/core\core.a(hooks.c.o)
 .debug_aranges
                0x00000118       0x20 C:\Users\info\Documents\GitHub\SsAtx\SsAtxController\SsAtxController\Output\Arduino_Zero__Native_USB_Port_\Debug/core\core.a(startup.c.o)
 .debug_aranges
                0x00000138       0x20 C:\Users\info\Documents\GitHub\SsAtx\SsAtxController\SsAtxController\Output\Arduino_Zero__Native_USB_Port_\Debug/core\core.a(wiring.c.o)
 .debug_aranges
                0x00000158       0x48 C:\Users\info\Documents\GitHub\SsAtx\SsAtxController\SsAtxController\Output\Arduino_Zero__Native_USB_Port_\Debug/core\core.a(wiring_analog.c.o)
 .debug_aranges
                0x000001a0       0x30 C:\Users\info\Documents\GitHub\SsAtx\SsAtxController\SsAtxController\Output\Arduino_Zero__Native_USB_Port_\Debug/core\core.a(wiring_digital.c.o)
 .debug_aranges
                0x000001d0       0x20 C:\Users\info\Documents\GitHub\SsAtx\SsAtxController\SsAtxController\Output\Arduino_Zero__Native_USB_Port_\Debug/core\core.a(wiring_private.c.o)
 .debug_aranges
                0x000001f0       0x38 C:\Users\info\Documents\GitHub\SsAtx\SsAtxController\SsAtxController\Output\Arduino_Zero__Native_USB_Port_\Debug/core\core.a(Reset.cpp.o)
 .debug_aranges
                0x00000228      0x1f0 C:\Users\info\Documents\GitHub\SsAtx\SsAtxController\SsAtxController\Output\Arduino_Zero__Native_USB_Port_\Debug/core\core.a(SERCOM.cpp.o)
 .debug_aranges
                0x00000418       0xb8 C:\Users\info\Documents\GitHub\SsAtx\SsAtxController\SsAtxController\Output\Arduino_Zero__Native_USB_Port_\Debug/core\core.a(Uart.cpp.o)
 .debug_aranges
                0x000004d0      0x130 C:\Users\info\Documents\GitHub\SsAtx\SsAtxController\SsAtxController\Output\Arduino_Zero__Native_USB_Port_\Debug/core\core.a(Print.cpp.o)
 .debug_aranges
                0x00000600       0x28 C:\Users\info\Documents\GitHub\SsAtx\SsAtxController\SsAtxController\Output\Arduino_Zero__Native_USB_Port_\Debug/core\core.a(main.cpp.o)
 .debug_aranges
                0x00000628      0x190 C:\Users\info\Documents\GitHub\SsAtx\SsAtxController\SsAtxController\Output\Arduino_Zero__Native_USB_Port_\Debug/core\core.a(USBCore.cpp.o)
 .debug_aranges
                0x000007b8       0x48 C:\Users\info\Documents\GitHub\SsAtx\SsAtxController\SsAtxController\Output\Arduino_Zero__Native_USB_Port_\Debug/core\core.a(PluggableUSB.cpp.o)
 .debug_aranges
                0x00000800       0x28 C:\Users\info\Documents\GitHub\SsAtx\SsAtxController\SsAtxController\Output\Arduino_Zero__Native_USB_Port_\Debug/core\core.a(new.cpp.o)
 .debug_aranges
                0x00000828      0x120 C:\Users\info\Documents\GitHub\SsAtx\SsAtxController\SsAtxController\Output\Arduino_Zero__Native_USB_Port_\Debug/core\core.a(CDC.cpp.o)

.debug_ranges   0x00000000     0x1398
 .debug_ranges  0x00000000       0x18 C:\Users\info\Documents\GitHub\SsAtx\SsAtxController\SsAtxController\Output\Arduino_Zero__Native_USB_Port_\Debug\sketch\SsAtxController.ino.cpp.o
 .debug_ranges  0x00000018       0x28 C:\Users\info\Documents\GitHub\SsAtx\SsAtxController\SsAtxController\Output\Arduino_Zero__Native_USB_Port_\Debug\core\variant.cpp.o
 .debug_ranges  0x00000040       0x30 C:\Users\info\Documents\GitHub\SsAtx\SsAtxController\SsAtxController\Output\Arduino_Zero__Native_USB_Port_\Debug/core\core.a(cortex_handlers.c.o)
 .debug_ranges  0x00000070       0x38 C:\Users\info\Documents\GitHub\SsAtx\SsAtxController\SsAtxController\Output\Arduino_Zero__Native_USB_Port_\Debug/core\core.a(delay.c.o)
 .debug_ranges  0x000000a8       0x20 C:\Users\info\Documents\GitHub\SsAtx\SsAtxController\SsAtxController\Output\Arduino_Zero__Native_USB_Port_\Debug/core\core.a(hooks.c.o)
 .debug_ranges  0x000000c8       0x10 C:\Users\info\Documents\GitHub\SsAtx\SsAtxController\SsAtxController\Output\Arduino_Zero__Native_USB_Port_\Debug/core\core.a(startup.c.o)
 .debug_ranges  0x000000d8       0x28 C:\Users\info\Documents\GitHub\SsAtx\SsAtxController\SsAtxController\Output\Arduino_Zero__Native_USB_Port_\Debug/core\core.a(wiring.c.o)
 .debug_ranges  0x00000100       0x98 C:\Users\info\Documents\GitHub\SsAtx\SsAtxController\SsAtxController\Output\Arduino_Zero__Native_USB_Port_\Debug/core\core.a(wiring_analog.c.o)
 .debug_ranges  0x00000198       0x20 C:\Users\info\Documents\GitHub\SsAtx\SsAtxController\SsAtxController\Output\Arduino_Zero__Native_USB_Port_\Debug/core\core.a(wiring_digital.c.o)
 .debug_ranges  0x000001b8       0x38 C:\Users\info\Documents\GitHub\SsAtx\SsAtxController\SsAtxController\Output\Arduino_Zero__Native_USB_Port_\Debug/core\core.a(wiring_private.c.o)
 .debug_ranges  0x000001f0       0x40 C:\Users\info\Documents\GitHub\SsAtx\SsAtxController\SsAtxController\Output\Arduino_Zero__Native_USB_Port_\Debug/core\core.a(Reset.cpp.o)
 .debug_ranges  0x00000230      0x2a0 C:\Users\info\Documents\GitHub\SsAtx\SsAtxController\SsAtxController\Output\Arduino_Zero__Native_USB_Port_\Debug/core\core.a(SERCOM.cpp.o)
 .debug_ranges  0x000004d0      0x238 C:\Users\info\Documents\GitHub\SsAtx\SsAtxController\SsAtxController\Output\Arduino_Zero__Native_USB_Port_\Debug/core\core.a(Uart.cpp.o)
 .debug_ranges  0x00000708      0x198 C:\Users\info\Documents\GitHub\SsAtx\SsAtxController\SsAtxController\Output\Arduino_Zero__Native_USB_Port_\Debug/core\core.a(Print.cpp.o)
 .debug_ranges  0x000008a0       0x18 C:\Users\info\Documents\GitHub\SsAtx\SsAtxController\SsAtxController\Output\Arduino_Zero__Native_USB_Port_\Debug/core\core.a(main.cpp.o)
 .debug_ranges  0x000008b8      0x8b0 C:\Users\info\Documents\GitHub\SsAtx\SsAtxController\SsAtxController\Output\Arduino_Zero__Native_USB_Port_\Debug/core\core.a(USBCore.cpp.o)
 .debug_ranges  0x00001168       0x68 C:\Users\info\Documents\GitHub\SsAtx\SsAtxController\SsAtxController\Output\Arduino_Zero__Native_USB_Port_\Debug/core\core.a(PluggableUSB.cpp.o)
 .debug_ranges  0x000011d0       0x18 C:\Users\info\Documents\GitHub\SsAtx\SsAtxController\SsAtxController\Output\Arduino_Zero__Native_USB_Port_\Debug/core\core.a(new.cpp.o)
 .debug_ranges  0x000011e8      0x1b0 C:\Users\info\Documents\GitHub\SsAtx\SsAtxController\SsAtxController\Output\Arduino_Zero__Native_USB_Port_\Debug/core\core.a(CDC.cpp.o)

.debug_line     0x00000000     0x8c3e
 .debug_line    0x00000000      0x796 C:\Users\info\Documents\GitHub\SsAtx\SsAtxController\SsAtxController\Output\Arduino_Zero__Native_USB_Port_\Debug\sketch\SsAtxController.ino.cpp.o
 .debug_line    0x00000796      0x694 C:\Users\info\Documents\GitHub\SsAtx\SsAtxController\SsAtxController\Output\Arduino_Zero__Native_USB_Port_\Debug\core\variant.cpp.o
 .debug_line    0x00000e2a      0x3d0 C:\Users\info\Documents\GitHub\SsAtx\SsAtxController\SsAtxController\Output\Arduino_Zero__Native_USB_Port_\Debug/core\core.a(cortex_handlers.c.o)
 .debug_line    0x000011fa      0x64d C:\Users\info\Documents\GitHub\SsAtx\SsAtxController\SsAtxController\Output\Arduino_Zero__Native_USB_Port_\Debug/core\core.a(delay.c.o)
 .debug_line    0x00001847       0xb1 C:\Users\info\Documents\GitHub\SsAtx\SsAtxController\SsAtxController\Output\Arduino_Zero__Native_USB_Port_\Debug/core\core.a(hooks.c.o)
 .debug_line    0x000018f8      0x4ad C:\Users\info\Documents\GitHub\SsAtx\SsAtxController\SsAtxController\Output\Arduino_Zero__Native_USB_Port_\Debug/core\core.a(startup.c.o)