Archive member included to satisfy reference by file (symbol)

C:\Users\info\Documents\GitHub\SsAtx\Sn74hc138dTester\Sn74hc138dTester\Output\Arduino_Zero__Native_USB_Port_\Debug/core\core.a(cortex_handlers.c.o)
                              (Reset_Handler)
C:\Users\info\Documents\GitHub\SsAtx\Sn74hc138dTester\Sn74hc138dTester\Output\Arduino_Zero__Native_USB_Port_\Debug/core\core.a(delay.c.o)
                              C:\Users\info\Documents\GitHub\SsAtx\Sn74hc138dTester\Sn74hc138dTester\Output\Arduino_Zero__Native_USB_Port_\Debug\sketch\Sn74hc138dTester.ino.cpp.o (delay)
C:\Users\info\Documents\GitHub\SsAtx\Sn74hc138dTester\Sn74hc138dTester\Output\Arduino_Zero__Native_USB_Port_\Debug/core\core.a(hooks.c.o)
                              C:\Users\info\Documents\GitHub\SsAtx\Sn74hc138dTester\Sn74hc138dTester\Output\Arduino_Zero__Native_USB_Port_\Debug/core\core.a(delay.c.o) (yield)
C:\Users\info\Documents\GitHub\SsAtx\Sn74hc138dTester\Sn74hc138dTester\Output\Arduino_Zero__Native_USB_Port_\Debug/core\core.a(startup.c.o)
                              C:\Users\info\Documents\GitHub\SsAtx\Sn74hc138dTester\Sn74hc138dTester\Output\Arduino_Zero__Native_USB_Port_\Debug/core\core.a(cortex_handlers.c.o) (SystemInit)
C:\Users\info\Documents\GitHub\SsAtx\Sn74hc138dTester\Sn74hc138dTester\Output\Arduino_Zero__Native_USB_Port_\Debug/core\core.a(wiring.c.o)
                              C:\Users\info\Documents\GitHub\SsAtx\Sn74hc138dTester\Sn74hc138dTester\Output\Arduino_Zero__Native_USB_Port_\Debug/core\core.a(startup.c.o) (SystemCoreClock)
C:\Users\info\Documents\GitHub\SsAtx\Sn74hc138dTester\Sn74hc138dTester\Output\Arduino_Zero__Native_USB_Port_\Debug/core\core.a(wiring_analog.c.o)
                              C:\Users\info\Documents\GitHub\SsAtx\Sn74hc138dTester\Sn74hc138dTester\Output\Arduino_Zero__Native_USB_Port_\Debug/core\core.a(wiring.c.o) (analogReference)
C:\Users\info\Documents\GitHub\SsAtx\Sn74hc138dTester\Sn74hc138dTester\Output\Arduino_Zero__Native_USB_Port_\Debug/core\core.a(wiring_digital.c.o)
                              C:\Users\info\Documents\GitHub\SsAtx\Sn74hc138dTester\Sn74hc138dTester\Output\Arduino_Zero__Native_USB_Port_\Debug\sketch\Sn74hc138dTester.ino.cpp.o (pinMode)
C:\Users\info\Documents\GitHub\SsAtx\Sn74hc138dTester\Sn74hc138dTester\Output\Arduino_Zero__Native_USB_Port_\Debug/core\core.a(wiring_private.c.o)
                              C:\Users\info\Documents\GitHub\SsAtx\Sn74hc138dTester\Sn74hc138dTester\Output\Arduino_Zero__Native_USB_Port_\Debug\libraries\Wire\Wire.cpp.o (pinPeripheral)
C:\Users\info\Documents\GitHub\SsAtx\Sn74hc138dTester\Sn74hc138dTester\Output\Arduino_Zero__Native_USB_Port_\Debug/core\core.a(Reset.cpp.o)
                              C:\Users\info\Documents\GitHub\SsAtx\Sn74hc138dTester\Sn74hc138dTester\Output\Arduino_Zero__Native_USB_Port_\Debug/core\core.a(delay.c.o) (tickReset)
C:\Users\info\Documents\GitHub\SsAtx\Sn74hc138dTester\Sn74hc138dTester\Output\Arduino_Zero__Native_USB_Port_\Debug/core\core.a(SERCOM.cpp.o)
                              C:\Users\info\Documents\GitHub\SsAtx\Sn74hc138dTester\Sn74hc138dTester\Output\Arduino_Zero__Native_USB_Port_\Debug\core\variant.cpp.o (SERCOM::SERCOM(Sercom*))
C:\Users\info\Documents\GitHub\SsAtx\Sn74hc138dTester\Sn74hc138dTester\Output\Arduino_Zero__Native_USB_Port_\Debug/core\core.a(Uart.cpp.o)
                              C:\Users\info\Documents\GitHub\SsAtx\Sn74hc138dTester\Sn74hc138dTester\Output\Arduino_Zero__Native_USB_Port_\Debug\core\variant.cpp.o (Uart::Uart(SERCOM*, unsigned char, unsigned char, SercomRXPad, SercomUartTXPad))
C:\Users\info\Documents\GitHub\SsAtx\Sn74hc138dTester\Sn74hc138dTester\Output\Arduino_Zero__Native_USB_Port_\Debug/core\core.a(Print.cpp.o)
                              C:\Users\info\Documents\GitHub\SsAtx\Sn74hc138dTester\Sn74hc138dTester\Output\Arduino_Zero__Native_USB_Port_\Debug/core\core.a(Uart.cpp.o) (arduino::Print::write(unsigned char const*, unsigned int))
C:\Users\info\Documents\GitHub\SsAtx\Sn74hc138dTester\Sn74hc138dTester\Output\Arduino_Zero__Native_USB_Port_\Debug/core\core.a(main.cpp.o)
                              c:/users/info/appdata/local/arduino15/packages/arduino/tools/arm-none-eabi-gcc/7-2017q4/bin/../lib/gcc/arm-none-eabi/7.2.1/../../../../arm-none-eabi/lib/thumb/v6-m/crt0.o (main)
C:\Users\info\Documents\GitHub\SsAtx\Sn74hc138dTester\Sn74hc138dTester\Output\Arduino_Zero__Native_USB_Port_\Debug/core\core.a(new.cpp.o)
                              C:\Users\info\Documents\GitHub\SsAtx\Sn74hc138dTester\Sn74hc138dTester\Output\Arduino_Zero__Native_USB_Port_\Debug\libraries\Adafruit_BusIO\Adafruit_SPIDevice.cpp.o (operator new(unsigned int))
C:\Users\info\Documents\GitHub\SsAtx\Sn74hc138dTester\Sn74hc138dTester\Output\Arduino_Zero__Native_USB_Port_\Debug/core\core.a(abi.cpp.o)
                              C:\Users\info\Documents\GitHub\SsAtx\Sn74hc138dTester\Sn74hc138dTester\Output\Arduino_Zero__Native_USB_Port_\Debug/core\core.a(Print.cpp.o) (__cxa_pure_virtual)
[...]
Memory Configuration

Name             Origin             Length             Attributes
FLASH            0x00002000         0x0003e000         xr
RAM              0x20000000         0x00008000         xrw
*default*        0x00000000         0xffffffff

Linker script and memory map

LOAD c:/users/info/appdata/local/arduino15/packages/arduino/tools/arm-none-eabi-gcc/7-2017q4/bin/../lib/gcc/arm-none-eabi/7.2.1/thumb/v6-m/crti.o
LOAD c:/users/info/appdata/local/arduino15/packages/arduino/tools/arm-none-eabi-gcc/7-2017q4/bin/../lib/gcc/arm-none-eabi/7.2.1/thumb/v6-m/crtbegin.o
LOAD c:/users/info/appdata/local/arduino15/packages/arduino/tools/arm-none-eabi-gcc/7-2017q4/bin/../lib/gcc/arm-none-eabi/7.2.1/../../../../arm-none-eabi/lib/thumb/v6-m/crt0.o
LOAD C:\Users\info\Documents\GitHub\SsAtx\Sn74hc138dTester\Sn74hc138dTester\Output\Arduino_Zero__Native_USB_Port_\Debug\sketch\Sn74hc138dTester.ino.cpp.o
LOAD C:\Users\info\Documents\GitHub\SsAtx\Sn74hc138dTester\Sn74hc138dTester\Output\Arduino_Zero__Native_USB_Port_\Debug\libraries\Sn74hc138d\Sn74hc138d.cpp.o
LOAD C:\Users\info\Documents\GitHub\SsAtx\Sn74hc138dTester\Sn74hc138dTester\Output\Arduino_Zero__Native_USB_Port_\Debug\libraries\Adafruit_BusIO\Adafruit_BusIO_Register.cpp.o
LOAD C:\Users\info\Documents\GitHub\SsAtx\Sn74hc138dTester\Sn74hc138dTester\Output\Arduino_Zero__Native_USB_Port_\Debug\libraries\Adafruit_BusIO\Adafruit_I2CDevice.cpp.o
LOAD C:\Users\info\Documents\GitHub\SsAtx\Sn74hc138dTester\Sn74hc138dTester\Output\Arduino_Zero__Native_USB_Port_\Debug\libraries\Adafruit_BusIO\Adafruit_SPIDevice.cpp.o
LOAD C:\Users\info\Documents\GitHub\SsAtx\Sn74hc138dTester\Sn74hc138dTester\Output\Arduino_Zero__Native_USB_Port_\Debug\libraries\Wire\Wire.cpp.o
LOAD C:\Users\info\Documents\GitHub\SsAtx\Sn74hc138dTester\Sn74hc138dTester\Output\Arduino_Zero__Native_USB_Port_\Debug\libraries\SPI\SPI.cpp.o
LOAD C:\Users\info\Documents\GitHub\SsAtx\Sn74hc138dTester\Sn74hc138dTester\Output\Arduino_Zero__Native_USB_Port_\Debug\libraries\Adafruit_MCP23017_Arduino_Library\Adafruit_MCP23X08.cpp.o
LOAD C:\Users\info\Documents\GitHub\SsAtx\Sn74hc138dTester\Sn74hc138dTester\Output\Arduino_Zero__Native_USB_Port_\Debug\libraries\Adafruit_MCP23017_Arduino_Library\Adafruit_MCP23X17.cpp.o
LOAD C:\Users\info\Documents\GitHub\SsAtx\Sn74hc138dTester\Sn74hc138dTester\Output\Arduino_Zero__Native_USB_Port_\Debug\libraries\Adafruit_MCP23017_Arduino_Library\Adafruit_MCP23XXX.cpp.o
LOAD C:\Users\info\Documents\GitHub\SsAtx\Sn74hc138dTester\Sn74hc138dTester\Output\Arduino_Zero__Native_USB_Port_\Debug\core\variant.cpp.o
START GROUP
LOAD C:\Users\info\AppData\Local\Arduino15\packages\arduino\tools\CMSIS\4.5.0/CMSIS/Lib/GCC/\libarm_cortexM0l_math.a
LOAD C:\Users\info\Documents\GitHub\SsAtx\Sn74hc138dTester\Sn74hc138dTester\Output\Arduino_Zero__Native_USB_Port_\Debug/core\core.a
END GROUP
LOAD c:/users/info/appdata/local/arduino15/packages/arduino/tools/arm-none-eabi-gcc/7-2017q4/bin/../lib/gcc/arm-none-eabi/7.2.1/../../../../arm-none-eabi/lib/thumb/v6-m\libstdc++_nano.a
LOAD c:/users/info/appdata/local/arduino15/packages/arduino/tools/arm-none-eabi-gcc/7-2017q4/bin/../lib/gcc/arm-none-eabi/7.2.1/../../../../arm-none-eabi/lib/thumb/v6-m\libm.a
START GROUP
LOAD c:/users/info/appdata/local/arduino15/packages/arduino/tools/arm-none-eabi-gcc/7-2017q4/bin/../lib/gcc/arm-none-eabi/7.2.1/thumb/v6-m\libgcc.a
LOAD c:/users/info/appdata/local/arduino15/packages/arduino/tools/arm-none-eabi-gcc/7-2017q4/bin/../lib/gcc/arm-none-eabi/7.2.1/../../../../arm-none-eabi/lib/thumb/v6-m\libc_nano.a
END GROUP
START GROUP
LOAD c:/users/info/appdata/local/arduino15/packages/arduino/tools/arm-none-eabi-gcc/7-2017q4/bin/../lib/gcc/arm-none-eabi/7.2.1/thumb/v6-m\libgcc.a
LOAD c:/users/info/appdata/local/arduino15/packages/arduino/tools/arm-none-eabi-gcc/7-2017q4/bin/../lib/gcc/arm-none-eabi/7.2.1/../../../../arm-none-eabi/lib/thumb/v6-m\libc_nano.a
LOAD c:/users/info/appdata/local/arduino15/packages/arduino/tools/arm-none-eabi-gcc/7-2017q4/bin/../lib/gcc/arm-none-eabi/7.2.1/../../../../arm-none-eabi/lib/thumb/v6-m\libnosys.a
END GROUP
START GROUP
LOAD c:/users/info/appdata/local/arduino15/packages/arduino/tools/arm-none-eabi-gcc/7-2017q4/bin/../lib/gcc/arm-none-eabi/7.2.1/thumb/v6-m\libgcc.a
LOAD c:/users/info/appdata/local/arduino15/packages/arduino/tools/arm-none-eabi-gcc/7-2017q4/bin/../lib/gcc/arm-none-eabi/7.2.1/../../../../arm-none-eabi/lib/thumb/v6-m\libc_nano.a
LOAD c:/users/info/appdata/local/arduino15/packages/arduino/tools/arm-none-eabi-gcc/7-2017q4/bin/../lib/gcc/arm-none-eabi/7.2.1/../../../../arm-none-eabi/lib/thumb/v6-m\libnosys.a
END GROUP
LOAD c:/users/info/appdata/local/arduino15/packages/arduino/tools/arm-none-eabi-gcc/7-2017q4/bin/../lib/gcc/arm-none-eabi/7.2.1/thumb/v6-m/crtend.o
LOAD c:/users/info/appdata/local/arduino15/packages/arduino/tools/arm-none-eabi-gcc/7-2017q4/bin/../lib/gcc/arm-none-eabi/7.2.1/thumb/v6-m/crtn.o

.text           0x00002000     0x2940
                0x00002000                __text_start__ = .
 *(.sketch_boot)
                0x00002000                . = ALIGN (0x2000)
 *(.isr_vector)
 .isr_vector    0x00002000       0xb4 C:\Users\info\Documents\GitHub\SsAtx\Sn74hc138dTester\Sn74hc138dTester\Output\Arduino_Zero__Native_USB_Port_\Debug/core\core.a(cortex_handlers.c.o)
                0x00002000                exception_table
 *(.text*)
 .text          0x000020b4       0x48 c:/users/info/appdata/local/arduino15/packages/arduino/tools/arm-none-eabi-gcc/7-2017q4/bin/../lib/gcc/arm-none-eabi/7.2.1/thumb/v6-m/crtbegin.o
 .text._Z16initialiseDemux3v
                0x000020fc       0x2c C:\Users\info\Documents\GitHub\SsAtx\Sn74hc138dTester\Sn74hc138dTester\Output\Arduino_Zero__Native_USB_Port_\Debug\sketch\Sn74hc138dTester.ino.cpp.o
                0x000020fc                initialiseDemux3()
 .text._Z16setDemux3Inhibitb
                0x00002128       0x14 C:\Users\info\Documents\GitHub\SsAtx\Sn74hc138dTester\Sn74hc138dTester\Output\Arduino_Zero__Native_USB_Port_\Debug\sketch\Sn74hc138dTester.ino.cpp.o
                0x00002128                setDemux3Inhibit(bool)
 .text.setup    0x0000213c       0x2c C:\Users\info\Documents\GitHub\SsAtx\Sn74hc138dTester\Sn74hc138dTester\Output\Arduino_Zero__Native_USB_Port_\Debug\sketch\Sn74hc138dTester.ino.cpp.o
                0x0000213c                setup
 .text.loop     0x00002168       0x68 C:\Users\info\Documents\GitHub\SsAtx\Sn74hc138dTester\Sn74hc138dTester\Output\Arduino_Zero__Native_USB_Port_\Debug\sketch\Sn74hc138dTester.ino.cpp.o
                0x00002168                loop
 .text.startup._GLOBAL__sub_I_demux1
                0x000021d0       0x58 C:\Users\info\Documents\GitHub\SsAtx\Sn74hc138dTester\Sn74hc138dTester\Output\Arduino_Zero__Native_USB_Port_\Debug\sketch\Sn74hc138dTester.ino.cpp.o
 .text._ZN10Sn74hc138dC2Ehhhh
                0x00002228       0x1a C:\Users\info\Documents\GitHub\SsAtx\Sn74hc138dTester\Sn74hc138dTester\Output\Arduino_Zero__Native_USB_Port_\Debug\libraries\Sn74hc138d\Sn74hc138d.cpp.o
                0x00002228                Sn74hc138d::Sn74hc138d(unsigned char, unsigned char, unsigned char, unsigned char)
                0x00002228                Sn74hc138d::Sn74hc138d(unsigned char, unsigned char, unsigned char, unsigned char)
 .text._ZN10Sn74hc138dC2Ehhhhh
                0x00002242       0x1c C:\Users\info\Documents\GitHub\SsAtx\Sn74hc138dTester\Sn74hc138dTester\Output\Arduino_Zero__Native_USB_Port_\Debug\libraries\Sn74hc138d\Sn74hc138d.cpp.o
                0x00002242                Sn74hc138d::Sn74hc138d(unsigned char, unsigned char, unsigned char, unsigned char, unsigned char)
                0x00002242                Sn74hc138d::Sn74hc138d(unsigned char, unsigned char, unsigned char, unsigned char, unsigned char)
 .text._ZN10Sn74hc138dC2EhhhPFvvEPFvbE
                0x0000225e       0x18 C:\Users\info\Documents\GitHub\SsAtx\Sn74hc138dTester\Sn74hc138dTester\Output\Arduino_Zero__Native_USB_Port_\Debug\libraries\Sn74hc138d\Sn74hc138d.cpp.o
                0x0000225e                Sn74hc138d::Sn74hc138d(unsigned char, unsigned char, unsigned char, void (*)(), void (*)(bool))
                0x0000225e                Sn74hc138d::Sn74hc138d(unsigned char, unsigned char, unsigned char, void (*)(), void (*)(bool))
 .text._ZN10Sn74hc138d10initialiseEv
                0x00002276       0x3c C:\Users\info\Documents\GitHub\SsAtx\Sn74hc138dTester\Sn74hc138dTester\Output\Arduino_Zero__Native_USB_Port_\Debug\libraries\Sn74hc138d\Sn74hc138d.cpp.o
                0x00002276                Sn74hc138d::initialise()
 .text._ZN10Sn74hc138d7setLineEh
                0x000022b2       0x22 C:\Users\info\Documents\GitHub\SsAtx\Sn74hc138dTester\Sn74hc138dTester\Output\Arduino_Zero__Native_USB_Port_\Debug\libraries\Sn74hc138d\Sn74hc138d.cpp.o
                0x000022b2                Sn74hc138d::setLine(unsigned char)
 .text._ZN10Sn74hc138d10setInhibitEb
                0x000022d4       0x1a C:\Users\info\Documents\GitHub\SsAtx\Sn74hc138dTester\Sn74hc138dTester\Output\Arduino_Zero__Native_USB_Port_\Debug\libraries\Sn74hc138d\Sn74hc138d.cpp.o
                0x000022d4                Sn74hc138d::setInhibit(bool)
 .text._ZN23Adafruit_BusIO_RegisterC2EP18Adafruit_I2CDeviceP18Adafruit_SPIDevice26_Adafruit_BusIO_SPIRegTypethhh
                0x000022ee       0x2a C:\Users\info\Documents\GitHub\SsAtx\Sn74hc138dTester\Sn74hc138dTester\Output\Arduino_Zero__Native_USB_Port_\Debug\libraries\Adafruit_BusIO\Adafruit_BusIO_Register.cpp.o
                0x000022ee                Adafruit_BusIO_Register::Adafruit_BusIO_Register(Adafruit_I2CDevice*, Adafruit_SPIDevice*, _Adafruit_BusIO_SPIRegType, unsigned short, unsigned char, unsigned char, unsigned char)
                0x000022ee                Adafruit_BusIO_Register::Adafruit_BusIO_Register(Adafruit_I2CDevice*, Adafruit_SPIDevice*, _Adafruit_BusIO_SPIRegType, unsigned short, unsigned char, unsigned char, unsigned char)
 .text._ZN23Adafruit_BusIO_Register5writeEPhh
                0x00002318       0x70 C:\Users\info\Documents\GitHub\SsAtx\Sn74hc138dTester\Sn74hc138dTester\Output\Arduino_Zero__Native_USB_Port_\Debug\libraries\Adafruit_BusIO\Adafruit_BusIO_Register.cpp.o
                0x00002318                Adafruit_BusIO_Register::write(unsigned char*, unsigned char)
 .text._ZN23Adafruit_BusIO_Register5writeEmh
                0x00002388       0x3e C:\Users\info\Documents\GitHub\SsAtx\Sn74hc138dTester\Sn74hc138dTester\Output\Arduino_Zero__Native_USB_Port_\Debug\libraries\Adafruit_BusIO\Adafruit_BusIO_Register.cpp.o
                0x00002388                Adafruit_BusIO_Register::write(unsigned long, unsigned char)
 .text._ZN23Adafruit_BusIO_Register4readEPhh
                0x000023c6       0x74 C:\Users\info\Documents\GitHub\SsAtx\Sn74hc138dTester\Sn74hc138dTester\Output\Arduino_Zero__Native_USB_Port_\Debug\libraries\Adafruit_BusIO\Adafruit_BusIO_Register.cpp.o
                0x000023c6                Adafruit_BusIO_Register::read(unsigned char*, unsigned char)
 .text._ZN23Adafruit_BusIO_Register4readEv
                0x0000243a       0x3c C:\Users\info\Documents\GitHub\SsAtx\Sn74hc138dTester\Sn74hc138dTester\Output\Arduino_Zero__Native_USB_Port_\Debug\libraries\Adafruit_BusIO\Adafruit_BusIO_Register.cpp.o
                0x0000243a                Adafruit_BusIO_Register::read()
 .text._ZN27Adafruit_BusIO_RegisterBitsC2EP23Adafruit_BusIO_Registerhh
                0x00002476        0x8 C:\Users\info\Documents\GitHub\SsAtx\Sn74hc138dTester\Sn74hc138dTester\Output\Arduino_Zero__Native_USB_Port_\Debug\libraries\Adafruit_BusIO\Adafruit_BusIO_Register.cpp.o
                0x00002476                Adafruit_BusIO_RegisterBits::Adafruit_BusIO_RegisterBits(Adafruit_BusIO_Register*, unsigned char, unsigned char)
                0x00002476                Adafruit_BusIO_RegisterBits::Adafruit_BusIO_RegisterBits(Adafruit_BusIO_Register*, unsigned char, unsigned char)
 .text._ZN27Adafruit_BusIO_RegisterBits5writeEm
                0x0000247e       0x2e C:\Users\info\Documents\GitHub\SsAtx\Sn74hc138dTester\Sn74hc138dTester\Output\Arduino_Zero__Native_USB_Port_\Debug\libraries\Adafruit_BusIO\Adafruit_BusIO_Register.cpp.o
                0x0000247e                Adafruit_BusIO_RegisterBits::write(unsigned long)
 .text._ZN18Adafruit_I2CDevice5writeEPKhjbS1_j
                0x000024ac       0x5c C:\Users\info\Documents\GitHub\SsAtx\Sn74hc138dTester\Sn74hc138dTester\Output\Arduino_Zero__Native_USB_Port_\Debug\libraries\Adafruit_BusIO\Adafruit_I2CDevice.cpp.o
                0x000024ac                Adafruit_I2CDevice::write(unsigned char const*, unsigned int, bool, unsigned char const*, unsigned int)
 .text._ZN18Adafruit_I2CDevice5_readEPhjb
                0x00002508       0x32 C:\Users\info\Documents\GitHub\SsAtx\Sn74hc138dTester\Sn74hc138dTester\Output\Arduino_Zero__Native_USB_Port_\Debug\libraries\Adafruit_BusIO\Adafruit_I2CDevice.cpp.o
                0x00002508                Adafruit_I2CDevice::_read(unsigned char*, unsigned int, bool)
 .text._ZN18Adafruit_I2CDevice4readEPhjb
                0x0000253a       0x3c C:\Users\info\Documents\GitHub\SsAtx\Sn74hc138dTester\Sn74hc138dTester\Output\Arduino_Zero__Native_USB_Port_\Debug\libraries\Adafruit_BusIO\Adafruit_I2CDevice.cpp.o
                0x0000253a                Adafruit_I2CDevice::read(unsigned char*, unsigned int, bool)
 .text._ZN18Adafruit_I2CDevice15write_then_readEPKhjPhjb
                0x00002576       0x2a C:\Users\info\Documents\GitHub\SsAtx\Sn74hc138dTester\Sn74hc138dTester\Output\Arduino_Zero__Native_USB_Port_\Debug\libraries\Adafruit_BusIO\Adafruit_I2CDevice.cpp.o
                0x00002576                Adafruit_I2CDevice::write_then_read(unsigned char const*, unsigned int, unsigned char*, unsigned int, bool)
 .text._ZN18Adafruit_SPIDeviceC2Eam8BitOrderhPN7arduino11HardwareSPIE
                0x000025a0       0x3c C:\Users\info\Documents\GitHub\SsAtx\Sn74hc138dTester\Sn74hc138dTester\Output\Arduino_Zero__Native_USB_Port_\Debug\libraries\Adafruit_BusIO\Adafruit_SPIDevice.cpp.o
                0x000025a0                Adafruit_SPIDevice::Adafruit_SPIDevice(signed char, unsigned long, BitOrder, unsigned char, arduino::HardwareSPI*)
                0x000025a0                Adafruit_SPIDevice::Adafruit_SPIDevice(signed char, unsigned long, BitOrder, unsigned char, arduino::HardwareSPI*)
 .text._ZN18Adafruit_SPIDevice5beginEv
                0x000025dc       0x74 C:\Users\info\Documents\GitHub\SsAtx\Sn74hc138dTester\Sn74hc138dTester\Output\Arduino_Zero__Native_USB_Port_\Debug\libraries\Adafruit_BusIO\Adafruit_SPIDevice.cpp.o
                0x000025dc                Adafruit_SPIDevice::begin()
 .text._ZN18Adafruit_SPIDevice8transferEPhj
                0x00002650      0x160 C:\Users\info\Documents\GitHub\SsAtx\Sn74hc138dTester\Sn74hc138dTester\Output\Arduino_Zero__Native_USB_Port_\Debug\libraries\Adafruit_BusIO\Adafruit_SPIDevice.cpp.o
                0x00002650                Adafruit_SPIDevice::transfer(unsigned char*, unsigned int)
 .text._ZN18Adafruit_SPIDevice8transferEh
                0x000027b0       0x14 C:\Users\info\Documents\GitHub\SsAtx\Sn74hc138dTester\Sn74hc138dTester\Output\Arduino_Zero__Native_USB_Port_\Debug\libraries\Adafruit_BusIO\Adafruit_SPIDevice.cpp.o
                0x000027b0                Adafruit_SPIDevice::transfer(unsigned char)
 .text._ZN18Adafruit_SPIDevice16beginTransactionEv
                0x000027c4       0x18 C:\Users\info\Documents\GitHub\SsAtx\Sn74hc138dTester\Sn74hc138dTester\Output\Arduino_Zero__Native_USB_Port_\Debug\libraries\Adafruit_BusIO\Adafruit_SPIDevice.cpp.o
                0x000027c4                Adafruit_SPIDevice::beginTransaction()
 .text._ZN18Adafruit_SPIDevice14endTransactionEv
                0x000027dc       0x10 C:\Users\info\Documents\GitHub\SsAtx\Sn74hc138dTester\Sn74hc138dTester\Output\Arduino_Zero__Native_USB_Port_\Debug\libraries\Adafruit_BusIO\Adafruit_SPIDevice.cpp.o
                0x000027dc                Adafruit_SPIDevice::endTransaction()
 .text._ZN18Adafruit_SPIDevice13setChipSelectEi
                0x000027ec       0x14 C:\Users\info\Documents\GitHub\SsAtx\Sn74hc138dTester\Sn74hc138dTester\Output\Arduino_Zero__Native_USB_Port_\Debug\libraries\Adafruit_BusIO\Adafruit_SPIDevice.cpp.o
                0x000027ec                Adafruit_SPIDevice::setChipSelect(int)
 .text._ZN18Adafruit_SPIDevice31beginTransactionWithAssertingCSEv
                0x00002800       0x12 C:\Users\info\Documents\GitHub\SsAtx\Sn74hc138dTester\Sn74hc138dTester\Output\Arduino_Zero__Native_USB_Port_\Debug\libraries\Adafruit_BusIO\Adafruit_SPIDevice.cpp.o
                0x00002800                Adafruit_SPIDevice::beginTransactionWithAssertingCS()
 .text._ZN18Adafruit_SPIDevice31endTransactionWithDeassertingCSEv
                0x00002812       0x12 C:\Users\info\Documents\GitHub\SsAtx\Sn74hc138dTester\Sn74hc138dTester\Output\Arduino_Zero__Native_USB_Port_\Debug\libraries\Adafruit_BusIO\Adafruit_SPIDevice.cpp.o
                0x00002812                Adafruit_SPIDevice::endTransactionWithDeassertingCS()
 .text._ZN18Adafruit_SPIDevice5writeEPKhjS1_j
                0x00002824       0x40 C:\Users\info\Documents\GitHub\SsAtx\Sn74hc138dTester\Sn74hc138dTester\Output\Arduino_Zero__Native_USB_Port_\Debug\libraries\Adafruit_BusIO\Adafruit_SPIDevice.cpp.o
                0x00002824                Adafruit_SPIDevice::write(unsigned char const*, unsigned int, unsigned char const*, unsigned int)
 .text._ZN18Adafruit_SPIDevice15write_then_readEPKhjPhjh
                0x00002864       0x48 C:\Users\info\Documents\GitHub\SsAtx\Sn74hc138dTester\Sn74hc138dTester\Output\Arduino_Zero__Native_USB_Port_\Debug\libraries\Adafruit_BusIO\Adafruit_SPIDevice.cpp.o
                0x00002864                Adafruit_SPIDevice::write_then_read(unsigned char const*, unsigned int, unsigned char*, unsigned int, unsigned char)
 .text._ZN7arduino5Print17availableForWriteEv
                0x000028ac        0x4 C:\Users\info\Documents\GitHub\SsAtx\Sn74hc138dTester\Sn74hc138dTester\Output\Arduino_Zero__Native_USB_Port_\Debug\libraries\Wire\Wire.cpp.o
                0x000028ac                arduino::Print::availableForWrite()
 .text._ZN7TwoWire5writeEPKhj
                0x000028b0       0x24 C:\Users\info\Documents\GitHub\SsAtx\Sn74hc138dTester\Sn74hc138dTester\Output\Arduino_Zero__Native_USB_Port_\Debug\libraries\Wire\Wire.cpp.o
                0x000028b0                TwoWire::write(unsigned char const*, unsigned int)
 .text._ZN7TwoWire9availableEv
                0x000028d4        0x4 C:\Users\info\Documents\GitHub\SsAtx\Sn74hc138dTester\Sn74hc138dTester\Output\Arduino_Zero__Native_USB_Port_\Debug\libraries\Wire\Wire.cpp.o
                0x000028d4                TwoWire::available()
 .text._ZN7TwoWire5flushEv
                0x000028d8        0x2 C:\Users\info\Documents\GitHub\SsAtx\Sn74hc138dTester\Sn74hc138dTester\Output\Arduino_Zero__Native_USB_Port_\Debug\libraries\Wire\Wire.cpp.o
                0x000028d8                TwoWire::flush()
 .text._ZN7TwoWire4peekEv
                0x000028da       0x14 C:\Users\info\Documents\GitHub\SsAtx\Sn74hc138dTester\Sn74hc138dTester\Output\Arduino_Zero__Native_USB_Port_\Debug\libraries\Wire\Wire.cpp.o
                0x000028da                TwoWire::peek()
 *fill*         0x000028ee        0x2 
 .text._ZN7TwoWireC2EP6SERCOMhh
                0x000028f0       0x5c C:\Users\info\Documents\GitHub\SsAtx\Sn74hc138dTester\Sn74hc138dTester\Output\Arduino_Zero__Native_USB_Port_\Debug\libraries\Wire\Wire.cpp.o
                0x000028f0                TwoWire::TwoWire(SERCOM*, unsigned char, unsigned char)
                0x000028f0                TwoWire::TwoWire(SERCOM*, unsigned char, unsigned char)
 .text._ZN7TwoWire17beginTransmissionEh
                0x0000294c       0x1e C:\Users\info\Documents\GitHub\SsAtx\Sn74hc138dTester\Sn74hc138dTester\Output\Arduino_Zero__Native_USB_Port_\Debug\libraries\Wire\Wire.cpp.o
                0x0000294c                TwoWire::beginTransmission(unsigned char)
 .text._ZN7arduino11RingBufferNILi64EE10store_charEh
                0x0000296a       0x1c C:\Users\info\Documents\GitHub\SsAtx\Sn74hc138dTester\Sn74hc138dTester\Output\Arduino_Zero__Native_USB_Port_\Debug\libraries\Wire\Wire.cpp.o
                0x0000296a                arduino::RingBufferN<64>::store_char(unsigned char)
 .text._ZN7TwoWire11requestFromEhjb
                0x00002986       0x60 C:\Users\info\Documents\GitHub\SsAtx\Sn74hc138dTester\Sn74hc138dTester\Output\Arduino_Zero__Native_USB_Port_\Debug\libraries\Wire\Wire.cpp.o
                0x00002986                TwoWire::requestFrom(unsigned char, unsigned int, bool)
 .text._ZN7TwoWire5writeEh
                0x000029e6       0x20 C:\Users\info\Documents\GitHub\SsAtx\Sn74hc138dTester\Sn74hc138dTester\Output\Arduino_Zero__Native_USB_Port_\Debug\libraries\Wire\Wire.cpp.o
                0x000029e6                TwoWire::write(unsigned char)
 .text._ZN7arduino11RingBufferNILi64EE9read_charEv
                0x00002a06       0x24 C:\Users\info\Documents\GitHub\SsAtx\Sn74hc138dTester\Sn74hc138dTester\Output\Arduino_Zero__Native_USB_Port_\Debug\libraries\Wire\Wire.cpp.o
                0x00002a06                arduino::RingBufferN<64>::read_char()
 .text._ZN7TwoWire15endTransmissionEb
                0x00002a2a       0x62 C:\Users\info\Documents\GitHub\SsAtx\Sn74hc138dTester\Sn74hc138dTester\Output\Arduino_Zero__Native_USB_Port_\Debug\libraries\Wire\Wire.cpp.o
                0x00002a2a                TwoWire::endTransmission(bool)
 .text._ZN7TwoWire4readEv
                0x00002a8c        0xa C:\Users\info\Documents\GitHub\SsAtx\Sn74hc138dTester\Sn74hc138dTester\Output\Arduino_Zero__Native_USB_Port_\Debug\libraries\Wire\Wire.cpp.o
                0x00002a8c                TwoWire::read()
 .text._ZN7TwoWire9onServiceEv
                0x00002a96      0x102 C:\Users\info\Documents\GitHub\SsAtx\Sn74hc138dTester\Sn74hc138dTester\Output\Arduino_Zero__Native_USB_Port_\Debug\libraries\Wire\Wire.cpp.o
                0x00002a96                TwoWire::onService()
 .text.SERCOM3_Handler
                0x00002b98       0x10 C:\Users\info\Documents\GitHub\SsAtx\Sn74hc138dTester\Sn74hc138dTester\Output\Arduino_Zero__Native_USB_Port_\Debug\libraries\Wire\Wire.cpp.o
                0x00002b98                SERCOM3_Handler
 .text.startup._GLOBAL__sub_I__ZN7TwoWireC2EP6SERCOMhh
                0x00002ba8       0x18 C:\Users\info\Documents\GitHub\SsAtx\Sn74hc138dTester\Sn74hc138dTester\Output\Arduino_Zero__Native_USB_Port_\Debug\libraries\Wire\Wire.cpp.o
 .text._ZN12SPIClassSAMD8transferEPvj
                0x00002bc0       0x1e C:\Users\info\Documents\GitHub\SsAtx\Sn74hc138dTester\Sn74hc138dTester\Output\Arduino_Zero__Native_USB_Port_\Debug\libraries\SPI\SPI.cpp.o
                0x00002bc0                SPIClassSAMD::transfer(void*, unsigned int)
 .text._ZN12SPIClassSAMD15attachInterruptEv
                0x00002bde        0x2 C:\Users\info\Documents\GitHub\SsAtx\Sn74hc138dTester\Sn74hc138dTester\Output\Arduino_Zero__Native_USB_Port_\Debug\libraries\SPI\SPI.cpp.o
                0x00002bde                SPIClassSAMD::detachInterrupt()
                0x00002bde                SPIClassSAMD::attachInterrupt()
 .text._ZN12SPIClassSAMDD2Ev
                0x00002be0        0x2 C:\Users\info\Documents\GitHub\SsAtx\Sn74hc138dTester\Sn74hc138dTester\Output\Arduino_Zero__Native_USB_Port_\Debug\libraries\SPI\SPI.cpp.o
                0x00002be0                SPIClassSAMD::~SPIClassSAMD()
                0x00002be0                SPIClassSAMD::~SPIClassSAMD()
 .text._ZN12SPIClassSAMD3endEv
                0x00002be2       0x10 C:\Users\info\Documents\GitHub\SsAtx\Sn74hc138dTester\Sn74hc138dTester\Output\Arduino_Zero__Native_USB_Port_\Debug\libraries\SPI\SPI.cpp.o
                0x00002be2                SPIClassSAMD::end()
 .text._ZN12SPIClassSAMD8transferEh
                0x00002bf2        0xa C:\Users\info\Documents\GitHub\SsAtx\Sn74hc138dTester\Sn74hc138dTester\Output\Arduino_Zero__Native_USB_Port_\Debug\libraries\SPI\SPI.cpp.o
                0x00002bf2                SPIClassSAMD::transfer(unsigned char)
 .text._ZN12SPIClassSAMD10transfer16Et
                0x00002bfc       0x58 C:\Users\info\Documents\GitHub\SsAtx\Sn74hc138dTester\Sn74hc138dTester\Output\Arduino_Zero__Native_USB_Port_\Debug\libraries\SPI\SPI.cpp.o
                0x00002bfc                SPIClassSAMD::transfer16(unsigned short)
 .text._ZN12SPIClassSAMDD0Ev
                0x00002c54        0xc C:\Users\info\Documents\GitHub\SsAtx\Sn74hc138dTester\Sn74hc138dTester\Output\Arduino_Zero__Native_USB_Port_\Debug\libraries\SPI\SPI.cpp.o
                0x00002c54                SPIClassSAMD::~SPIClassSAMD()
 .text._ZN12SPIClassSAMD14usingInterruptEi
                0x00002c60       0x44 C:\Users\info\Documents\GitHub\SsAtx\Sn74hc138dTester\Sn74hc138dTester\Output\Arduino_Zero__Native_USB_Port_\Debug\libraries\SPI\SPI.cpp.o
                0x00002c60                SPIClassSAMD::usingInterrupt(int)
 .text._ZN12SPIClassSAMD17notUsingInterruptEi
                0x00002ca4       0x3c C:\Users\info\Documents\GitHub\SsAtx\Sn74hc138dTester\Sn74hc138dTester\Output\Arduino_Zero__Native_USB_Port_\Debug\libraries\SPI\SPI.cpp.o
                0x00002ca4                SPIClassSAMD::notUsingInterrupt(int)
 .text._ZN12SPIClassSAMD14endTransactionEv
                0x00002ce0       0x28 C:\Users\info\Documents\GitHub\SsAtx\Sn74hc138dTester\Sn74hc138dTester\Output\Arduino_Zero__Native_USB_Port_\Debug\libraries\SPI\SPI.cpp.o
                0x00002ce0                SPIClassSAMD::endTransaction()
 .text._ZN12SPIClassSAMD4initEv
                0x00002d08       0x12 C:\Users\info\Documents\GitHub\SsAtx\Sn74hc138dTester\Sn74hc138dTester\Output\Arduino_Zero__Native_USB_Port_\Debug\libraries\SPI\SPI.cpp.o
                0x00002d08                SPIClassSAMD::init()
 *fill*         0x00002d1a        0x2 
 .text._ZN12SPIClassSAMD6configEN7arduino11SPISettingsE
                0x00002d1c       0x74 C:\Users\info\Documents\GitHub\SsAtx\Sn74hc138dTester\Sn74hc138dTester\Output\Arduino_Zero__Native_USB_Port_\Debug\libraries\SPI\SPI.cpp.o
                0x00002d1c                SPIClassSAMD::config(arduino::SPISettings)
 .text._ZN12SPIClassSAMD5beginEv
                0x00002d90       0x50 C:\Users\info\Documents\GitHub\SsAtx\Sn74hc138dTester\Sn74hc138dTester\Output\Arduino_Zero__Native_USB_Port_\Debug\libraries\SPI\SPI.cpp.o
                0x00002d90                SPIClassSAMD::begin()
 .text._ZN12SPIClassSAMD16beginTransactionEN7arduino11SPISettingsE
                0x00002de0       0x38 C:\Users\info\Documents\GitHub\SsAtx\Sn74hc138dTester\Sn74hc138dTester\Output\Arduino_Zero__Native_USB_Port_\Debug\libraries\SPI\SPI.cpp.o
                0x00002de0                SPIClassSAMD::beginTransaction(arduino::SPISettings)
 .text.startup._GLOBAL__sub_I__ZN12SPIClassSAMDC2EP6SERCOMhhh14SercomSpiTXPad11SercomRXPad
                0x00002e18       0x5c C:\Users\info\Documents\GitHub\SsAtx\Sn74hc138dTester\Sn74hc138dTester\Output\Arduino_Zero__Native_USB_Port_\Debug\libraries\SPI\SPI.cpp.o
 .text._ZN17Adafruit_MCP23X17C2Ev
                0x00002e74        0xc C:\Users\info\Documents\GitHub\SsAtx\Sn74hc138dTester\Sn74hc138dTester\Output\Arduino_Zero__Native_USB_Port_\Debug\libraries\Adafruit_MCP23017_Arduino_Library\Adafruit_MCP23X17.cpp.o
                0x00002e74                Adafruit_MCP23X17::Adafruit_MCP23X17()
                0x00002e74                Adafruit_MCP23X17::Adafruit_MCP23X17()
 .text._ZN17Adafruit_MCP23X1714enableAddrPinsEv
                0x00002e80       0x78 C:\Users\info\Documents\GitHub\SsAtx\Sn74hc138dTester\Sn74hc138dTester\Output\Arduino_Zero__Native_USB_Port_\Debug\libraries\Adafruit_MCP23017_Arduino_Library\Adafruit_MCP23X17.cpp.o
                0x00002e80                Adafruit_MCP23X17::enableAddrPins()
 .text._ZN17Adafruit_MCP23XXX9begin_SPIEhPN7arduino11HardwareSPIEh
                0x00002ef8       0x30 C:\Users\info\Documents\GitHub\SsAtx\Sn74hc138dTester\Sn74hc138dTester\Output\Arduino_Zero__Native_USB_Port_\Debug\libraries\Adafruit_MCP23017_Arduino_Library\Adafruit_MCP23XXX.cpp.o
                0x00002ef8                Adafruit_MCP23XXX::begin_SPI(unsigned char, arduino::HardwareSPI*, unsigned char)
 .text._ZN17Adafruit_MCP23XXX11getRegisterEhh
                0x00002f28       0x24 C:\Users\info\Documents\GitHub\SsAtx\Sn74hc138dTester\Sn74hc138dTester\Output\Arduino_Zero__Native_USB_Port_\Debug\libraries\Adafruit_MCP23017_Arduino_Library\Adafruit_MCP23XXX.cpp.o
                0x00002f28                Adafruit_MCP23XXX::getRegister(unsigned char, unsigned char)
 .text._ZN17Adafruit_MCP23XXX7pinModeEhh
                0x00002f4c       0x8c C:\Users\info\Documents\GitHub\SsAtx\Sn74hc138dTester\Sn74hc138dTester\Output\Arduino_Zero__Native_USB_Port_\Debug\libraries\Adafruit_MCP23017_Arduino_Library\Adafruit_MCP23XXX.cpp.o
                0x00002f4c                Adafruit_MCP23XXX::pinMode(unsigned char, unsigned char)
 .text._ZN17Adafruit_MCP23XXX12digitalWriteEhh
                0x00002fd8       0x4c C:\Users\info\Documents\GitHub\SsAtx\Sn74hc138dTester\Sn74hc138dTester\Output\Arduino_Zero__Native_USB_Port_\Debug\libraries\Adafruit_MCP23017_Arduino_Library\Adafruit_MCP23XXX.cpp.o
                0x00002fd8                Adafruit_MCP23XXX::digitalWrite(unsigned char, unsigned char)
 .text.SERCOM0_Handler
                0x00003024       0x10 C:\Users\info\Documents\GitHub\SsAtx\Sn74hc138dTester\Sn74hc138dTester\Output\Arduino_Zero__Native_USB_Port_\Debug\core\variant.cpp.o
                0x00003024                SERCOM0_Handler
 .text.SERCOM5_Handler
                0x00003034       0x10 C:\Users\info\Documents\GitHub\SsAtx\Sn74hc138dTester\Sn74hc138dTester\Output\Arduino_Zero__Native_USB_Port_\Debug\core\variant.cpp.o
                0x00003034                SERCOM5_Handler
 .text.startup._GLOBAL__sub_I_g_APinDescription
                0x00003044       0x94 C:\Users\info\Documents\GitHub\SsAtx\Sn74hc138dTester\Sn74hc138dTester\Output\Arduino_Zero__Native_USB_Port_\Debug\core\variant.cpp.o
 .text.Dummy_Handler
                0x000030d8        0x2 C:\Users\info\Documents\GitHub\SsAtx\Sn74hc138dTester\Sn74hc138dTester\Output\Arduino_Zero__Native_USB_Port_\Debug/core\core.a(cortex_handlers.c.o)
                0x000030d8                DMAC_Handler
                0x000030d8                HardFault_Handler
                0x000030d8                AC_Handler
                0x000030d8                PendSV_Handler
                0x000030d8                NMI_Handler
                0x000030d8                TC7_Handler
                0x000030d8                SERCOM1_Handler
                0x000030d8                ADC_Handler
                0x000030d8                TCC1_Handler
                0x000030d8                SERCOM2_Handler
                0x000030d8                TCC0_Handler
                0x000030d8                RTC_Handler
                0x000030d8                EIC_Handler
                0x000030d8                TC6_Handler
                0x000030d8                WDT_Handler
                0x000030d8                TC4_Handler
                0x000030d8                TC3_Handler
                0x000030d8                Dummy_Handler
                0x000030d8                PM_Handler
                0x000030d8                SVC_Handler
                0x000030d8                TCC2_Handler
                0x000030d8                EVSYS_Handler
                0x000030d8                SERCOM4_Handler
                0x000030d8                I2S_Handler
                0x000030d8                NVMCTRL_Handler
                0x000030d8                DAC_Handler
                0x000030d8                PTC_Handler
                0x000030d8                SYSCTRL_Handler
 *fill*         0x000030da        0x2 
 .text.USB_Handler
                0x000030dc       0x14 C:\Users\info\Documents\GitHub\SsAtx\Sn74hc138dTester\Sn74hc138dTester\Output\Arduino_Zero__Native_USB_Port_\Debug/core\core.a(cortex_handlers.c.o)
                0x000030dc                USB_Handler
 .text.Reset_Handler
                0x000030f0       0x54 C:\Users\info\Documents\GitHub\SsAtx\Sn74hc138dTester\Sn74hc138dTester\Output\Arduino_Zero__Native_USB_Port_\Debug/core\core.a(cortex_handlers.c.o)
                0x000030f0                Reset_Handler
 .text.SysTick_Handler
                0x00003144       0x10 C:\Users\info\Documents\GitHub\SsAtx\Sn74hc138dTester\Sn74hc138dTester\Output\Arduino_Zero__Native_USB_Port_\Debug/core\core.a(cortex_handlers.c.o)
                0x00003144                SysTick_Handler
 .text.micros   0x00003154       0x60 C:\Users\info\Documents\GitHub\SsAtx\Sn74hc138dTester\Sn74hc138dTester\Output\Arduino_Zero__Native_USB_Port_\Debug/core\core.a(delay.c.o)
                0x00003154                micros
 .text.delay    0x000031b4       0x30 C:\Users\info\Documents\GitHub\SsAtx\Sn74hc138dTester\Sn74hc138dTester\Output\Arduino_Zero__Native_USB_Port_\Debug/core\core.a(delay.c.o)
                0x000031b4                delay
 .text.SysTick_DefaultHandler
                0x000031e4       0x14 C:\Users\info\Documents\GitHub\SsAtx\Sn74hc138dTester\Sn74hc138dTester\Output\Arduino_Zero__Native_USB_Port_\Debug/core\core.a(delay.c.o)
                0x000031e4                SysTick_DefaultHandler
 .text.delayMicroseconds
                0x000031f8       0x16 C:\Users\info\Documents\GitHub\SsAtx\Sn74hc138dTester\Sn74hc138dTester\Output\Arduino_Zero__Native_USB_Port_\Debug/core\core.a(delay.c.o)
                0x000031f8                delayMicroseconds
 .text.__empty  0x0000320e        0x2 C:\Users\info\Documents\GitHub\SsAtx\Sn74hc138dTester\Sn74hc138dTester\Output\Arduino_Zero__Native_USB_Port_\Debug/core\core.a(hooks.c.o)
                0x0000320e                yield
 .text.__false  0x00003210        0x4 C:\Users\info\Documents\GitHub\SsAtx\Sn74hc138dTester\Sn74hc138dTester\Output\Arduino_Zero__Native_USB_Port_\Debug/core\core.a(hooks.c.o)
                0x00003210                sysTickHook
 .text.SystemInit
                0x00003214      0x160 C:\Users\info\Documents\GitHub\SsAtx\Sn74hc138dTester\Sn74hc138dTester\Output\Arduino_Zero__Native_USB_Port_\Debug/core\core.a(startup.c.o)
                0x00003214                SystemInit
 .text.init     0x00003374       0xf0 C:\Users\info\Documents\GitHub\SsAtx\Sn74hc138dTester\Sn74hc138dTester\Output\Arduino_Zero__Native_USB_Port_\Debug/core\core.a(wiring.c.o)
                0x00003374                init
 .text.analogReference
                0x00003464       0x64 C:\Users\info\Documents\GitHub\SsAtx\Sn74hc138dTester\Sn74hc138dTester\Output\Arduino_Zero__Native_USB_Port_\Debug/core\core.a(wiring_analog.c.o)
                0x00003464                analogReference
 .text.pinMode  0x000034c8       0x98 C:\Users\info\Documents\GitHub\SsAtx\Sn74hc138dTester\Sn74hc138dTester\Output\Arduino_Zero__Native_USB_Port_\Debug/core\core.a(wiring_digital.c.o)
                0x000034c8                pinMode
 .text.digitalWrite
                0x00003560       0x58 C:\Users\info\Documents\GitHub\SsAtx\Sn74hc138dTester\Sn74hc138dTester\Output\Arduino_Zero__Native_USB_Port_\Debug/core\core.a(wiring_digital.c.o)
                0x00003560                digitalWrite
 .text.pinPeripheral
                0x000035b8       0xc0 C:\Users\info\Documents\GitHub\SsAtx\Sn74hc138dTester\Sn74hc138dTester\Output\Arduino_Zero__Native_USB_Port_\Debug/core\core.a(wiring_private.c.o)
                0x000035b8                pinPeripheral
 .text.tickReset
                0x00003678       0x78 C:\Users\info\Documents\GitHub\SsAtx\Sn74hc138dTester\Sn74hc138dTester\Output\Arduino_Zero__Native_USB_Port_\Debug/core\core.a(Reset.cpp.o)
                0x00003678                tickReset
 .text._ZN6SERCOMC2EP6Sercom
                0x000036f0        0x8 C:\Users\info\Documents\GitHub\SsAtx\Sn74hc138dTester\Sn74hc138dTester\Output\Arduino_Zero__Native_USB_Port_\Debug/core\core.a(SERCOM.cpp.o)
                0x000036f0                SERCOM::SERCOM(Sercom*)
                0x000036f0                SERCOM::SERCOM(Sercom*)
 .text._ZN6SERCOM9initFrameE18SercomUartCharSize15SercomDataOrder16SercomParityMode19SercomNumberStopBit
                0x000036f8       0x3a C:\Users\info\Documents\GitHub\SsAtx\Sn74hc138dTester\Sn74hc138dTester\Output\Arduino_Zero__Native_USB_Port_\Debug/core\core.a(SERCOM.cpp.o)
                0x000036f8                SERCOM::initFrame(SercomUartCharSize, SercomDataOrder, SercomParityMode, SercomNumberStopBit)
 .text._ZN6SERCOM8initPadsE15SercomUartTXPad11SercomRXPad
                0x00003732       0x26 C:\Users\info\Documents\GitHub\SsAtx\Sn74hc138dTester\Sn74hc138dTester\Output\Arduino_Zero__Native_USB_Port_\Debug/core\core.a(SERCOM.cpp.o)
                0x00003732                SERCOM::initPads(SercomUartTXPad, SercomRXPad)
 .text._ZN6SERCOM9resetUARTEv
                0x00003758       0x1a C:\Users\info\Documents\GitHub\SsAtx\Sn74hc138dTester\Sn74hc138dTester\Output\Arduino_Zero__Native_USB_Port_\Debug/core\core.a(SERCOM.cpp.o)
                0x00003758                SERCOM::resetUART()
 .text._ZN6SERCOM10enableUARTEv
                0x00003772       0x14 C:\Users\info\Documents\GitHub\SsAtx\Sn74hc138dTester\Sn74hc138dTester\Output\Arduino_Zero__Native_USB_Port_\Debug/core\core.a(SERCOM.cpp.o)
                0x00003772                SERCOM::enableUART()
 .text._ZN6SERCOM9flushUARTEv
                0x00003786       0x14 C:\Users\info\Documents\GitHub\SsAtx\Sn74hc138dTester\Sn74hc138dTester\Output\Arduino_Zero__Native_USB_Port_\Debug/core\core.a(SERCOM.cpp.o)
                0x00003786                SERCOM::flushUART()
 .text._ZN6SERCOM15clearStatusUARTEv
                0x0000379a        0x8 C:\Users\info\Documents\GitHub\SsAtx\Sn74hc138dTester\Sn74hc138dTester\Output\Arduino_Zero__Native_USB_Port_\Debug/core\core.a(SERCOM.cpp.o)
                0x0000379a                SERCOM::clearStatusUART()
 .text._ZN6SERCOM17availableDataUARTEv
                0x000037a2        0xa C:\Users\info\Documents\GitHub\SsAtx\Sn74hc138dTester\Sn74hc138dTester\Output\Arduino_Zero__Native_USB_Port_\Debug/core\core.a(SERCOM.cpp.o)
                0x000037a2                SERCOM::availableDataUART()
 .text._ZN6SERCOM11isUARTErrorEv
                0x000037ac        0x8 C:\Users\info\Documents\GitHub\SsAtx\Sn74hc138dTester\Sn74hc138dTester\Output\Arduino_Zero__Native_USB_Port_\Debug/core\core.a(SERCOM.cpp.o)
                0x000037ac                SERCOM::isUARTError()
 .text._ZN6SERCOM20acknowledgeUARTErrorEv
                0x000037b4        0xe C:\Users\info\Documents\GitHub\SsAtx\Sn74hc138dTester\Sn74hc138dTester\Output\Arduino_Zero__Native_USB_Port_\Debug/core\core.a(SERCOM.cpp.o)
                0x000037b4                SERCOM::acknowledgeUARTError()
 .text._ZN6SERCOM16isFrameErrorUARTEv
                0x000037c2        0xa C:\Users\info\Documents\GitHub\SsAtx\Sn74hc138dTester\Sn74hc138dTester\Output\Arduino_Zero__Native_USB_Port_\Debug/core\core.a(SERCOM.cpp.o)
                0x000037c2                SERCOM::isFrameErrorUART()
 .text._ZN6SERCOM19clearFrameErrorUARTEv
                0x000037cc        0xc C:\Users\info\Documents\GitHub\SsAtx\Sn74hc138dTester\Sn74hc138dTester\Output\Arduino_Zero__Native_USB_Port_\Debug/core\core.a(SERCOM.cpp.o)
                0x000037cc                SERCOM::clearFrameErrorUART()
 .text._ZN6SERCOM23isDataRegisterEmptyUARTEv
                0x000037d8        0xa C:\Users\info\Documents\GitHub\SsAtx\Sn74hc138dTester\Sn74hc138dTester\Output\Arduino_Zero__Native_USB_Port_\Debug/core\core.a(SERCOM.cpp.o)
                0x000037d8                SERCOM::isDataRegisterEmptyUART()
 .text._ZN6SERCOM12readDataUARTEv
                0x000037e2        0x8 C:\Users\info\Documents\GitHub\SsAtx\Sn74hc138dTester\Sn74hc138dTester\Output\Arduino_Zero__Native_USB_Port_\Debug/core\core.a(SERCOM.cpp.o)
                0x000037e2                SERCOM::readDataUART()
 .text._ZN6SERCOM13writeDataUARTEh
                0x000037ea       0x14 C:\Users\info\Documents\GitHub\SsAtx\Sn74hc138dTester\Sn74hc138dTester\Output\Arduino_Zero__Native_USB_Port_\Debug/core\core.a(SERCOM.cpp.o)
                0x000037ea                SERCOM::writeDataUART(unsigned char)
 .text._ZN6SERCOM36enableDataRegisterEmptyInterruptUARTEv
                0x000037fe        0x8 C:\Users\info\Documents\GitHub\SsAtx\Sn74hc138dTester\Sn74hc138dTester\Output\Arduino_Zero__Native_USB_Port_\Debug/core\core.a(SERCOM.cpp.o)
                0x000037fe                SERCOM::enableDataRegisterEmptyInterruptUART()
 .text._ZN6SERCOM37disableDataRegisterEmptyInterruptUARTEv
                0x00003806        0x8 C:\Users\info\Documents\GitHub\SsAtx\Sn74hc138dTester\Sn74hc138dTester\Output\Arduino_Zero__Native_USB_Port_\Debug/core\core.a(SERCOM.cpp.o)
                0x00003806                SERCOM::disableDataRegisterEmptyInterruptUART()
 *fill*         0x0000380e        0x2 
 .text._ZN6SERCOM12initSPIClockE18SercomSpiClockModem
                0x00003810       0x30 C:\Users\info\Documents\GitHub\SsAtx\Sn74hc138dTester\Sn74hc138dTester\Output\Arduino_Zero__Native_USB_Port_\Debug/core\core.a(SERCOM.cpp.o)
                0x00003810                SERCOM::initSPIClock(SercomSpiClockMode, unsigned long)
 .text._ZN6SERCOM8resetSPIEv
                0x00003840       0x1a C:\Users\info\Documents\GitHub\SsAtx\Sn74hc138dTester\Sn74hc138dTester\Output\Arduino_Zero__Native_USB_Port_\Debug/core\core.a(SERCOM.cpp.o)
                0x00003840                SERCOM::resetSPI()
 .text._ZN6SERCOM9enableSPIEv
                0x0000385a       0x14 C:\Users\info\Documents\GitHub\SsAtx\Sn74hc138dTester\Sn74hc138dTester\Output\Arduino_Zero__Native_USB_Port_\Debug/core\core.a(SERCOM.cpp.o)
                0x0000385a                SERCOM::enableSPI()
 .text._ZN6SERCOM10disableSPIEv
                0x0000386e       0x12 C:\Users\info\Documents\GitHub\SsAtx\Sn74hc138dTester\Sn74hc138dTester\Output\Arduino_Zero__Native_USB_Port_\Debug/core\core.a(SERCOM.cpp.o)
                0x0000386e                SERCOM::disableSPI()
 .text._ZN6SERCOM15getDataOrderSPIEv
                0x00003880        0xa C:\Users\info\Documents\GitHub\SsAtx\Sn74hc138dTester\Sn74hc138dTester\Output\Arduino_Zero__Native_USB_Port_\Debug/core\core.a(SERCOM.cpp.o)
                0x00003880                SERCOM::getDataOrderSPI()
 .text._ZN6SERCOM15transferDataSPIEh
                0x0000388a       0x1a C:\Users\info\Documents\GitHub\SsAtx\Sn74hc138dTester\Sn74hc138dTester\Output\Arduino_Zero__Native_USB_Port_\Debug/core\core.a(SERCOM.cpp.o)
                0x0000388a                SERCOM::transferDataSPI(unsigned char)
 .text._ZN6SERCOM18prepareNackBitWIREEv
                0x000038a4       0x10 C:\Users\info\Documents\GitHub\SsAtx\Sn74hc138dTester\Sn74hc138dTester\Output\Arduino_Zero__Native_USB_Port_\Debug/core\core.a(SERCOM.cpp.o)
                0x000038a4                SERCOM::prepareNackBitWIRE()
 .text._ZN6SERCOM17prepareAckBitWIREEv
                0x000038b4       0x14 C:\Users\info\Documents\GitHub\SsAtx\Sn74hc138dTester\Sn74hc138dTester\Output\Arduino_Zero__Native_USB_Port_\Debug/core\core.a(SERCOM.cpp.o)
                0x000038b4                SERCOM::prepareAckBitWIRE()
 .text._ZN6SERCOM22prepareCommandBitsWireEh
                0x000038c8       0x2c C:\Users\info\Documents\GitHub\SsAtx\Sn74hc138dTester\Sn74hc138dTester\Output\Arduino_Zero__Native_USB_Port_\Debug/core\core.a(SERCOM.cpp.o)
                0x000038c8                SERCOM::prepareCommandBitsWire(unsigned char)
 .text._ZN6SERCOM21startTransmissionWIREEh23SercomWireReadWriteFlag
                0x000038f4       0x84 C:\Users\info\Documents\GitHub\SsAtx\Sn74hc138dTester\Sn74hc138dTester\Output\Arduino_Zero__Native_USB_Port_\Debug/core\core.a(SERCOM.cpp.o)
                0x000038f4                SERCOM::startTransmissionWIRE(unsigned char, SercomWireReadWriteFlag)
 .text._ZN6SERCOM18sendDataMasterWIREEh
                0x00003978       0x30 C:\Users\info\Documents\GitHub\SsAtx\Sn74hc138dTester\Sn74hc138dTester\Output\Arduino_Zero__Native_USB_Port_\Debug/core\core.a(SERCOM.cpp.o)
                0x00003978                SERCOM::sendDataMasterWIRE(unsigned char)
 .text._ZN6SERCOM17sendDataSlaveWIREEh
                0x000039a8       0x1c C:\Users\info\Documents\GitHub\SsAtx\Sn74hc138dTester\Sn74hc138dTester\Output\Arduino_Zero__Native_USB_Port_\Debug/core\core.a(SERCOM.cpp.o)
                0x000039a8                SERCOM::sendDataSlaveWIRE(unsigned char)
 .text._ZN6SERCOM11isSlaveWIREEv
                0x000039c4       0x12 C:\Users\info\Documents\GitHub\SsAtx\Sn74hc138dTester\Sn74hc138dTester\Output\Arduino_Zero__Native_USB_Port_\Debug/core\core.a(SERCOM.cpp.o)
                0x000039c4                SERCOM::isSlaveWIRE()
 .text._ZN6SERCOM15isDataReadyWIREEv
                0x000039d6        0xa C:\Users\info\Documents\GitHub\SsAtx\Sn74hc138dTester\Sn74hc138dTester\Output\Arduino_Zero__Native_USB_Port_\Debug/core\core.a(SERCOM.cpp.o)
                0x000039d6                SERCOM::isDataReadyWIRE()
 .text._ZN6SERCOM18isStopDetectedWIREEv
                0x000039e0        0xa C:\Users\info\Documents\GitHub\SsAtx\Sn74hc138dTester\Sn74hc138dTester\Output\Arduino_Zero__Native_USB_Port_\Debug/core\core.a(SERCOM.cpp.o)
                0x000039e0                SERCOM::isStopDetectedWIRE()
 .text._ZN6SERCOM21isRestartDetectedWIREEv
                0x000039ea        0xa C:\Users\info\Documents\GitHub\SsAtx\Sn74hc138dTester\Sn74hc138dTester\Output\Arduino_Zero__Native_USB_Port_\Debug/core\core.a(SERCOM.cpp.o)
                0x000039ea                SERCOM::isRestartDetectedWIRE()
 .text._ZN6SERCOM14isAddressMatchEv
                0x000039f4        0xa C:\Users\info\Documents\GitHub\SsAtx\Sn74hc138dTester\Sn74hc138dTester\Output\Arduino_Zero__Native_USB_Port_\Debug/core\core.a(SERCOM.cpp.o)
                0x000039f4                SERCOM::isAddressMatch()
 .text._ZN6SERCOM25isMasterReadOperationWIREEv
                0x000039fe        0xa C:\Users\info\Documents\GitHub\SsAtx\Sn74hc138dTester\Sn74hc138dTester\Output\Arduino_Zero__Native_USB_Port_\Debug/core\core.a(SERCOM.cpp.o)
                0x000039fe                SERCOM::isMasterReadOperationWIRE()
 .text._ZN6SERCOM12readDataWIREEv
                0x00003a08       0x20 C:\Users\info\Documents\GitHub\SsAtx\Sn74hc138dTester\Sn74hc138dTester\Output\Arduino_Zero__Native_USB_Port_\Debug/core\core.a(SERCOM.cpp.o)
                0x00003a08                SERCOM::readDataWIRE()
 .text._ZN6SERCOM13initClockNVICEv
                0x00003a28       0xa8 C:\Users\info\Documents\GitHub\SsAtx\Sn74hc138dTester\Sn74hc138dTester\Output\Arduino_Zero__Native_USB_Port_\Debug/core\core.a(SERCOM.cpp.o)
                0x00003a28                SERCOM::initClockNVIC()
 .text._ZN6SERCOM8initUARTE14SercomUartMode20SercomUartSampleRatem
                0x00003ad0       0x6c C:\Users\info\Documents\GitHub\SsAtx\Sn74hc138dTester\Sn74hc138dTester\Output\Arduino_Zero__Native_USB_Port_\Debug/core\core.a(SERCOM.cpp.o)
                0x00003ad0                SERCOM::initUART(SercomUartMode, SercomUartSampleRate, unsigned long)
 .text._ZN6SERCOM7initSPIE14SercomSpiTXPad11SercomRXPad17SercomSpiCharSize15SercomDataOrder
                0x00003b3c       0x4a C:\Users\info\Documents\GitHub\SsAtx\Sn74hc138dTester\Sn74hc138dTester\Output\Arduino_Zero__Native_USB_Port_\Debug/core\core.a(SERCOM.cpp.o)
                0x00003b3c                SERCOM::initSPI(SercomSpiTXPad, SercomRXPad, SercomSpiCharSize, SercomDataOrder)
 .text._ZN4UartcvbEv
                0x00003b86        0x4 C:\Users\info\Documents\GitHub\SsAtx\Sn74hc138dTester\Sn74hc138dTester\Output\Arduino_Zero__Native_USB_Port_\Debug/core\core.a(Uart.cpp.o)
                0x00003b86                Uart::operator bool()
 *fill*         0x00003b8a        0x2 
 .text._ZN4Uart5beginEm
                0x00003b8c       0x10 C:\Users\info\Documents\GitHub\SsAtx\Sn74hc138dTester\Sn74hc138dTester\Output\Arduino_Zero__Native_USB_Port_\Debug/core\core.a(Uart.cpp.o)
                0x00003b8c                Uart::begin(unsigned long)
 .text._ZN4Uart9availableEv
                0x00003b9c        0x6 C:\Users\info\Documents\GitHub\SsAtx\Sn74hc138dTester\Sn74hc138dTester\Output\Arduino_Zero__Native_USB_Port_\Debug/core\core.a(Uart.cpp.o)
                0x00003b9c                Uart::available()
 .text._ZN4Uart17availableForWriteEv
                0x00003ba2       0x10 C:\Users\info\Documents\GitHub\SsAtx\Sn74hc138dTester\Sn74hc138dTester\Output\Arduino_Zero__Native_USB_Port_\Debug/core\core.a(Uart.cpp.o)
                0x00003ba2                Uart::availableForWrite()
 .text._ZN4Uart4peekEv
                0x00003bb2       0x18 C:\Users\info\Documents\GitHub\SsAtx\Sn74hc138dTester\Sn74hc138dTester\Output\Arduino_Zero__Native_USB_Port_\Debug/core\core.a(Uart.cpp.o)
                0x00003bb2                Uart::peek()
 .text._ZN4Uart3endEv
                0x00003bca       0x24 C:\Users\info\Documents\GitHub\SsAtx\Sn74hc138dTester\Sn74hc138dTester\Output\Arduino_Zero__Native_USB_Port_\Debug/core\core.a(Uart.cpp.o)
                0x00003bca                Uart::end()
 .text._ZN4Uart5flushEv
                0x00003bee       0x16 C:\Users\info\Documents\GitHub\SsAtx\Sn74hc138dTester\Sn74hc138dTester\Output\Arduino_Zero__Native_USB_Port_\Debug/core\core.a(Uart.cpp.o)
                0x00003bee                Uart::flush()
 .text._ZN7__GuardD2Ev
                0x00003c04        0xe C:\Users\info\Documents\GitHub\SsAtx\Sn74hc138dTester\Sn74hc138dTester\Output\Arduino_Zero__Native_USB_Port_\Debug/core\core.a(Uart.cpp.o)
                0x00003c04                __Guard::~__Guard()
                0x00003c04                __Guard::~__Guard()
 .text._ZN4Uart16extractNbStopBitEt
                0x00003c12        0xc C:\Users\info\Documents\GitHub\SsAtx\Sn74hc138dTester\Sn74hc138dTester\Output\Arduino_Zero__Native_USB_Port_\Debug/core\core.a(Uart.cpp.o)
                0x00003c12                Uart::extractNbStopBit(unsigned short)
 .text._ZN4Uart15extractCharSizeEt
                0x00003c1e       0x28 C:\Users\info\Documents\GitHub\SsAtx\Sn74hc138dTester\Sn74hc138dTester\Output\Arduino_Zero__Native_USB_Port_\Debug/core\core.a(Uart.cpp.o)
                0x00003c1e                Uart::extractCharSize(unsigned short)
 .text._ZN4Uart13extractParityEt
                0x00003c46       0x14 C:\Users\info\Documents\GitHub\SsAtx\Sn74hc138dTester\Sn74hc138dTester\Output\Arduino_Zero__Native_USB_Port_\Debug/core\core.a(Uart.cpp.o)
                0x00003c46                Uart::extractParity(unsigned short)
 *fill*         0x00003c5a        0x2 
 .text._ZN4Uart5beginEmt
                0x00003c5c       0xf8 C:\Users\info\Documents\GitHub\SsAtx\Sn74hc138dTester\Sn74hc138dTester\Output\Arduino_Zero__Native_USB_Port_\Debug/core\core.a(Uart.cpp.o)
                0x00003c5c                Uart::begin(unsigned long, unsigned short)
 .text._ZN7arduino11RingBufferNILi256EEC2Ev
                0x00003d54       0x1e C:\Users\info\Documents\GitHub\SsAtx\Sn74hc138dTester\Sn74hc138dTester\Output\Arduino_Zero__Native_USB_Port_\Debug/core\core.a(Uart.cpp.o)
                0x00003d54                arduino::RingBufferN<256>::RingBufferN()
                0x00003d54                arduino::RingBufferN<256>::RingBufferN()
 *fill*         0x00003d72        0x2 
 .text._ZN4UartC2EP6SERCOMhh11SercomRXPad15SercomUartTXPad
                0x00003d74       0x74 C:\Users\info\Documents\GitHub\SsAtx\Sn74hc138dTester\Sn74hc138dTester\Output\Arduino_Zero__Native_USB_Port_\Debug/core\core.a(Uart.cpp.o)
                0x00003d74                Uart::Uart(SERCOM*, unsigned char, unsigned char, SercomRXPad, SercomUartTXPad)
                0x00003d74                Uart::Uart(SERCOM*, unsigned char, unsigned char, SercomRXPad, SercomUartTXPad)
 .text._ZN7arduino15SafeRingBufferNILi256EE10store_charEh
                0x00003de8       0x4a C:\Users\info\Documents\GitHub\SsAtx\Sn74hc138dTester\Sn74hc138dTester\Output\Arduino_Zero__Native_USB_Port_\Debug/core\core.a(Uart.cpp.o)
                0x00003de8                arduino::SafeRingBufferN<256>::store_char(unsigned char)
 .text._ZN7arduino15SafeRingBufferNILi256EE9read_charEv
                0x00003e32       0x50 C:\Users\info\Documents\GitHub\SsAtx\Sn74hc138dTester\Sn74hc138dTester\Output\Arduino_Zero__Native_USB_Port_\Debug/core\core.a(Uart.cpp.o)
                0x00003e32                arduino::SafeRingBufferN<256>::read_char()
 .text._ZN4Uart10IrqHandlerEv
                0x00003e82       0xa4 C:\Users\info\Documents\GitHub\SsAtx\Sn74hc138dTester\Sn74hc138dTester\Output\Arduino_Zero__Native_USB_Port_\Debug/core\core.a(Uart.cpp.o)
                0x00003e82                Uart::IrqHandler()
 *fill*         0x00003f26        0x2 
 .text._ZN4Uart5writeEh
                0x00003f28       0x9c C:\Users\info\Documents\GitHub\SsAtx\Sn74hc138dTester\Sn74hc138dTester\Output\Arduino_Zero__Native_USB_Port_\Debug/core\core.a(Uart.cpp.o)
                0x00003f28                Uart::write(unsigned char)
 .text._ZN4Uart4readEv
                0x00003fc4       0x34 C:\Users\info\Documents\GitHub\SsAtx\Sn74hc138dTester\Sn74hc138dTester\Output\Arduino_Zero__Native_USB_Port_\Debug/core\core.a(Uart.cpp.o)
                0x00003fc4                Uart::read()
 .text._ZN7arduino5Print5writeEPKhj
                0x00003ff8       0x28 C:\Users\info\Documents\GitHub\SsAtx\Sn74hc138dTester\Sn74hc138dTester\Output\Arduino_Zero__Native_USB_Port_\Debug/core\core.a(Print.cpp.o)
                0x00003ff8                arduino::Print::write(unsigned char const*, unsigned int)
 .text.initVariant
                0x00004020        0x2 C:\Users\info\Documents\GitHub\SsAtx\Sn74hc138dTester\Sn74hc138dTester\Output\Arduino_Zero__Native_USB_Port_\Debug/core\core.a(main.cpp.o)
                0x00004020                initVariant
 *fill*         0x00004022        0x2 
 .text.startup.main
                0x00004024       0x28 C:\Users\info\Documents\GitHub\SsAtx\Sn74hc138dTester\Sn74hc138dTester\Output\Arduino_Zero__Native_USB_Port_\Debug/core\core.a(main.cpp.o)
                0x00004024                main
 .text._Znwj    0x0000404c        0x8 C:\Users\info\Documents\GitHub\SsAtx\Sn74hc138dTester\Sn74hc138dTester\Output\Arduino_Zero__Native_USB_Port_\Debug/core\core.a(new.cpp.o)
                0x0000404c                operator new(unsigned int)
 .text._ZdlPv   0x00004054        0x8 C:\Users\info\Documents\GitHub\SsAtx\Sn74hc138dTester\Sn74hc138dTester\Output\Arduino_Zero__Native_USB_Port_\Debug/core\core.a(new.cpp.o)
                0x00004054                operator delete(void*)
 .text.__aeabi_atexit
                0x0000405c        0xe c:/users/info/appdata/local/arduino15/packages/arduino/tools/arm-none-eabi-gcc/7-2017q4/bin/../lib/gcc/arm-none-eabi/7.2.1/../../../../arm-none-eabi/lib/thumb/v6-m\libstdc++_nano.a(atexit_arm.o)
                0x0000405c                __aeabi_atexit
 *fill*         0x0000406a        0x2 
 .text          0x0000406c       0x14 c:/users/info/appdata/local/arduino15/packages/arduino/tools/arm-none-eabi-gcc/7-2017q4/bin/../lib/gcc/arm-none-eabi/7.2.1/thumb/v6-m\libgcc.a(_thumb1_case_uqi.o)
                0x0000406c                __gnu_thumb1_case_uqi
 .text          0x00004080      0x114 c:/users/info/appdata/local/arduino15/packages/arduino/tools/arm-none-eabi-gcc/7-2017q4/bin/../lib/gcc/arm-none-eabi/7.2.1/thumb/v6-m\libgcc.a(_udivsi3.o)
                0x00004080                __aeabi_uidiv
                0x00004080                __udivsi3
                0x0000418c                __aeabi_uidivmod
 .text          0x00004194        0x4 c:/users/info/appdata/local/arduino15/packages/arduino/tools/arm-none-eabi-gcc/7-2017q4/bin/../lib/gcc/arm-none-eabi/7.2.1/thumb/v6-m\libgcc.a(_dvmd_tls.o)
                0x00004194                __aeabi_idiv0
                0x00004194                __aeabi_ldiv0
 .text.__cxa_atexit
                0x00004198       0x1c c:/users/info/appdata/local/arduino15/packages/arduino/tools/arm-none-eabi-gcc/7-2017q4/bin/../lib/gcc/arm-none-eabi/7.2.1/../../../../arm-none-eabi/lib/thumb/v6-m\libc_nano.a(lib_a-cxa_atexit.o)
                0x00004198                __cxa_atexit
 .text.__libc_init_array
                0x000041b4       0x48 c:/users/info/appdata/local/arduino15/packages/arduino/tools/arm-none-eabi-gcc/7-2017q4/bin/../lib/gcc/arm-none-eabi/7.2.1/../../../../arm-none-eabi/lib/thumb/v6-m\libc_nano.a(lib_a-init.o)
                0x000041b4                __libc_init_array
 .text.malloc   0x000041fc       0x14 c:/users/info/appdata/local/arduino15/packages/arduino/tools/arm-none-eabi-gcc/7-2017q4/bin/../lib/gcc/arm-none-eabi/7.2.1/../../../../arm-none-eabi/lib/thumb/v6-m\libc_nano.a(lib_a-malloc.o)
                0x000041fc                malloc
 .text.free     0x00004210       0x14 c:/users/info/appdata/local/arduino15/packages/arduino/tools/arm-none-eabi-gcc/7-2017q4/bin/../lib/gcc/arm-none-eabi/7.2.1/../../../../arm-none-eabi/lib/thumb/v6-m\libc_nano.a(lib_a-malloc.o)
                0x00004210                free
 .text.memcpy   0x00004224       0x12 c:/users/info/appdata/local/arduino15/packages/arduino/tools/arm-none-eabi-gcc/7-2017q4/bin/../lib/gcc/arm-none-eabi/7.2.1/../../../../arm-none-eabi/lib/thumb/v6-m\libc_nano.a(lib_a-memcpy-stub.o)
                0x00004224                memcpy
 .text.memset   0x00004236       0x10 c:/users/info/appdata/local/arduino15/packages/arduino/tools/arm-none-eabi-gcc/7-2017q4/bin/../lib/gcc/arm-none-eabi/7.2.1/../../../../arm-none-eabi/lib/thumb/v6-m\libc_nano.a(lib_a-memset.o)
                0x00004236                memset
 *fill*         0x00004246        0x2 
 .text._free_r  0x00004248       0x94 c:/users/info/appdata/local/arduino15/packages/arduino/tools/arm-none-eabi-gcc/7-2017q4/bin/../lib/gcc/arm-none-eabi/7.2.1/../../../../arm-none-eabi/lib/thumb/v6-m\libc_nano.a(lib_a-nano-freer.o)
                0x00004248                _free_r
 .text._malloc_r
                0x000042dc       0xbc c:/users/info/appdata/local/arduino15/packages/arduino/tools/arm-none-eabi-gcc/7-2017q4/bin/../lib/gcc/arm-none-eabi/7.2.1/../../../../arm-none-eabi/lib/thumb/v6-m\libc_nano.a(lib_a-nano-mallocr.o)
                0x000042dc                _malloc_r
 .text._sbrk_r  0x00004398       0x24 c:/users/info/appdata/local/arduino15/packages/arduino/tools/arm-none-eabi-gcc/7-2017q4/bin/../lib/gcc/arm-none-eabi/7.2.1/../../../../arm-none-eabi/lib/thumb/v6-m\libc_nano.a(lib_a-sbrkr.o)
                0x00004398                _sbrk_r
 .text.__malloc_lock
                0x000043bc        0x2 c:/users/info/appdata/local/arduino15/packages/arduino/tools/arm-none-eabi-gcc/7-2017q4/bin/../lib/gcc/arm-none-eabi/7.2.1/../../../../arm-none-eabi/lib/thumb/v6-m\libc_nano.a(lib_a-mlock.o)
                0x000043bc                __malloc_lock
 .text.__malloc_unlock
                0x000043be        0x2 c:/users/info/appdata/local/arduino15/packages/arduino/tools/arm-none-eabi-gcc/7-2017q4/bin/../lib/gcc/arm-none-eabi/7.2.1/../../../../arm-none-eabi/lib/thumb/v6-m\libc_nano.a(lib_a-mlock.o)
                0x000043be                __malloc_unlock
 .text._sbrk    0x000043c0       0x1c c:/users/info/appdata/local/arduino15/packages/arduino/tools/arm-none-eabi-gcc/7-2017q4/bin/../lib/gcc/arm-none-eabi/7.2.1/../../../../arm-none-eabi/lib/thumb/v6-m\libnosys.a(sbrk.o)
                0x000043c0                _sbrk
 *(.init)
 .init          0x000043dc        0x4 c:/users/info/appdata/local/arduino15/packages/arduino/tools/arm-none-eabi-gcc/7-2017q4/bin/../lib/gcc/arm-none-eabi/7.2.1/thumb/v6-m/crti.o
                0x000043dc                _init
 .init          0x000043e0        0x8 c:/users/info/appdata/local/arduino15/packages/arduino/tools/arm-none-eabi-gcc/7-2017q4/bin/../lib/gcc/arm-none-eabi/7.2.1/thumb/v6-m/crtn.o
 *(.fini)
 .fini          0x000043e8        0x4 c:/users/info/appdata/local/arduino15/packages/arduino/tools/arm-none-eabi-gcc/7-2017q4/bin/../lib/gcc/arm-none-eabi/7.2.1/thumb/v6-m/crti.o
                0x000043e8                _fini
 .fini          0x000043ec        0x8 c:/users/info/appdata/local/arduino15/packages/arduino/tools/arm-none-eabi-gcc/7-2017q4/bin/../lib/gcc/arm-none-eabi/7.2.1/thumb/v6-m/crtn.o
 *crtbegin.o(.ctors)
 *crtbegin?.o(.ctors)
 *(EXCLUDE_FILE(*crtend.o *crtend?.o) .ctors)
 *(SORT_BY_NAME(.ctors.*))
 *(.ctors)
 *crtbegin.o(.dtors)
 *crtbegin?.o(.dtors)
 *(EXCLUDE_FILE(*crtend.o *crtend?.o) .dtors)
 *(SORT_BY_NAME(.dtors.*))
 *(.dtors)
 *(.rodata*)
 .rodata._ZTV7TwoWire
                0x000043f4       0x24 C:\Users\info\Documents\GitHub\SsAtx\Sn74hc138dTester\Sn74hc138dTester\Output\Arduino_Zero__Native_USB_Port_\Debug\libraries\Wire\Wire.cpp.o
                0x000043f4                vtable for TwoWire
 .rodata.CSWTCH.24
                0x00004418        0x3 C:\Users\info\Documents\GitHub\SsAtx\Sn74hc138dTester\Sn74hc138dTester\Output\Arduino_Zero__Native_USB_Port_\Debug\libraries\SPI\SPI.cpp.o
 *fill*         0x0000441b        0x1 
 .rodata._ZTV12SPIClassSAMD
                0x0000441c       0x3c C:\Users\info\Documents\GitHub\SsAtx\Sn74hc138dTester\Sn74hc138dTester\Output\Arduino_Zero__Native_USB_Port_\Debug\libraries\SPI\SPI.cpp.o
                0x0000441c                vtable for SPIClassSAMD
 .rodata.g_APinDescription
                0x00004458      0x450 C:\Users\info\Documents\GitHub\SsAtx\Sn74hc138dTester\Sn74hc138dTester\Output\Arduino_Zero__Native_USB_Port_\Debug\core\variant.cpp.o
                0x00004458                g_APinDescription
 .rodata._ZTV4Uart
                0x000048a8       0x34 C:\Users\info\Documents\GitHub\SsAtx\Sn74hc138dTester\Sn74hc138dTester\Output\Arduino_Zero__Native_USB_Port_\Debug/core\core.a(Uart.cpp.o)
                0x000048a8                vtable for Uart
 .rodata.__sf_fake_stderr
                0x000048dc       0x20 c:/users/info/appdata/local/arduino15/packages/arduino/tools/arm-none-eabi-gcc/7-2017q4/bin/../lib/gcc/arm-none-eabi/7.2.1/../../../../arm-none-eabi/lib/thumb/v6-m\libc_nano.a(lib_a-findfp.o)
                0x000048dc                __sf_fake_stderr
 .rodata.__sf_fake_stdin
                0x000048fc       0x20 c:/users/info/appdata/local/arduino15/packages/arduino/tools/arm-none-eabi-gcc/7-2017q4/bin/../lib/gcc/arm-none-eabi/7.2.1/../../../../arm-none-eabi/lib/thumb/v6-m\libc_nano.a(lib_a-findfp.o)
                0x000048fc                __sf_fake_stdin
 .rodata.__sf_fake_stdout
                0x0000491c       0x20 c:/users/info/appdata/local/arduino15/packages/arduino/tools/arm-none-eabi-gcc/7-2017q4/bin/../lib/gcc/arm-none-eabi/7.2.1/../../../../arm-none-eabi/lib/thumb/v6-m\libc_nano.a(lib_a-findfp.o)
                0x0000491c                __sf_fake_stdout
 *(.eh_frame*)
 .eh_frame      0x0000493c        0x0 c:/users/info/appdata/local/arduino15/packages/arduino/tools/arm-none-eabi-gcc/7-2017q4/bin/../lib/gcc/arm-none-eabi/7.2.1/thumb/v6-m/crtbegin.o
 .eh_frame      0x0000493c        0x4 c:/users/info/appdata/local/arduino15/packages/arduino/tools/arm-none-eabi-gcc/7-2017q4/bin/../lib/gcc/arm-none-eabi/7.2.1/thumb/v6-m/crtend.o

.glue_7         0x00004940        0x0
 .glue_7        0x00004940        0x0 linker stubs

.glue_7t        0x00004940        0x0
 .glue_7t       0x00004940        0x0 linker stubs

.vfp11_veneer   0x00004940        0x0
 .vfp11_veneer  0x00004940        0x0 linker stubs

.v4_bx          0x00004940        0x0
 .v4_bx         0x00004940        0x0 linker stubs

.iplt           0x00004940        0x0
 .iplt          0x00004940        0x0 c:/users/info/appdata/local/arduino15/packages/arduino/tools/arm-none-eabi-gcc/7-2017q4/bin/../lib/gcc/arm-none-eabi/7.2.1/thumb/v6-m/crtbegin.o

.rel.dyn        0x00004940        0x0
 .rel.iplt      0x00004940        0x0 c:/users/info/appdata/local/arduino15/packages/arduino/tools/arm-none-eabi-gcc/7-2017q4/bin/../lib/gcc/arm-none-eabi/7.2.1/thumb/v6-m/crtbegin.o

.ARM.extab
 *(.ARM.extab* .gnu.linkonce.armextab.*)
                0x00004940                __exidx_start = .

.ARM.exidx
 *(.ARM.exidx* .gnu.linkonce.armexidx.*)
                0x00004940                __exidx_end = .
                0x00004940                __etext = .

.data           0x20000000       0x90 load address 0x00004940
                0x20000000                __data_start__ = .
 *(vtable)
 *(.data*)
 .data          0x20000000        0x4 c:/users/info/appdata/local/arduino15/packages/arduino/tools/arm-none-eabi-gcc/7-2017q4/bin/../lib/gcc/arm-none-eabi/7.2.1/thumb/v6-m/crtbegin.o
                0x20000000                __dso_handle
 .data.SystemCoreClock
                0x20000004        0x4 C:\Users\info\Documents\GitHub\SsAtx\Sn74hc138dTester\Sn74hc138dTester\Output\Arduino_Zero__Native_USB_Port_\Debug/core\core.a(wiring.c.o)
                0x20000004                SystemCoreClock
 .data._ZL5ticks
                0x20000008        0x4 C:\Users\info\Documents\GitHub\SsAtx\Sn74hc138dTester\Sn74hc138dTester\Output\Arduino_Zero__Native_USB_Port_\Debug/core\core.a(Reset.cpp.o)
 .data._impure_ptr
                0x2000000c        0x4 c:/users/info/appdata/local/arduino15/packages/arduino/tools/arm-none-eabi-gcc/7-2017q4/bin/../lib/gcc/arm-none-eabi/7.2.1/../../../../arm-none-eabi/lib/thumb/v6-m\libc_nano.a(lib_a-impure.o)
                0x2000000c                _impure_ptr
 .data.impure_data
                0x20000010       0x60 c:/users/info/appdata/local/arduino15/packages/arduino/tools/arm-none-eabi-gcc/7-2017q4/bin/../lib/gcc/arm-none-eabi/7.2.1/../../../../arm-none-eabi/lib/thumb/v6-m\libc_nano.a(lib_a-impure.o)
                0x20000070                . = ALIGN (0x4)
                0x20000070                PROVIDE (__preinit_array_start, .)
 *(.preinit_array)
                0x20000070                PROVIDE (__preinit_array_end, .)
                0x20000070                . = ALIGN (0x4)
                0x20000070                PROVIDE (__init_array_start, .)
 *(SORT_BY_NAME(.init_array.*))
 *(.init_array)
 .init_array    0x20000070        0x4 c:/users/info/appdata/local/arduino15/packages/arduino/tools/arm-none-eabi-gcc/7-2017q4/bin/../lib/gcc/arm-none-eabi/7.2.1/thumb/v6-m/crtbegin.o
 .init_array    0x20000074        0x4 C:\Users\info\Documents\GitHub\SsAtx\Sn74hc138dTester\Sn74hc138dTester\Output\Arduino_Zero__Native_USB_Port_\Debug\sketch\Sn74hc138dTester.ino.cpp.o
 .init_array    0x20000078        0x4 C:\Users\info\Documents\GitHub\SsAtx\Sn74hc138dTester\Sn74hc138dTester\Output\Arduino_Zero__Native_USB_Port_\Debug\libraries\Wire\Wire.cpp.o
 .init_array    0x2000007c        0x4 C:\Users\info\Documents\GitHub\SsAtx\Sn74hc138dTester\Sn74hc138dTester\Output\Arduino_Zero__Native_USB_Port_\Debug\libraries\SPI\SPI.cpp.o
 .init_array    0x20000080        0x4 C:\Users\info\Documents\GitHub\SsAtx\Sn74hc138dTester\Sn74hc138dTester\Output\Arduino_Zero__Native_USB_Port_\Debug\core\variant.cpp.o
                0x20000084                PROVIDE (__init_array_end, .)
                0x20000084                . = ALIGN (0x4)
                [!provide]                PROVIDE (__fini_array_start, .)
 *(SORT_BY_NAME(.fini_array.*))
 *(.fini_array)
 .fini_array    0x20000084        0x4 c:/users/info/appdata/local/arduino15/packages/arduino/tools/arm-none-eabi-gcc/7-2017q4/bin/../lib/gcc/arm-none-eabi/7.2.1/thumb/v6-m/crtbegin.o
                [!provide]                PROVIDE (__fini_array_end, .)
 *(.jcr*)
                0x20000090                . = ALIGN (0x10)
 *fill*         0x20000088        0x8 
                0x20000090                __data_end__ = .

.igot.plt       0x20000090        0x0 load address 0x000049d0
 .igot.plt      0x20000090        0x0 c:/users/info/appdata/local/arduino15/packages/arduino/tools/arm-none-eabi-gcc/7-2017q4/bin/../lib/gcc/arm-none-eabi/7.2.1/thumb/v6-m/crtbegin.o

.bss            0x20000090      0x614 load address 0x000049d0
                0x20000090                . = ALIGN (0x4)
                0x20000090                __bss_start__ = .
 *(.bss*)
 .bss           0x20000090       0x1c c:/users/info/appdata/local/arduino15/packages/arduino/tools/arm-none-eabi-gcc/7-2017q4/bin/../lib/gcc/arm-none-eabi/7.2.1/thumb/v6-m/crtbegin.o
 .bss._ZZ4loopE13demux3inhibit
                0x200000ac        0x1 C:\Users\info\Documents\GitHub\SsAtx\Sn74hc138dTester\Sn74hc138dTester\Output\Arduino_Zero__Native_USB_Port_\Debug\sketch\Sn74hc138dTester.ino.cpp.o
 .bss._ZZ4loopE4line
                0x200000ad        0x1 C:\Users\info\Documents\GitHub\SsAtx\Sn74hc138dTester\Sn74hc138dTester\Output\Arduino_Zero__Native_USB_Port_\Debug\sketch\Sn74hc138dTester.ino.cpp.o
 *fill*         0x200000ae        0x2 
 .bss.demux1    0x200000b0       0x10 C:\Users\info\Documents\GitHub\SsAtx\Sn74hc138dTester\Sn74hc138dTester\Output\Arduino_Zero__Native_USB_Port_\Debug\sketch\Sn74hc138dTester.ino.cpp.o
                0x200000b0                demux1
 .bss.demux2    0x200000c0       0x10 C:\Users\info\Documents\GitHub\SsAtx\Sn74hc138dTester\Sn74hc138dTester\Output\Arduino_Zero__Native_USB_Port_\Debug\sketch\Sn74hc138dTester.ino.cpp.o
                0x200000c0                demux2
 .bss.demux3    0x200000d0       0x10 C:\Users\info\Documents\GitHub\SsAtx\Sn74hc138dTester\Sn74hc138dTester\Output\Arduino_Zero__Native_USB_Port_\Debug\sketch\Sn74hc138dTester.ino.cpp.o
                0x200000d0                demux3
 .bss.mcp       0x200000e0       0x10 C:\Users\info\Documents\GitHub\SsAtx\Sn74hc138dTester\Sn74hc138dTester\Output\Arduino_Zero__Native_USB_Port_\Debug\sketch\Sn74hc138dTester.ino.cpp.o
                0x200000e0                mcp
 .bss.Wire      0x200000f0       0xbc C:\Users\info\Documents\GitHub\SsAtx\Sn74hc138dTester\Sn74hc138dTester\Output\Arduino_Zero__Native_USB_Port_\Debug\libraries\Wire\Wire.cpp.o
                0x200000f0                Wire
 .bss.SPI       0x200001ac       0x20 C:\Users\info\Documents\GitHub\SsAtx\Sn74hc138dTester\Sn74hc138dTester\Output\Arduino_Zero__Native_USB_Port_\Debug\libraries\SPI\SPI.cpp.o
                0x200001ac                SPI
 .bss._ZN7arduinoL20DEFAULT_SPI_SETTINGSE
                0x200001cc        0x8 C:\Users\info\Documents\GitHub\SsAtx\Sn74hc138dTester\Sn74hc138dTester\Output\Arduino_Zero__Native_USB_Port_\Debug\libraries\SPI\SPI.cpp.o
 .bss.Serial    0x200001d4      0x244 C:\Users\info\Documents\GitHub\SsAtx\Sn74hc138dTester\Sn74hc138dTester\Output\Arduino_Zero__Native_USB_Port_\Debug\core\variant.cpp.o
                0x200001d4                Serial
 .bss.Serial1   0x20000418      0x244 C:\Users\info\Documents\GitHub\SsAtx\Sn74hc138dTester\Sn74hc138dTester\Output\Arduino_Zero__Native_USB_Port_\Debug\core\variant.cpp.o
                0x20000418                Serial1
 .bss.sercom0   0x2000065c        0x8 C:\Users\info\Documents\GitHub\SsAtx\Sn74hc138dTester\Sn74hc138dTester\Output\Arduino_Zero__Native_USB_Port_\Debug\core\variant.cpp.o
                0x2000065c                sercom0
 .bss.sercom1   0x20000664        0x8 C:\Users\info\Documents\GitHub\SsAtx\Sn74hc138dTester\Sn74hc138dTester\Output\Arduino_Zero__Native_USB_Port_\Debug\core\variant.cpp.o
                0x20000664                sercom1
 .bss.sercom2   0x2000066c        0x8 C:\Users\info\Documents\GitHub\SsAtx\Sn74hc138dTester\Sn74hc138dTester\Output\Arduino_Zero__Native_USB_Port_\Debug\core\variant.cpp.o
                0x2000066c                sercom2
 .bss.sercom3   0x20000674        0x8 C:\Users\info\Documents\GitHub\SsAtx\Sn74hc138dTester\Sn74hc138dTester\Output\Arduino_Zero__Native_USB_Port_\Debug\core\variant.cpp.o
                0x20000674                sercom3
 .bss.sercom4   0x2000067c        0x8 C:\Users\info\Documents\GitHub\SsAtx\Sn74hc138dTester\Sn74hc138dTester\Output\Arduino_Zero__Native_USB_Port_\Debug\core\variant.cpp.o
                0x2000067c                sercom4
 .bss.sercom5   0x20000684        0x8 C:\Users\info\Documents\GitHub\SsAtx\Sn74hc138dTester\Sn74hc138dTester\Output\Arduino_Zero__Native_USB_Port_\Debug\core\variant.cpp.o
                0x20000684                sercom5
 .bss.usb_isr   0x2000068c        0x4 C:\Users\info\Documents\GitHub\SsAtx\Sn74hc138dTester\Sn74hc138dTester\Output\Arduino_Zero__Native_USB_Port_\Debug/core\core.a(cortex_handlers.c.o)
 .bss._ulTickCount
                0x20000690        0x4 C:\Users\info\Documents\GitHub\SsAtx\Sn74hc138dTester\Sn74hc138dTester\Output\Arduino_Zero__Native_USB_Port_\Debug/core\core.a(delay.c.o)
 .bss.__malloc_free_list
                0x20000694        0x4 c:/users/info/appdata/local/arduino15/packages/arduino/tools/arm-none-eabi-gcc/7-2017q4/bin/../lib/gcc/arm-none-eabi/7.2.1/../../../../arm-none-eabi/lib/thumb/v6-m\libc_nano.a(lib_a-nano-mallocr.o)
                0x20000694                __malloc_free_list
 .bss.__malloc_sbrk_start
                0x20000698        0x4 c:/users/info/appdata/local/arduino15/packages/arduino/tools/arm-none-eabi-gcc/7-2017q4/bin/../lib/gcc/arm-none-eabi/7.2.1/../../../../arm-none-eabi/lib/thumb/v6-m\libc_nano.a(lib_a-nano-mallocr.o)
                0x20000698                __malloc_sbrk_start
 .bss.heap_end.4102
                0x2000069c        0x4 c:/users/info/appdata/local/arduino15/packages/arduino/tools/arm-none-eabi-gcc/7-2017q4/bin/../lib/gcc/arm-none-eabi/7.2.1/../../../../arm-none-eabi/lib/thumb/v6-m\libnosys.a(sbrk.o)
 *(COMMON)
 COMMON         0x200006a0        0x4 c:/users/info/appdata/local/arduino15/packages/arduino/tools/arm-none-eabi-gcc/7-2017q4/bin/../lib/gcc/arm-none-eabi/7.2.1/../../../../arm-none-eabi/lib/thumb/v6-m\libc_nano.a(lib_a-reent.o)
                0x200006a0                errno
                0x200006a4                . = ALIGN (0x4)
                0x200006a4                __bss_end__ = .

.heap           0x200006a4        0x0
                0x200006a4                __end__ = .
                0x200006a4                PROVIDE (end, .)
 *(.heap*)
                0x200006a4                __HeapLimit = .

.stack_dummy    0x200006a4        0x0
 *(.stack*)
                0x20008000                __StackTop = (ORIGIN (RAM) + LENGTH (RAM))
                0x20008000                __StackLimit = (__StackTop - SIZEOF (.stack_dummy))
                0x20008000                PROVIDE (__stack, __StackTop)
                0x20007fff                __ram_end__ = ((ORIGIN (RAM) + LENGTH (RAM)) - 0x1)
                0x00000001                ASSERT ((__StackLimit >= __HeapLimit), region RAM overflowed with stack)
OUTPUT(C:\Users\info\Documents\GitHub\SsAtx\Sn74hc138dTester\Sn74hc138dTester\Output\Arduino_Zero__Native_USB_Port_\Debug/Sn74hc138dTester.ino.elf elf32-littlearm)

.ARM.attributes
                0x00000000       0x28
 .ARM.attributes
                0x00000000       0x1e c:/users/info/appdata/local/arduino15/packages/arduino/tools/arm-none-eabi-gcc/7-2017q4/bin/../lib/gcc/arm-none-eabi/7.2.1/thumb/v6-m/crti.o
 .ARM.attributes
                0x0000001e       0x2c c:/users/info/appdata/local/arduino15/packages/arduino/tools/arm-none-eabi-gcc/7-2017q4/bin/../lib/gcc/arm-none-eabi/7.2.1/thumb/v6-m/crtbegin.o
 .ARM.attributes
                0x0000004a       0x32 C:\Users\info\Documents\GitHub\SsAtx\Sn74hc138dTester\Sn74hc138dTester\Output\Arduino_Zero__Native_USB_Port_\Debug\sketch\Sn74hc138dTester.ino.cpp.o
 .ARM.attributes
                0x0000007c       0x32 C:\Users\info\Documents\GitHub\SsAtx\Sn74hc138dTester\Sn74hc138dTester\Output\Arduino_Zero__Native_USB_Port_\Debug\libraries\Sn74hc138d\Sn74hc138d.cpp.o
 .ARM.attributes
                0x000000ae       0x32 C:\Users\info\Documents\GitHub\SsAtx\Sn74hc138dTester\Sn74hc138dTester\Output\Arduino_Zero__Native_USB_Port_\Debug\libraries\Adafruit_BusIO\Adafruit_BusIO_Register.cpp.o
 .ARM.attributes
                0x000000e0       0x32 C:\Users\info\Documents\GitHub\SsAtx\Sn74hc138dTester\Sn74hc138dTester\Output\Arduino_Zero__Native_USB_Port_\Debug\libraries\Adafruit_BusIO\Adafruit_I2CDevice.cpp.o
 .ARM.attributes
                0x00000112       0x32 C:\Users\info\Documents\GitHub\SsAtx\Sn74hc138dTester\Sn74hc138dTester\Output\Arduino_Zero__Native_USB_Port_\Debug\libraries\Adafruit_BusIO\Adafruit_SPIDevice.cpp.o
 .ARM.attributes
                0x00000144       0x32 C:\Users\info\Documents\GitHub\SsAtx\Sn74hc138dTester\Sn74hc138dTester\Output\Arduino_Zero__Native_USB_Port_\Debug\libraries\Wire\Wire.cpp.o
 .ARM.attributes
                0x00000176       0x32 C:\Users\info\Documents\GitHub\SsAtx\Sn74hc138dTester\Sn74hc138dTester\Output\Arduino_Zero__Native_USB_Port_\Debug\libraries\SPI\SPI.cpp.o
 .ARM.attributes
                0x000001a8       0x32 C:\Users\info\Documents\GitHub\SsAtx\Sn74hc138dTester\Sn74hc138dTester\Output\Arduino_Zero__Native_USB_Port_\Debug\libraries\Adafruit_MCP23017_Arduino_Library\Adafruit_MCP23X17.cpp.o
 .ARM.attributes
                0x000001da       0x32 C:\Users\info\Documents\GitHub\SsAtx\Sn74hc138dTester\Sn74hc138dTester\Output\Arduino_Zero__Native_USB_Port_\Debug\libraries\Adafruit_MCP23017_Arduino_Library\Adafruit_MCP23XXX.cpp.o
 .ARM.attributes
                0x0000020c       0x32 C:\Users\info\Documents\GitHub\SsAtx\Sn74hc138dTester\Sn74hc138dTester\Output\Arduino_Zero__Native_USB_Port_\Debug\core\variant.cpp.o
 .ARM.attributes
                0x0000023e       0x32 C:\Users\info\Documents\GitHub\SsAtx\Sn74hc138dTester\Sn74hc138dTester\Output\Arduino_Zero__Native_USB_Port_\Debug/core\core.a(cortex_handlers.c.o)
 .ARM.attributes
                0x00000270       0x32 C:\Users\info\Documents\GitHub\SsAtx\Sn74hc138dTester\Sn74hc138dTester\Output\Arduino_Zero__Native_USB_Port_\Debug/core\core.a(delay.c.o)
 .ARM.attributes
                0x000002a2       0x32 C:\Users\info\Documents\GitHub\SsAtx\Sn74hc138dTester\Sn74hc138dTester\Output\Arduino_Zero__Native_USB_Port_\Debug/core\core.a(hooks.c.o)
 .ARM.attributes
                0x000002d4       0x32 C:\Users\info\Documents\GitHub\SsAtx\Sn74hc138dTester\Sn74hc138dTester\Output\Arduino_Zero__Native_USB_Port_\Debug/core\core.a(startup.c.o)
 .ARM.attributes
                0x00000306       0x32 C:\Users\info\Documents\GitHub\SsAtx\Sn74hc138dTester\Sn74hc138dTester\Output\Arduino_Zero__Native_USB_Port_\Debug/core\core.a(wiring.c.o)
 .ARM.attributes
                0x00000338       0x32 C:\Users\info\Documents\GitHub\SsAtx\Sn74hc138dTester\Sn74hc138dTester\Output\Arduino_Zero__Native_USB_Port_\Debug/core\core.a(wiring_analog.c.o)
 .ARM.attributes
                0x0000036a       0x32 C:\Users\info\Documents\GitHub\SsAtx\Sn74hc138dTester\Sn74hc138dTester\Output\Arduino_Zero__Native_USB_Port_\Debug/core\core.a(wiring_digital.c.o)
 .ARM.attributes
                0x0000039c       0x32 C:\Users\info\Documents\GitHub\SsAtx\Sn74hc138dTester\Sn74hc138dTester\Output\Arduino_Zero__Native_USB_Port_\Debug/core\core.a(wiring_private.c.o)
 .ARM.attributes
                0x000003ce       0x32 C:\Users\info\Documents\GitHub\SsAtx\Sn74hc138dTester\Sn74hc138dTester\Output\Arduino_Zero__Native_USB_Port_\Debug/core\core.a(Reset.cpp.o)
 .ARM.attributes
                0x00000400       0x32 C:\Users\info\Documents\GitHub\SsAtx\Sn74hc138dTester\Sn74hc138dTester\Output\Arduino_Zero__Native_USB_Port_\Debug/core\core.a(SERCOM.cpp.o)
 .ARM.attributes
                0x00000432       0x32 C:\Users\info\Documents\GitHub\SsAtx\Sn74hc138dTester\Sn74hc138dTester\Output\Arduino_Zero__Native_USB_Port_\Debug/core\core.a(Uart.cpp.o)
 .ARM.attributes
                0x00000464       0x32 C:\Users\info\Documents\GitHub\SsAtx\Sn74hc138dTester\Sn74hc138dTester\Output\Arduino_Zero__Native_USB_Port_\Debug/core\core.a(Print.cpp.o)
 .ARM.attributes
                0x00000496       0x32 C:\Users\info\Documents\GitHub\SsAtx\Sn74hc138dTester\Sn74hc138dTester\Output\Arduino_Zero__Native_USB_Port_\Debug/core\core.a(main.cpp.o)
 .ARM.attributes
                0x000004c8       0x32 C:\Users\info\Documents\GitHub\SsAtx\Sn74hc138dTester\Sn74hc138dTester\Output\Arduino_Zero__Native_USB_Port_\Debug/core\core.a(new.cpp.o)
 .ARM.attributes
                0x000004fa       0x2c c:/users/info/appdata/local/arduino15/packages/arduino/tools/arm-none-eabi-gcc/7-2017q4/bin/../lib/gcc/arm-none-eabi/7.2.1/../../../../arm-none-eabi/lib/thumb/v6-m\libstdc++_nano.a(atexit_arm.o)
 .ARM.attributes
                0x00000526       0x1e c:/users/info/appdata/local/arduino15/packages/arduino/tools/arm-none-eabi-gcc/7-2017q4/bin/../lib/gcc/arm-none-eabi/7.2.1/thumb/v6-m\libgcc.a(_thumb1_case_uqi.o)
 .ARM.attributes
                0x00000544       0x1e c:/users/info/appdata/local/arduino15/packages/arduino/tools/arm-none-eabi-gcc/7-2017q4/bin/../lib/gcc/arm-none-eabi/7.2.1/thumb/v6-m\libgcc.a(_udivsi3.o)
 .ARM.attributes
                0x00000562       0x1e c:/users/info/appdata/local/arduino15/packages/arduino/tools/arm-none-eabi-gcc/7-2017q4/bin/../lib/gcc/arm-none-eabi/7.2.1/thumb/v6-m\libgcc.a(_dvmd_tls.o)
 .ARM.attributes
                0x00000580       0x2c c:/users/info/appdata/local/arduino15/packages/arduino/tools/arm-none-eabi-gcc/7-2017q4/bin/../lib/gcc/arm-none-eabi/7.2.1/../../../../arm-none-eabi/lib/thumb/v6-m\libc_nano.a(lib_a-cxa_atexit.o)
 .ARM.attributes
                0x000005ac       0x2c c:/users/info/appdata/local/arduino15/packages/arduino/tools/arm-none-eabi-gcc/7-2017q4/bin/../lib/gcc/arm-none-eabi/7.2.1/../../../../arm-none-eabi/lib/thumb/v6-m\libc_nano.a(lib_a-impure.o)
 .ARM.attributes
                0x000005d8       0x2c c:/users/info/appdata/local/arduino15/packages/arduino/tools/arm-none-eabi-gcc/7-2017q4/bin/../lib/gcc/arm-none-eabi/7.2.1/../../../../arm-none-eabi/lib/thumb/v6-m\libc_nano.a(lib_a-init.o)
 .ARM.attributes
                0x00000604       0x2c c:/users/info/appdata/local/arduino15/packages/arduino/tools/arm-none-eabi-gcc/7-2017q4/bin/../lib/gcc/arm-none-eabi/7.2.1/../../../../arm-none-eabi/lib/thumb/v6-m\libc_nano.a(lib_a-malloc.o)
 .ARM.attributes
                0x00000630       0x2c c:/users/info/appdata/local/arduino15/packages/arduino/tools/arm-none-eabi-gcc/7-2017q4/bin/../lib/gcc/arm-none-eabi/7.2.1/../../../../arm-none-eabi/lib/thumb/v6-m\libc_nano.a(lib_a-memcpy-stub.o)
 .ARM.attributes
                0x0000065c       0x2c c:/users/info/appdata/local/arduino15/packages/arduino/tools/arm-none-eabi-gcc/7-2017q4/bin/../lib/gcc/arm-none-eabi/7.2.1/../../../../arm-none-eabi/lib/thumb/v6-m\libc_nano.a(lib_a-memset.o)
 .ARM.attributes
                0x00000688       0x2c c:/users/info/appdata/local/arduino15/packages/arduino/tools/arm-none-eabi-gcc/7-2017q4/bin/../lib/gcc/arm-none-eabi/7.2.1/../../../../arm-none-eabi/lib/thumb/v6-m\libc_nano.a(lib_a-nano-freer.o)
 .ARM.attributes
                0x000006b4       0x2c c:/users/info/appdata/local/arduino15/packages/arduino/tools/arm-none-eabi-gcc/7-2017q4/bin/../lib/gcc/arm-none-eabi/7.2.1/../../../../arm-none-eabi/lib/thumb/v6-m\libc_nano.a(lib_a-nano-mallocr.o)
 .ARM.attributes
                0x000006e0       0x2c c:/users/info/appdata/local/arduino15/packages/arduino/tools/arm-none-eabi-gcc/7-2017q4/bin/../lib/gcc/arm-none-eabi/7.2.1/../../../../arm-none-eabi/lib/thumb/v6-m\libc_nano.a(lib_a-sbrkr.o)
 .ARM.attributes
                0x0000070c       0x2c c:/users/info/appdata/local/arduino15/packages/arduino/tools/arm-none-eabi-gcc/7-2017q4/bin/../lib/gcc/arm-none-eabi/7.2.1/../../../../arm-none-eabi/lib/thumb/v6-m\libc_nano.a(lib_a-findfp.o)
 .ARM.attributes
                0x00000738       0x2c c:/users/info/appdata/local/arduino15/packages/arduino/tools/arm-none-eabi-gcc/7-2017q4/bin/../lib/gcc/arm-none-eabi/7.2.1/../../../../arm-none-eabi/lib/thumb/v6-m\libc_nano.a(lib_a-mlock.o)
 .ARM.attributes
                0x00000764       0x2c c:/users/info/appdata/local/arduino15/packages/arduino/tools/arm-none-eabi-gcc/7-2017q4/bin/../lib/gcc/arm-none-eabi/7.2.1/../../../../arm-none-eabi/lib/thumb/v6-m\libc_nano.a(lib_a-reent.o)
 .ARM.attributes
                0x00000790       0x2c c:/users/info/appdata/local/arduino15/packages/arduino/tools/arm-none-eabi-gcc/7-2017q4/bin/../lib/gcc/arm-none-eabi/7.2.1/../../../../arm-none-eabi/lib/thumb/v6-m\libnosys.a(sbrk.o)
 .ARM.attributes
                0x000007bc       0x2c c:/users/info/appdata/local/arduino15/packages/arduino/tools/arm-none-eabi-gcc/7-2017q4/bin/../lib/gcc/arm-none-eabi/7.2.1/thumb/v6-m/crtend.o
 .ARM.attributes
                0x000007e8       0x1e c:/users/info/appdata/local/arduino15/packages/arduino/tools/arm-none-eabi-gcc/7-2017q4/bin/../lib/gcc/arm-none-eabi/7.2.1/thumb/v6-m/crtn.o

.comment        0x00000000       0x7e
 .comment       0x00000000       0x7e C:\Users\info\Documents\GitHub\SsAtx\Sn74hc138dTester\Sn74hc138dTester\Output\Arduino_Zero__Native_USB_Port_\Debug\sketch\Sn74hc138dTester.ino.cpp.o
                                 0x7f (size before relaxing)
 .comment       0x0000007e       0x7f C:\Users\info\Documents\GitHub\SsAtx\Sn74hc138dTester\Sn74hc138dTester\Output\Arduino_Zero__Native_USB_Port_\Debug\libraries\Sn74hc138d\Sn74hc138d.cpp.o
 .comment       0x0000007e       0x7f C:\Users\info\Documents\GitHub\SsAtx\Sn74hc138dTester\Sn74hc138dTester\Output\Arduino_Zero__Native_USB_Port_\Debug\libraries\Adafruit_BusIO\Adafruit_BusIO_Register.cpp.o
 .comment       0x0000007e       0x7f C:\Users\info\Documents\GitHub\SsAtx\Sn74hc138dTester\Sn74hc138dTester\Output\Arduino_Zero__Native_USB_Port_\Debug\libraries\Adafruit_BusIO\Adafruit_I2CDevice.cpp.o
 .comment       0x0000007e       0x7f C:\Users\info\Documents\GitHub\SsAtx\Sn74hc138dTester\Sn74hc138dTester\Output\Arduino_Zero__Native_USB_Port_\Debug\libraries\Adafruit_BusIO\Adafruit_SPIDevice.cpp.o
 .comment       0x0000007e       0x7f C:\Users\info\Documents\GitHub\SsAtx\Sn74hc138dTester\Sn74hc138dTester\Output\Arduino_Zero__Native_USB_Port_\Debug\libraries\Wire\Wire.cpp.o
 .comment       0x0000007e       0x7f C:\Users\info\Documents\GitHub\SsAtx\Sn74hc138dTester\Sn74hc138dTester\Output\Arduino_Zero__Native_USB_Port_\Debug\libraries\SPI\SPI.cpp.o
 .comment       0x0000007e       0x7f C:\Users\info\Documents\GitHub\SsAtx\Sn74hc138dTester\Sn74hc138dTester\Output\Arduino_Zero__Native_USB_Port_\Debug\libraries\Adafruit_MCP23017_Arduino_Library\Adafruit_MCP23X17.cpp.o
 .comment       0x0000007e       0x7f C:\Users\info\Documents\GitHub\SsAtx\Sn74hc138dTester\Sn74hc138dTester\Output\Arduino_Zero__Native_USB_Port_\Debug\libraries\Adafruit_MCP23017_Arduino_Library\Adafruit_MCP23XXX.cpp.o
 .comment       0x0000007e       0x7f C:\Users\info\Documents\GitHub\SsAtx\Sn74hc138dTester\Sn74hc138dTester\Output\Arduino_Zero__Native_USB_Port_\Debug\core\variant.cpp.o
 .comment       0x0000007e       0x7f C:\Users\info\Documents\GitHub\SsAtx\Sn74hc138dTester\Sn74hc138dTester\Output\Arduino_Zero__Native_USB_Port_\Debug/core\core.a(cortex_handlers.c.o)
 .comment       0x0000007e       0x7f C:\Users\info\Documents\GitHub\SsAtx\Sn74hc138dTester\Sn74hc138dTester\Output\Arduino_Zero__Native_USB_Port_\Debug/core\core.a(delay.c.o)
 .comment       0x0000007e       0x7f C:\Users\info\Documents\GitHub\SsAtx\Sn74hc138dTester\Sn74hc138dTester\Output\Arduino_Zero__Native_USB_Port_\Debug/core\core.a(hooks.c.o)
 .comment       0x0000007e       0x7f C:\Users\info\Documents\GitHub\SsAtx\Sn74hc138dTester\Sn74hc138dTester\Output\Arduino_Zero__Native_USB_Port_\Debug/core\core.a(startup.c.o)
 .comment       0x0000007e       0x7f C:\Users\info\Documents\GitHub\SsAtx\Sn74hc138dTester\Sn74hc138dTester\Output\Arduino_Zero__Native_USB_Port_\Debug/core\core.a(wiring.c.o)
 .comment       0x0000007e       0x7f C:\Users\info\Documents\GitHub\SsAtx\Sn74hc138dTester\Sn74hc138dTester\Output\Arduino_Zero__Native_USB_Port_\Debug/core\core.a(wiring_analog.c.o)
 .comment       0x0000007e       0x7f C:\Users\info\Documents\GitHub\SsAtx\Sn74hc138dTester\Sn74hc138dTester\Output\Arduino_Zero__Native_USB_Port_\Debug/core\core.a(wiring_digital.c.o)
 .comment       0x0000007e       0x7f C:\Users\info\Documents\GitHub\SsAtx\Sn74hc138dTester\Sn74hc138dTester\Output\Arduino_Zero__Native_USB_Port_\Debug/core\core.a(wiring_private.c.o)
 .comment       0x0000007e       0x7f C:\Users\info\Documents\GitHub\SsAtx\Sn74hc138dTester\Sn74hc138dTester\Output\Arduino_Zero__Native_USB_Port_\Debug/core\core.a(Reset.cpp.o)
 .comment       0x0000007e       0x7f C:\Users\info\Documents\GitHub\SsAtx\Sn74hc138dTester\Sn74hc138dTester\Output\Arduino_Zero__Native_USB_Port_\Debug/core\core.a(SERCOM.cpp.o)
 .comment       0x0000007e       0x7f C:\Users\info\Documents\GitHub\SsAtx\Sn74hc138dTester\Sn74hc138dTester\Output\Arduino_Zero__Native_USB_Port_\Debug/core\core.a(Uart.cpp.o)
 .comment       0x0000007e       0x7f C:\Users\info\Documents\GitHub\SsAtx\Sn74hc138dTester\Sn74hc138dTester\Output\Arduino_Zero__Native_USB_Port_\Debug/core\core.a(Print.cpp.o)
 .comment       0x0000007e       0x7f C:\Users\info\Documents\GitHub\SsAtx\Sn74hc138dTester\Sn74hc138dTester\Output\Arduino_Zero__Native_USB_Port_\Debug/core\core.a(main.cpp.o)
 .comment       0x0000007e       0x7f C:\Users\info\Documents\GitHub\SsAtx\Sn74hc138dTester\Sn74hc138dTester\Output\Arduino_Zero__Native_USB_Port_\Debug/core\core.a(new.cpp.o)

.debug_info     0x00000000    0x76f5b
 .debug_info    0x00000000     0x6f3f C:\Users\info\Documents\GitHub\SsAtx\Sn74hc138dTester\Sn74hc138dTester\Output\Arduino_Zero__Native_USB_Port_\Debug\sketch\Sn74hc138dTester.ino.cpp.o
 .debug_info    0x00006f3f     0x64a2 C:\Users\info\Documents\GitHub\SsAtx\Sn74hc138dTester\Sn74hc138dTester\Output\Arduino_Zero__Native_USB_Port_\Debug\libraries\Sn74hc138d\Sn74hc138d.cpp.o
 .debug_info    0x0000d3e1     0x728d C:\Users\info\Documents\GitHub\SsAtx\Sn74hc138dTester\Sn74hc138dTester\Output\Arduino_Zero__Native_USB_Port_\Debug\libraries\Adafruit_BusIO\Adafruit_BusIO_Register.cpp.o
 .debug_info    0x0001466e     0x639b C:\Users\info\Documents\GitHub\SsAtx\Sn74hc138dTester\Sn74hc138dTester\Output\Arduino_Zero__Native_USB_Port_\Debug\libraries\Adafruit_BusIO\Adafruit_I2CDevice.cpp.o
 .debug_info    0x0001aa09     0x6fb8 C:\Users\info\Documents\GitHub\SsAtx\Sn74hc138dTester\Sn74hc138dTester\Output\Arduino_Zero__Native_USB_Port_\Debug\libraries\Adafruit_BusIO\Adafruit_SPIDevice.cpp.o
 .debug_info    0x000219c1     0x7220 C:\Users\info\Documents\GitHub\SsAtx\Sn74hc138dTester\Sn74hc138dTester\Output\Arduino_Zero__Native_USB_Port_\Debug\libraries\Wire\Wire.cpp.o
 .debug_info    0x00028be1     0x7c63 C:\Users\info\Documents\GitHub\SsAtx\Sn74hc138dTester\Sn74hc138dTester\Output\Arduino_Zero__Native_USB_Port_\Debug\libraries\SPI\SPI.cpp.o
 .debug_info    0x00030844     0x710d C:\Users\info\Documents\GitHub\SsAtx\Sn74hc138dTester\Sn74hc138dTester\Output\Arduino_Zero__Native_USB_Port_\Debug\libraries\Adafruit_MCP23017_Arduino_Library\Adafruit_MCP23X17.cpp.o
 .debug_info    0x00037951     0x7b65 C:\Users\info\Documents\GitHub\SsAtx\Sn74hc138dTester\Sn74hc138dTester\Output\Arduino_Zero__Native_USB_Port_\Debug\libraries\Adafruit_MCP23017_Arduino_Library\Adafruit_MCP23XXX.cpp.o
 .debug_info    0x0003f4b6     0x7686 C:\Users\info\Documents\GitHub\SsAtx\Sn74hc138dTester\Sn74hc138dTester\Output\Arduino_Zero__Native_USB_Port_\Debug\core\variant.cpp.o
 .debug_info    0x00046b3c     0x10d2 C:\Users\info\Documents\GitHub\SsAtx\Sn74hc138dTester\Sn74hc138dTester\Output\Arduino_Zero__Native_USB_Port_\Debug/core\core.a(cortex_handlers.c.o)
 .debug_info    0x00047c0e     0x1398 C:\Users\info\Documents\GitHub\SsAtx\Sn74hc138dTester\Sn74hc138dTester\Output\Arduino_Zero__Native_USB_Port_\Debug/core\core.a(delay.c.o)
 .debug_info    0x00048fa6       0x64 C:\Users\info\Documents\GitHub\SsAtx\Sn74hc138dTester\Sn74hc138dTester\Output\Arduino_Zero__Native_USB_Port_\Debug/core\core.a(hooks.c.o)
 .debug_info    0x0004900a     0x3494 C:\Users\info\Documents\GitHub\SsAtx\Sn74hc138dTester\Sn74hc138dTester\Output\Arduino_Zero__Native_USB_Port_\Debug/core\core.a(startup.c.o)
 .debug_info    0x0004c49e     0x2d66 C:\Users\info\Documents\GitHub\SsAtx\Sn74hc138dTester\Sn74hc138dTester\Output\Arduino_Zero__Native_USB_Port_\Debug/core\core.a(wiring.c.o)
 .debug_info    0x0004f204     0x4f2f C:\Users\info\Documents\GitHub\SsAtx\Sn74hc138dTester\Sn74hc138dTester\Output\Arduino_Zero__Native_USB_Port_\Debug/core\core.a(wiring_analog.c.o)
 .debug_info    0x00054133     0x1839 C:\Users\info\Documents\GitHub\SsAtx\Sn74hc138dTester\Sn74hc138dTester\Output\Arduino_Zero__Native_USB_Port_\Debug/core\core.a(wiring_digital.c.o)
 .debug_info    0x0005596c     0x17c3 C:\Users\info\Documents\GitHub\SsAtx\Sn74hc138dTester\Sn74hc138dTester\Output\Arduino_Zero__Native_USB_Port_\Debug/core\core.a(wiring_private.c.o)
 .debug_info    0x0005712f     0x6251 C:\Users\info\Documents\GitHub\SsAtx\Sn74hc138dTester\Sn74hc138dTester\Output\Arduino_Zero__Native_USB_Port_\Debug/core\core.a(Reset.cpp.o)
 .debug_info    0x0005d380     0x7162 C:\Users\info\Documents\GitHub\SsAtx\Sn74hc138dTester\Sn74hc138dTester\Output\Arduino_Zero__Native_USB_Port_\Debug/core\core.a(SERCOM.cpp.o)
 .debug_info    0x000644e2     0x7dea C:\Users\info\Documents\GitHub\SsAtx\Sn74hc138dTester\Sn74hc138dTester\Output\Arduino_Zero__Native_USB_Port_\Debug/core\core.a(Uart.cpp.o)
 .debug_info    0x0006c2cc     0x410f C:\Users\info\Documents\GitHub\SsAtx\Sn74hc138dTester\Sn74hc138dTester\Output\Arduino_Zero__Native_USB_Port_\Debug/core\core.a(Print.cpp.o)
 .debug_info    0x000703db     0x5c45 C:\Users\info\Documents\GitHub\SsAtx\Sn74hc138dTester\Sn74hc138dTester\Output\Arduino_Zero__Native_USB_Port_\Debug/core\core.a(main.cpp.o)
 .debug_info    0x00076020      0xf3b C:\Users\info\Documents\GitHub\SsAtx\Sn74hc138dTester\Sn74hc138dTester\Output\Arduino_Zero__Native_USB_Port_\Debug/core\core.a(new.cpp.o)

.debug_abbrev   0x00000000     0x8e53
 .debug_abbrev  0x00000000      0x785 C:\Users\info\Documents\GitHub\SsAtx\Sn74hc138dTester\Sn74hc138dTester\Output\Arduino_Zero__Native_USB_Port_\Debug\sketch\Sn74hc138dTester.ino.cpp.o
 .debug_abbrev  0x00000785      0x6ae C:\Users\info\Documents\GitHub\SsAtx\Sn74hc138dTester\Sn74hc138dTester\Output\Arduino_Zero__Native_USB_Port_\Debug\libraries\Sn74hc138d\Sn74hc138d.cpp.o
 .debug_abbrev  0x00000e33      0x8e6 C:\Users\info\Documents\GitHub\SsAtx\Sn74hc138dTester\Sn74hc138dTester\Output\Arduino_Zero__Native_USB_Port_\Debug\libraries\Adafruit_BusIO\Adafruit_BusIO_Register.cpp.o
 .debug_abbrev  0x00001719      0x78f C:\Users\info\Documents\GitHub\SsAtx\Sn74hc138dTester\Sn74hc138dTester\Output\Arduino_Zero__Native_USB_Port_\Debug\libraries\Adafruit_BusIO\Adafruit_I2CDevice.cpp.o
 .debug_abbrev  0x00001ea8      0x8f1 C:\Users\info\Documents\GitHub\SsAtx\Sn74hc138dTester\Sn74hc138dTester\Output\Arduino_Zero__Native_USB_Port_\Debug\libraries\Adafruit_BusIO\Adafruit_SPIDevice.cpp.o
 .debug_abbrev  0x00002799      0x870 C:\Users\info\Documents\GitHub\SsAtx\Sn74hc138dTester\Sn74hc138dTester\Output\Arduino_Zero__Native_USB_Port_\Debug\libraries\Wire\Wire.cpp.o