Archive member included to satisfy reference by file (symbol)

C:\Users\info\Documents\GitHub\SsAtx\Ssd1306Tester\Ssd1306Tester\Output\Arduino_Zero__Native_USB_Port_\Debug\libraries\Graphics\Graphics.a(Graphics.cpp.o)
                              C:\Users\info\Documents\GitHub\SsAtx\Ssd1306Tester\Ssd1306Tester\Output\Arduino_Zero__Native_USB_Port_\Debug\sketch\Ssd1306Tester.ino.cpp.o (graphics::Graphics::drawLine(graphics::Canvas*, graphics::Point, graphics::Point, graphics::DrawMode))
C:\Users\info\Documents\GitHub\SsAtx\Ssd1306Tester\Ssd1306Tester\Output\Arduino_Zero__Native_USB_Port_\Debug\libraries\Ssd1306Group\Ssd1306Group.a(Ssd1306Group.cpp.o)
                              C:\Users\info\Documents\GitHub\SsAtx\Ssd1306Tester\Ssd1306Tester\Output\Arduino_Zero__Native_USB_Port_\Debug\sketch\Ssd1306Tester.ino.cpp.o (Ssd1306Group::Ssd1306Group(void (*)(), void (*)(unsigned char), void (*)(unsigned char)))
C:\Users\info\Documents\GitHub\SsAtx\Ssd1306Tester\Ssd1306Tester\Output\Arduino_Zero__Native_USB_Port_\Debug/core\core.a(cortex_handlers.c.o)
                              (Reset_Handler)
C:\Users\info\Documents\GitHub\SsAtx\Ssd1306Tester\Ssd1306Tester\Output\Arduino_Zero__Native_USB_Port_\Debug/core\core.a(delay.c.o)
                              C:\Users\info\Documents\GitHub\SsAtx\Ssd1306Tester\Ssd1306Tester\Output\Arduino_Zero__Native_USB_Port_\Debug\sketch\Ssd1306Tester.ino.cpp.o (delay)
C:\Users\info\Documents\GitHub\SsAtx\Ssd1306Tester\Ssd1306Tester\Output\Arduino_Zero__Native_USB_Port_\Debug/core\core.a(hooks.c.o)
                              C:\Users\info\Documents\GitHub\SsAtx\Ssd1306Tester\Ssd1306Tester\Output\Arduino_Zero__Native_USB_Port_\Debug/core\core.a(delay.c.o) (yield)
C:\Users\info\Documents\GitHub\SsAtx\Ssd1306Tester\Ssd1306Tester\Output\Arduino_Zero__Native_USB_Port_\Debug/core\core.a(startup.c.o)
                              C:\Users\info\Documents\GitHub\SsAtx\Ssd1306Tester\Ssd1306Tester\Output\Arduino_Zero__Native_USB_Port_\Debug/core\core.a(cortex_handlers.c.o) (SystemInit)
C:\Users\info\Documents\GitHub\SsAtx\Ssd1306Tester\Ssd1306Tester\Output\Arduino_Zero__Native_USB_Port_\Debug/core\core.a(wiring.c.o)
                              C:\Users\info\Documents\GitHub\SsAtx\Ssd1306Tester\Ssd1306Tester\Output\Arduino_Zero__Native_USB_Port_\Debug/core\core.a(startup.c.o) (SystemCoreClock)
C:\Users\info\Documents\GitHub\SsAtx\Ssd1306Tester\Ssd1306Tester\Output\Arduino_Zero__Native_USB_Port_\Debug/core\core.a(wiring_analog.c.o)
                              C:\Users\info\Documents\GitHub\SsAtx\Ssd1306Tester\Ssd1306Tester\Output\Arduino_Zero__Native_USB_Port_\Debug/core\core.a(wiring.c.o) (analogReference)
C:\Users\info\Documents\GitHub\SsAtx\Ssd1306Tester\Ssd1306Tester\Output\Arduino_Zero__Native_USB_Port_\Debug/core\core.a(wiring_digital.c.o)
                              C:\Users\info\Documents\GitHub\SsAtx\Ssd1306Tester\Ssd1306Tester\Output\Arduino_Zero__Native_USB_Port_\Debug\sketch\Ssd1306Tester.ino.cpp.o (pinMode)
C:\Users\info\Documents\GitHub\SsAtx\Ssd1306Tester\Ssd1306Tester\Output\Arduino_Zero__Native_USB_Port_\Debug/core\core.a(wiring_private.c.o)
                              C:\Users\info\Documents\GitHub\SsAtx\Ssd1306Tester\Ssd1306Tester\Output\Arduino_Zero__Native_USB_Port_\Debug\libraries\Wire\Wire.cpp.o (pinPeripheral)
C:\Users\info\Documents\GitHub\SsAtx\Ssd1306Tester\Ssd1306Tester\Output\Arduino_Zero__Native_USB_Port_\Debug/core\core.a(Reset.cpp.o)
                              C:\Users\info\Documents\GitHub\SsAtx\Ssd1306Tester\Ssd1306Tester\Output\Arduino_Zero__Native_USB_Port_\Debug/core\core.a(delay.c.o) (tickReset)
C:\Users\info\Documents\GitHub\SsAtx\Ssd1306Tester\Ssd1306Tester\Output\Arduino_Zero__Native_USB_Port_\Debug/core\core.a(SERCOM.cpp.o)
                              C:\Users\info\Documents\GitHub\SsAtx\Ssd1306Tester\Ssd1306Tester\Output\Arduino_Zero__Native_USB_Port_\Debug\core\variant.cpp.o (SERCOM::SERCOM(Sercom*))
C:\Users\info\Documents\GitHub\SsAtx\Ssd1306Tester\Ssd1306Tester\Output\Arduino_Zero__Native_USB_Port_\Debug/core\core.a(Uart.cpp.o)
                              C:\Users\info\Documents\GitHub\SsAtx\Ssd1306Tester\Ssd1306Tester\Output\Arduino_Zero__Native_USB_Port_\Debug\core\variant.cpp.o (Uart::Uart(SERCOM*, unsigned char, unsigned char, SercomRXPad, SercomUartTXPad))
C:\Users\info\Documents\GitHub\SsAtx\Ssd1306Tester\Ssd1306Tester\Output\Arduino_Zero__Native_USB_Port_\Debug/core\core.a(WMath.cpp.o)
                              C:\Users\info\Documents\GitHub\SsAtx\Ssd1306Tester\Ssd1306Tester\Output\Arduino_Zero__Native_USB_Port_\Debug\sketch\Ssd1306Tester.ino.cpp.o (random(long))
C:\Users\info\Documents\GitHub\SsAtx\Ssd1306Tester\Ssd1306Tester\Output\Arduino_Zero__Native_USB_Port_\Debug/core\core.a(abi.cpp.o)
                              C:\Users\info\Documents\GitHub\SsAtx\Ssd1306Tester\Ssd1306Tester\Output\Arduino_Zero__Native_USB_Port_\Debug\libraries\Adafruit_GFX_Library\Adafruit_GFX.cpp.o (__cxa_pure_virtual)
[...]
Memory Configuration

Name             Origin             Length             Attributes
FLASH            0x00002000         0x0003e000         xr
RAM              0x20000000         0x00008000         xrw
*default*        0x00000000         0xffffffff

Linker script and memory map

LOAD c:/users/info/appdata/local/arduino15/packages/arduino/tools/arm-none-eabi-gcc/7-2017q4/bin/../lib/gcc/arm-none-eabi/7.2.1/thumb/v6-m/crti.o
LOAD c:/users/info/appdata/local/arduino15/packages/arduino/tools/arm-none-eabi-gcc/7-2017q4/bin/../lib/gcc/arm-none-eabi/7.2.1/thumb/v6-m/crtbegin.o
LOAD c:/users/info/appdata/local/arduino15/packages/arduino/tools/arm-none-eabi-gcc/7-2017q4/bin/../lib/gcc/arm-none-eabi/7.2.1/../../../../arm-none-eabi/lib/thumb/v6-m/crt0.o
LOAD C:\Users\info\Documents\GitHub\SsAtx\Ssd1306Tester\Ssd1306Tester\Output\Arduino_Zero__Native_USB_Port_\Debug\sketch\Ssd1306Tester.ino.cpp.o
LOAD C:\Users\info\Documents\GitHub\SsAtx\Ssd1306Tester\Ssd1306Tester\Output\Arduino_Zero__Native_USB_Port_\Debug\libraries\Adafruit_BusIO\Adafruit_BusIO_Register.cpp.o
LOAD C:\Users\info\Documents\GitHub\SsAtx\Ssd1306Tester\Ssd1306Tester\Output\Arduino_Zero__Native_USB_Port_\Debug\libraries\Adafruit_BusIO\Adafruit_I2CDevice.cpp.o
LOAD C:\Users\info\Documents\GitHub\SsAtx\Ssd1306Tester\Ssd1306Tester\Output\Arduino_Zero__Native_USB_Port_\Debug\libraries\Adafruit_BusIO\Adafruit_SPIDevice.cpp.o
LOAD C:\Users\info\Documents\GitHub\SsAtx\Ssd1306Tester\Ssd1306Tester\Output\Arduino_Zero__Native_USB_Port_\Debug\libraries\Wire\Wire.cpp.o
LOAD C:\Users\info\Documents\GitHub\SsAtx\Ssd1306Tester\Ssd1306Tester\Output\Arduino_Zero__Native_USB_Port_\Debug\libraries\SPI\SPI.cpp.o
LOAD C:\Users\info\Documents\GitHub\SsAtx\Ssd1306Tester\Ssd1306Tester\Output\Arduino_Zero__Native_USB_Port_\Debug\libraries\Adafruit_GFX_Library\glcdfont.c.o
LOAD C:\Users\info\Documents\GitHub\SsAtx\Ssd1306Tester\Ssd1306Tester\Output\Arduino_Zero__Native_USB_Port_\Debug\libraries\Adafruit_GFX_Library\Adafruit_GFX.cpp.o
LOAD C:\Users\info\Documents\GitHub\SsAtx\Ssd1306Tester\Ssd1306Tester\Output\Arduino_Zero__Native_USB_Port_\Debug\libraries\Adafruit_GFX_Library\Adafruit_GrayOLED.cpp.o
LOAD C:\Users\info\Documents\GitHub\SsAtx\Ssd1306Tester\Ssd1306Tester\Output\Arduino_Zero__Native_USB_Port_\Debug\libraries\Adafruit_GFX_Library\Adafruit_SPITFT.cpp.o
LOAD C:\Users\info\Documents\GitHub\SsAtx\Ssd1306Tester\Ssd1306Tester\Output\Arduino_Zero__Native_USB_Port_\Debug\libraries\Adafruit_MCP23017_Arduino_Library\Adafruit_MCP23X08.cpp.o
LOAD C:\Users\info\Documents\GitHub\SsAtx\Ssd1306Tester\Ssd1306Tester\Output\Arduino_Zero__Native_USB_Port_\Debug\libraries\Adafruit_MCP23017_Arduino_Library\Adafruit_MCP23X17.cpp.o
LOAD C:\Users\info\Documents\GitHub\SsAtx\Ssd1306Tester\Ssd1306Tester\Output\Arduino_Zero__Native_USB_Port_\Debug\libraries\Adafruit_MCP23017_Arduino_Library\Adafruit_MCP23XXX.cpp.o
LOAD C:\Users\info\Documents\GitHub\SsAtx\Ssd1306Tester\Ssd1306Tester\Output\Arduino_Zero__Native_USB_Port_\Debug\libraries\Sn74hc138d\Sn74hc138d.cpp.o
LOAD C:\Users\info\Documents\GitHub\SsAtx\Ssd1306Tester\Ssd1306Tester\Output\Arduino_Zero__Native_USB_Port_\Debug\libraries\Ssd1306\Ssd1306.cpp.o
LOAD C:\Users\info\Documents\GitHub\SsAtx\Ssd1306Tester\Ssd1306Tester\Output\Arduino_Zero__Native_USB_Port_\Debug\libraries\Graphics\Graphics.a
LOAD C:\Users\info\Documents\GitHub\SsAtx\Ssd1306Tester\Ssd1306Tester\Output\Arduino_Zero__Native_USB_Port_\Debug\libraries\Ssd1306Group\Ssd1306Group.a
LOAD C:\Users\info\Documents\GitHub\SsAtx\Ssd1306Tester\Ssd1306Tester\Output\Arduino_Zero__Native_USB_Port_\Debug\core\variant.cpp.o
START GROUP
LOAD C:\Users\info\AppData\Local\Arduino15\packages\arduino\tools\CMSIS\4.5.0/CMSIS/Lib/GCC/\libarm_cortexM0l_math.a
LOAD C:\Users\info\Documents\GitHub\SsAtx\Ssd1306Tester\Ssd1306Tester\Output\Arduino_Zero__Native_USB_Port_\Debug/core\core.a
END GROUP
LOAD c:/users/info/appdata/local/arduino15/packages/arduino/tools/arm-none-eabi-gcc/7-2017q4/bin/../lib/gcc/arm-none-eabi/7.2.1/../../../../arm-none-eabi/lib/thumb/v6-m\libstdc++_nano.a
LOAD c:/users/info/appdata/local/arduino15/packages/arduino/tools/arm-none-eabi-gcc/7-2017q4/bin/../lib/gcc/arm-none-eabi/7.2.1/../../../../arm-none-eabi/lib/thumb/v6-m\libm.a
START GROUP
LOAD c:/users/info/appdata/local/arduino15/packages/arduino/tools/arm-none-eabi-gcc/7-2017q4/bin/../lib/gcc/arm-none-eabi/7.2.1/thumb/v6-m\libgcc.a
LOAD c:/users/info/appdata/local/arduino15/packages/arduino/tools/arm-none-eabi-gcc/7-2017q4/bin/../lib/gcc/arm-none-eabi/7.2.1/../../../../arm-none-eabi/lib/thumb/v6-m\libc_nano.a
END GROUP
START GROUP
LOAD c:/users/info/appdata/local/arduino15/packages/arduino/tools/arm-none-eabi-gcc/7-2017q4/bin/../lib/gcc/arm-none-eabi/7.2.1/thumb/v6-m\libgcc.a
LOAD c:/users/info/appdata/local/arduino15/packages/arduino/tools/arm-none-eabi-gcc/7-2017q4/bin/../lib/gcc/arm-none-eabi/7.2.1/../../../../arm-none-eabi/lib/thumb/v6-m\libc_nano.a
LOAD c:/users/info/appdata/local/arduino15/packages/arduino/tools/arm-none-eabi-gcc/7-2017q4/bin/../lib/gcc/arm-none-eabi/7.2.1/../../../../arm-none-eabi/lib/thumb/v6-m\libnosys.a
END GROUP
START GROUP
LOAD c:/users/info/appdata/local/arduino15/packages/arduino/tools/arm-none-eabi-gcc/7-2017q4/bin/../lib/gcc/arm-none-eabi/7.2.1/thumb/v6-m\libgcc.a
LOAD c:/users/info/appdata/local/arduino15/packages/arduino/tools/arm-none-eabi-gcc/7-2017q4/bin/../lib/gcc/arm-none-eabi/7.2.1/../../../../arm-none-eabi/lib/thumb/v6-m\libc_nano.a
LOAD c:/users/info/appdata/local/arduino15/packages/arduino/tools/arm-none-eabi-gcc/7-2017q4/bin/../lib/gcc/arm-none-eabi/7.2.1/../../../../arm-none-eabi/lib/thumb/v6-m\libnosys.a
END GROUP
LOAD c:/users/info/appdata/local/arduino15/packages/arduino/tools/arm-none-eabi-gcc/7-2017q4/bin/../lib/gcc/arm-none-eabi/7.2.1/thumb/v6-m/crtend.o
LOAD c:/users/info/appdata/local/arduino15/packages/arduino/tools/arm-none-eabi-gcc/7-2017q4/bin/../lib/gcc/arm-none-eabi/7.2.1/thumb/v6-m/crtn.o

.text           0x00002000     0x4848
                0x00002000                __text_start__ = .
 *(.sketch_boot)
                0x00002000                . = ALIGN (0x2000)
 *(.isr_vector)
 .isr_vector    0x00002000       0xb4 C:\Users\info\Documents\GitHub\SsAtx\Ssd1306Tester\Ssd1306Tester\Output\Arduino_Zero__Native_USB_Port_\Debug/core\core.a(cortex_handlers.c.o)
                0x00002000                exception_table
 *(.text*)
 .text          0x000020b4       0x48 c:/users/info/appdata/local/arduino15/packages/arduino/tools/arm-none-eabi-gcc/7-2017q4/bin/../lib/gcc/arm-none-eabi/7.2.1/thumb/v6-m/crtbegin.o
 .text._Z11writeOledDcP7Ssd1306h
                0x000020fc        0xa C:\Users\info\Documents\GitHub\SsAtx\Ssd1306Tester\Ssd1306Tester\Output\Arduino_Zero__Native_USB_Port_\Debug\sketch\Ssd1306Tester.ino.cpp.o
                0x000020fc                writeOledDc(Ssd1306*, unsigned char)
 *fill*         0x00002106        0x2 
 .text._Z18initialiseOledPinsv
                0x00002108       0x28 C:\Users\info\Documents\GitHub\SsAtx\Ssd1306Tester\Ssd1306Tester\Output\Arduino_Zero__Native_USB_Port_\Debug\sketch\Ssd1306Tester.ino.cpp.o
                0x00002108                initialiseOledPins()
 .text._Z16initialiseDtrMuxv
                0x00002130       0x20 C:\Users\info\Documents\GitHub\SsAtx\Ssd1306Tester\Ssd1306Tester\Output\Arduino_Zero__Native_USB_Port_\Debug\sketch\Ssd1306Tester.ino.cpp.o
                0x00002130                initialiseDtrMux()
 .text._Z16setDtrMuxInhibitb
                0x00002150       0x14 C:\Users\info\Documents\GitHub\SsAtx\Ssd1306Tester\Ssd1306Tester\Output\Arduino_Zero__Native_USB_Port_\Debug\sketch\Ssd1306Tester.ino.cpp.o
                0x00002150                setDtrMuxInhibit(bool)
 .text._Z17writeOledGroupVcch
                0x00002164       0x14 C:\Users\info\Documents\GitHub\SsAtx\Ssd1306Tester\Ssd1306Tester\Output\Arduino_Zero__Native_USB_Port_\Debug\sketch\Ssd1306Tester.ino.cpp.o
                0x00002164                writeOledGroupVcc(unsigned char)
 .text._Z19writeOledGroupReseth
                0x00002178       0x14 C:\Users\info\Documents\GitHub\SsAtx\Ssd1306Tester\Ssd1306Tester\Output\Arduino_Zero__Native_USB_Port_\Debug\sketch\Ssd1306Tester.ino.cpp.o
                0x00002178                writeOledGroupReset(unsigned char)
 .text._Z15writeOledSelectP7Ssd1306h
                0x0000218c       0x24 C:\Users\info\Documents\GitHub\SsAtx\Ssd1306Tester\Ssd1306Tester\Output\Arduino_Zero__Native_USB_Port_\Debug\sketch\Ssd1306Tester.ino.cpp.o
                0x0000218c                writeOledSelect(Ssd1306*, unsigned char)
 .text._ZN12Ssd1306GroupD2Ev
                0x000021b0       0x12 C:\Users\info\Documents\GitHub\SsAtx\Ssd1306Tester\Ssd1306Tester\Output\Arduino_Zero__Native_USB_Port_\Debug\sketch\Ssd1306Tester.ino.cpp.o
                0x000021b0                Ssd1306Group::~Ssd1306Group()
                0x000021b0                Ssd1306Group::~Ssd1306Group()
 .text._ZN8graphics6CanvasC2ENS_4RectENS_4SizeEhS1_
                0x000021c2       0x88 C:\Users\info\Documents\GitHub\SsAtx\Ssd1306Tester\Ssd1306Tester\Output\Arduino_Zero__Native_USB_Port_\Debug\sketch\Ssd1306Tester.ino.cpp.o
                0x000021c2                graphics::Canvas::Canvas(graphics::Rect, graphics::Size, unsigned char, graphics::Rect)
                0x000021c2                graphics::Canvas::Canvas(graphics::Rect, graphics::Size, unsigned char, graphics::Rect)
 .text._ZN8graphics6CanvasD2Ev
                0x0000224a       0x12 C:\Users\info\Documents\GitHub\SsAtx\Ssd1306Tester\Ssd1306Tester\Output\Arduino_Zero__Native_USB_Port_\Debug\sketch\Ssd1306Tester.ino.cpp.o
                0x0000224a                graphics::Canvas::~Canvas()
                0x0000224a                graphics::Canvas::~Canvas()
 .text.setup    0x0000225c       0xcc C:\Users\info\Documents\GitHub\SsAtx\Ssd1306Tester\Ssd1306Tester\Output\Arduino_Zero__Native_USB_Port_\Debug\sketch\Ssd1306Tester.ino.cpp.o
                0x0000225c                setup
 .text._Z25writeRandomCharFullScreenP7Ssd1306
                0x00002328       0xac C:\Users\info\Documents\GitHub\SsAtx\Ssd1306Tester\Ssd1306Tester\Output\Arduino_Zero__Native_USB_Port_\Debug\sketch\Ssd1306Tester.ino.cpp.o
                0x00002328                writeRandomCharFullScreen(Ssd1306*)
 .text._Z17writeGraphicsTesth
                0x000023d4       0x1c C:\Users\info\Documents\GitHub\SsAtx\Ssd1306Tester\Ssd1306Tester\Output\Arduino_Zero__Native_USB_Port_\Debug\sketch\Ssd1306Tester.ino.cpp.o
                0x000023d4                writeGraphicsTest(unsigned char)
 .text.loop     0x000023f0       0x30 C:\Users\info\Documents\GitHub\SsAtx\Ssd1306Tester\Ssd1306Tester\Output\Arduino_Zero__Native_USB_Port_\Debug\sketch\Ssd1306Tester.ino.cpp.o
                0x000023f0                loop
 .text.startup._GLOBAL__sub_I_mcp
                0x00002420     0x1498 C:\Users\info\Documents\GitHub\SsAtx\Ssd1306Tester\Ssd1306Tester\Output\Arduino_Zero__Native_USB_Port_\Debug\sketch\Ssd1306Tester.ino.cpp.o
 .text._ZN23Adafruit_BusIO_RegisterC2EP18Adafruit_I2CDeviceP18Adafruit_SPIDevice26_Adafruit_BusIO_SPIRegTypethhh
                0x000038b8       0x2a C:\Users\info\Documents\GitHub\SsAtx\Ssd1306Tester\Ssd1306Tester\Output\Arduino_Zero__Native_USB_Port_\Debug\libraries\Adafruit_BusIO\Adafruit_BusIO_Register.cpp.o
                0x000038b8                Adafruit_BusIO_Register::Adafruit_BusIO_Register(Adafruit_I2CDevice*, Adafruit_SPIDevice*, _Adafruit_BusIO_SPIRegType, unsigned short, unsigned char, unsigned char, unsigned char)
                0x000038b8                Adafruit_BusIO_Register::Adafruit_BusIO_Register(Adafruit_I2CDevice*, Adafruit_SPIDevice*, _Adafruit_BusIO_SPIRegType, unsigned short, unsigned char, unsigned char, unsigned char)
 .text._ZN23Adafruit_BusIO_Register5writeEPhh
                0x000038e2       0x70 C:\Users\info\Documents\GitHub\SsAtx\Ssd1306Tester\Ssd1306Tester\Output\Arduino_Zero__Native_USB_Port_\Debug\libraries\Adafruit_BusIO\Adafruit_BusIO_Register.cpp.o
                0x000038e2                Adafruit_BusIO_Register::write(unsigned char*, unsigned char)
 .text._ZN23Adafruit_BusIO_Register5writeEmh
                0x00003952       0x3e C:\Users\info\Documents\GitHub\SsAtx\Ssd1306Tester\Ssd1306Tester\Output\Arduino_Zero__Native_USB_Port_\Debug\libraries\Adafruit_BusIO\Adafruit_BusIO_Register.cpp.o
                0x00003952                Adafruit_BusIO_Register::write(unsigned long, unsigned char)
 .text._ZN23Adafruit_BusIO_Register4readEPhh
                0x00003990       0x74 C:\Users\info\Documents\GitHub\SsAtx\Ssd1306Tester\Ssd1306Tester\Output\Arduino_Zero__Native_USB_Port_\Debug\libraries\Adafruit_BusIO\Adafruit_BusIO_Register.cpp.o
                0x00003990                Adafruit_BusIO_Register::read(unsigned char*, unsigned char)
 .text._ZN23Adafruit_BusIO_Register4readEv
                0x00003a04       0x3c C:\Users\info\Documents\GitHub\SsAtx\Ssd1306Tester\Ssd1306Tester\Output\Arduino_Zero__Native_USB_Port_\Debug\libraries\Adafruit_BusIO\Adafruit_BusIO_Register.cpp.o
                0x00003a04                Adafruit_BusIO_Register::read()
 .text._ZN27Adafruit_BusIO_RegisterBitsC2EP23Adafruit_BusIO_Registerhh
                0x00003a40        0x8 C:\Users\info\Documents\GitHub\SsAtx\Ssd1306Tester\Ssd1306Tester\Output\Arduino_Zero__Native_USB_Port_\Debug\libraries\Adafruit_BusIO\Adafruit_BusIO_Register.cpp.o
                0x00003a40                Adafruit_BusIO_RegisterBits::Adafruit_BusIO_RegisterBits(Adafruit_BusIO_Register*, unsigned char, unsigned char)
                0x00003a40                Adafruit_BusIO_RegisterBits::Adafruit_BusIO_RegisterBits(Adafruit_BusIO_Register*, unsigned char, unsigned char)
 .text._ZN27Adafruit_BusIO_RegisterBits5writeEm
                0x00003a48       0x2e C:\Users\info\Documents\GitHub\SsAtx\Ssd1306Tester\Ssd1306Tester\Output\Arduino_Zero__Native_USB_Port_\Debug\libraries\Adafruit_BusIO\Adafruit_BusIO_Register.cpp.o
                0x00003a48                Adafruit_BusIO_RegisterBits::write(unsigned long)
 .text._ZN18Adafruit_I2CDevice5writeEPKhjbS1_j
                0x00003a76       0x5c C:\Users\info\Documents\GitHub\SsAtx\Ssd1306Tester\Ssd1306Tester\Output\Arduino_Zero__Native_USB_Port_\Debug\libraries\Adafruit_BusIO\Adafruit_I2CDevice.cpp.o
                0x00003a76                Adafruit_I2CDevice::write(unsigned char const*, unsigned int, bool, unsigned char const*, unsigned int)
 .text._ZN18Adafruit_I2CDevice5_readEPhjb
                0x00003ad2       0x32 C:\Users\info\Documents\GitHub\SsAtx\Ssd1306Tester\Ssd1306Tester\Output\Arduino_Zero__Native_USB_Port_\Debug\libraries\Adafruit_BusIO\Adafruit_I2CDevice.cpp.o
                0x00003ad2                Adafruit_I2CDevice::_read(unsigned char*, unsigned int, bool)
 .text._ZN18Adafruit_I2CDevice4readEPhjb
                0x00003b04       0x3c C:\Users\info\Documents\GitHub\SsAtx\Ssd1306Tester\Ssd1306Tester\Output\Arduino_Zero__Native_USB_Port_\Debug\libraries\Adafruit_BusIO\Adafruit_I2CDevice.cpp.o
                0x00003b04                Adafruit_I2CDevice::read(unsigned char*, unsigned int, bool)
 .text._ZN18Adafruit_I2CDevice15write_then_readEPKhjPhjb
                0x00003b40       0x2a C:\Users\info\Documents\GitHub\SsAtx\Ssd1306Tester\Ssd1306Tester\Output\Arduino_Zero__Native_USB_Port_\Debug\libraries\Adafruit_BusIO\Adafruit_I2CDevice.cpp.o
                0x00003b40                Adafruit_I2CDevice::write_then_read(unsigned char const*, unsigned int, unsigned char*, unsigned int, bool)
 .text._ZN18Adafruit_SPIDeviceC2Eam8BitOrderhPN7arduino11HardwareSPIE
                0x00003b6a       0x3c C:\Users\info\Documents\GitHub\SsAtx\Ssd1306Tester\Ssd1306Tester\Output\Arduino_Zero__Native_USB_Port_\Debug\libraries\Adafruit_BusIO\Adafruit_SPIDevice.cpp.o
                0x00003b6a                Adafruit_SPIDevice::Adafruit_SPIDevice(signed char, unsigned long, BitOrder, unsigned char, arduino::HardwareSPI*)
                0x00003b6a                Adafruit_SPIDevice::Adafruit_SPIDevice(signed char, unsigned long, BitOrder, unsigned char, arduino::HardwareSPI*)
 .text._ZN18Adafruit_SPIDevice5beginEv
                0x00003ba6       0x74 C:\Users\info\Documents\GitHub\SsAtx\Ssd1306Tester\Ssd1306Tester\Output\Arduino_Zero__Native_USB_Port_\Debug\libraries\Adafruit_BusIO\Adafruit_SPIDevice.cpp.o
                0x00003ba6                Adafruit_SPIDevice::begin()
 *fill*         0x00003c1a        0x2 
 .text._ZN18Adafruit_SPIDevice8transferEPhj
                0x00003c1c      0x160 C:\Users\info\Documents\GitHub\SsAtx\Ssd1306Tester\Ssd1306Tester\Output\Arduino_Zero__Native_USB_Port_\Debug\libraries\Adafruit_BusIO\Adafruit_SPIDevice.cpp.o
                0x00003c1c                Adafruit_SPIDevice::transfer(unsigned char*, unsigned int)
 .text._ZN18Adafruit_SPIDevice8transferEh
                0x00003d7c       0x14 C:\Users\info\Documents\GitHub\SsAtx\Ssd1306Tester\Ssd1306Tester\Output\Arduino_Zero__Native_USB_Port_\Debug\libraries\Adafruit_BusIO\Adafruit_SPIDevice.cpp.o
                0x00003d7c                Adafruit_SPIDevice::transfer(unsigned char)
 .text._ZN18Adafruit_SPIDevice16beginTransactionEv
                0x00003d90       0x18 C:\Users\info\Documents\GitHub\SsAtx\Ssd1306Tester\Ssd1306Tester\Output\Arduino_Zero__Native_USB_Port_\Debug\libraries\Adafruit_BusIO\Adafruit_SPIDevice.cpp.o
                0x00003d90                Adafruit_SPIDevice::beginTransaction()
 .text._ZN18Adafruit_SPIDevice14endTransactionEv
                0x00003da8       0x10 C:\Users\info\Documents\GitHub\SsAtx\Ssd1306Tester\Ssd1306Tester\Output\Arduino_Zero__Native_USB_Port_\Debug\libraries\Adafruit_BusIO\Adafruit_SPIDevice.cpp.o
                0x00003da8                Adafruit_SPIDevice::endTransaction()
 .text._ZN18Adafruit_SPIDevice13setChipSelectEi
                0x00003db8       0x14 C:\Users\info\Documents\GitHub\SsAtx\Ssd1306Tester\Ssd1306Tester\Output\Arduino_Zero__Native_USB_Port_\Debug\libraries\Adafruit_BusIO\Adafruit_SPIDevice.cpp.o
                0x00003db8                Adafruit_SPIDevice::setChipSelect(int)
 .text._ZN18Adafruit_SPIDevice31beginTransactionWithAssertingCSEv
                0x00003dcc       0x12 C:\Users\info\Documents\GitHub\SsAtx\Ssd1306Tester\Ssd1306Tester\Output\Arduino_Zero__Native_USB_Port_\Debug\libraries\Adafruit_BusIO\Adafruit_SPIDevice.cpp.o
                0x00003dcc                Adafruit_SPIDevice::beginTransactionWithAssertingCS()
 .text._ZN18Adafruit_SPIDevice31endTransactionWithDeassertingCSEv
                0x00003dde       0x12 C:\Users\info\Documents\GitHub\SsAtx\Ssd1306Tester\Ssd1306Tester\Output\Arduino_Zero__Native_USB_Port_\Debug\libraries\Adafruit_BusIO\Adafruit_SPIDevice.cpp.o
                0x00003dde                Adafruit_SPIDevice::endTransactionWithDeassertingCS()
 .text._ZN18Adafruit_SPIDevice5writeEPKhjS1_j
                0x00003df0       0x40 C:\Users\info\Documents\GitHub\SsAtx\Ssd1306Tester\Ssd1306Tester\Output\Arduino_Zero__Native_USB_Port_\Debug\libraries\Adafruit_BusIO\Adafruit_SPIDevice.cpp.o
                0x00003df0                Adafruit_SPIDevice::write(unsigned char const*, unsigned int, unsigned char const*, unsigned int)
 .text._ZN18Adafruit_SPIDevice15write_then_readEPKhjPhjh
                0x00003e30       0x48 C:\Users\info\Documents\GitHub\SsAtx\Ssd1306Tester\Ssd1306Tester\Output\Arduino_Zero__Native_USB_Port_\Debug\libraries\Adafruit_BusIO\Adafruit_SPIDevice.cpp.o
                0x00003e30                Adafruit_SPIDevice::write_then_read(unsigned char const*, unsigned int, unsigned char*, unsigned int, unsigned char)
 .text._ZN7arduino5Print17availableForWriteEv
                0x00003e78        0x4 C:\Users\info\Documents\GitHub\SsAtx\Ssd1306Tester\Ssd1306Tester\Output\Arduino_Zero__Native_USB_Port_\Debug\libraries\Wire\Wire.cpp.o
                0x00003e78                arduino::Print::availableForWrite()
 .text._ZN7TwoWire5writeEPKhj
                0x00003e7c       0x24 C:\Users\info\Documents\GitHub\SsAtx\Ssd1306Tester\Ssd1306Tester\Output\Arduino_Zero__Native_USB_Port_\Debug\libraries\Wire\Wire.cpp.o
                0x00003e7c                TwoWire::write(unsigned char const*, unsigned int)
 .text._ZN7TwoWire9availableEv
                0x00003ea0        0x4 C:\Users\info\Documents\GitHub\SsAtx\Ssd1306Tester\Ssd1306Tester\Output\Arduino_Zero__Native_USB_Port_\Debug\libraries\Wire\Wire.cpp.o
                0x00003ea0                TwoWire::available()
 .text._ZN7TwoWire5flushEv
                0x00003ea4        0x2 C:\Users\info\Documents\GitHub\SsAtx\Ssd1306Tester\Ssd1306Tester\Output\Arduino_Zero__Native_USB_Port_\Debug\libraries\Wire\Wire.cpp.o
                0x00003ea4                TwoWire::flush()
 .text._ZN7TwoWire4peekEv
                0x00003ea6       0x14 C:\Users\info\Documents\GitHub\SsAtx\Ssd1306Tester\Ssd1306Tester\Output\Arduino_Zero__Native_USB_Port_\Debug\libraries\Wire\Wire.cpp.o
                0x00003ea6                TwoWire::peek()
 *fill*         0x00003eba        0x2 
 .text._ZN7TwoWireC2EP6SERCOMhh
                0x00003ebc       0x5c C:\Users\info\Documents\GitHub\SsAtx\Ssd1306Tester\Ssd1306Tester\Output\Arduino_Zero__Native_USB_Port_\Debug\libraries\Wire\Wire.cpp.o
                0x00003ebc                TwoWire::TwoWire(SERCOM*, unsigned char, unsigned char)
                0x00003ebc                TwoWire::TwoWire(SERCOM*, unsigned char, unsigned char)
 .text._ZN7TwoWire17beginTransmissionEh
                0x00003f18       0x1e C:\Users\info\Documents\GitHub\SsAtx\Ssd1306Tester\Ssd1306Tester\Output\Arduino_Zero__Native_USB_Port_\Debug\libraries\Wire\Wire.cpp.o
                0x00003f18                TwoWire::beginTransmission(unsigned char)
 .text._ZN7arduino11RingBufferNILi64EE10store_charEh
                0x00003f36       0x1c C:\Users\info\Documents\GitHub\SsAtx\Ssd1306Tester\Ssd1306Tester\Output\Arduino_Zero__Native_USB_Port_\Debug\libraries\Wire\Wire.cpp.o
                0x00003f36                arduino::RingBufferN<64>::store_char(unsigned char)
 .text._ZN7TwoWire11requestFromEhjb
                0x00003f52       0x60 C:\Users\info\Documents\GitHub\SsAtx\Ssd1306Tester\Ssd1306Tester\Output\Arduino_Zero__Native_USB_Port_\Debug\libraries\Wire\Wire.cpp.o
                0x00003f52                TwoWire::requestFrom(unsigned char, unsigned int, bool)
 .text._ZN7TwoWire5writeEh
                0x00003fb2       0x20 C:\Users\info\Documents\GitHub\SsAtx\Ssd1306Tester\Ssd1306Tester\Output\Arduino_Zero__Native_USB_Port_\Debug\libraries\Wire\Wire.cpp.o
                0x00003fb2                TwoWire::write(unsigned char)
 .text._ZN7arduino11RingBufferNILi64EE9read_charEv
                0x00003fd2       0x24 C:\Users\info\Documents\GitHub\SsAtx\Ssd1306Tester\Ssd1306Tester\Output\Arduino_Zero__Native_USB_Port_\Debug\libraries\Wire\Wire.cpp.o
                0x00003fd2                arduino::RingBufferN<64>::read_char()
 .text._ZN7TwoWire15endTransmissionEb
                0x00003ff6       0x62 C:\Users\info\Documents\GitHub\SsAtx\Ssd1306Tester\Ssd1306Tester\Output\Arduino_Zero__Native_USB_Port_\Debug\libraries\Wire\Wire.cpp.o
                0x00003ff6                TwoWire::endTransmission(bool)
 .text._ZN7TwoWire4readEv
                0x00004058        0xa C:\Users\info\Documents\GitHub\SsAtx\Ssd1306Tester\Ssd1306Tester\Output\Arduino_Zero__Native_USB_Port_\Debug\libraries\Wire\Wire.cpp.o
                0x00004058                TwoWire::read()
 .text._ZN7TwoWire9onServiceEv
                0x00004062      0x102 C:\Users\info\Documents\GitHub\SsAtx\Ssd1306Tester\Ssd1306Tester\Output\Arduino_Zero__Native_USB_Port_\Debug\libraries\Wire\Wire.cpp.o
                0x00004062                TwoWire::onService()
 .text.SERCOM3_Handler
                0x00004164       0x10 C:\Users\info\Documents\GitHub\SsAtx\Ssd1306Tester\Ssd1306Tester\Output\Arduino_Zero__Native_USB_Port_\Debug\libraries\Wire\Wire.cpp.o
                0x00004164                SERCOM3_Handler
 .text.startup._GLOBAL__sub_I__ZN7TwoWireC2EP6SERCOMhh
                0x00004174       0x18 C:\Users\info\Documents\GitHub\SsAtx\Ssd1306Tester\Ssd1306Tester\Output\Arduino_Zero__Native_USB_Port_\Debug\libraries\Wire\Wire.cpp.o
 .text._ZN12SPIClassSAMD8transferEPvj
                0x0000418c       0x1e C:\Users\info\Documents\GitHub\SsAtx\Ssd1306Tester\Ssd1306Tester\Output\Arduino_Zero__Native_USB_Port_\Debug\libraries\SPI\SPI.cpp.o
                0x0000418c                SPIClassSAMD::transfer(void*, unsigned int)
 .text._ZN12SPIClassSAMD15attachInterruptEv
                0x000041aa        0x2 C:\Users\info\Documents\GitHub\SsAtx\Ssd1306Tester\Ssd1306Tester\Output\Arduino_Zero__Native_USB_Port_\Debug\libraries\SPI\SPI.cpp.o
                0x000041aa                SPIClassSAMD::detachInterrupt()
                0x000041aa                SPIClassSAMD::attachInterrupt()
 .text._ZN12SPIClassSAMDD2Ev
                0x000041ac        0x2 C:\Users\info\Documents\GitHub\SsAtx\Ssd1306Tester\Ssd1306Tester\Output\Arduino_Zero__Native_USB_Port_\Debug\libraries\SPI\SPI.cpp.o
                0x000041ac                SPIClassSAMD::~SPIClassSAMD()
                0x000041ac                SPIClassSAMD::~SPIClassSAMD()
 .text._ZN12SPIClassSAMD3endEv
                0x000041ae       0x10 C:\Users\info\Documents\GitHub\SsAtx\Ssd1306Tester\Ssd1306Tester\Output\Arduino_Zero__Native_USB_Port_\Debug\libraries\SPI\SPI.cpp.o
                0x000041ae                SPIClassSAMD::end()
 .text._ZN12SPIClassSAMD8transferEh
                0x000041be        0xa C:\Users\info\Documents\GitHub\SsAtx\Ssd1306Tester\Ssd1306Tester\Output\Arduino_Zero__Native_USB_Port_\Debug\libraries\SPI\SPI.cpp.o
                0x000041be                SPIClassSAMD::transfer(unsigned char)
 .text._ZN12SPIClassSAMD10transfer16Et
                0x000041c8       0x58 C:\Users\info\Documents\GitHub\SsAtx\Ssd1306Tester\Ssd1306Tester\Output\Arduino_Zero__Native_USB_Port_\Debug\libraries\SPI\SPI.cpp.o
                0x000041c8                SPIClassSAMD::transfer16(unsigned short)
 .text._ZN12SPIClassSAMDD0Ev
                0x00004220        0xc C:\Users\info\Documents\GitHub\SsAtx\Ssd1306Tester\Ssd1306Tester\Output\Arduino_Zero__Native_USB_Port_\Debug\libraries\SPI\SPI.cpp.o
                0x00004220                SPIClassSAMD::~SPIClassSAMD()
 .text._ZN12SPIClassSAMD14usingInterruptEi
                0x0000422c       0x44 C:\Users\info\Documents\GitHub\SsAtx\Ssd1306Tester\Ssd1306Tester\Output\Arduino_Zero__Native_USB_Port_\Debug\libraries\SPI\SPI.cpp.o
                0x0000422c                SPIClassSAMD::usingInterrupt(int)
 .text._ZN12SPIClassSAMD17notUsingInterruptEi
                0x00004270       0x3c C:\Users\info\Documents\GitHub\SsAtx\Ssd1306Tester\Ssd1306Tester\Output\Arduino_Zero__Native_USB_Port_\Debug\libraries\SPI\SPI.cpp.o
                0x00004270                SPIClassSAMD::notUsingInterrupt(int)
 .text._ZN12SPIClassSAMD14endTransactionEv
                0x000042ac       0x28 C:\Users\info\Documents\GitHub\SsAtx\Ssd1306Tester\Ssd1306Tester\Output\Arduino_Zero__Native_USB_Port_\Debug\libraries\SPI\SPI.cpp.o
                0x000042ac                SPIClassSAMD::endTransaction()
 .text._ZN12SPIClassSAMD4initEv
                0x000042d4       0x12 C:\Users\info\Documents\GitHub\SsAtx\Ssd1306Tester\Ssd1306Tester\Output\Arduino_Zero__Native_USB_Port_\Debug\libraries\SPI\SPI.cpp.o
                0x000042d4                SPIClassSAMD::init()
 *fill*         0x000042e6        0x2 
 .text._ZN12SPIClassSAMD6configEN7arduino11SPISettingsE
                0x000042e8       0x74 C:\Users\info\Documents\GitHub\SsAtx\Ssd1306Tester\Ssd1306Tester\Output\Arduino_Zero__Native_USB_Port_\Debug\libraries\SPI\SPI.cpp.o
                0x000042e8                SPIClassSAMD::config(arduino::SPISettings)
 .text._ZN12SPIClassSAMD5beginEv
                0x0000435c       0x50 C:\Users\info\Documents\GitHub\SsAtx\Ssd1306Tester\Ssd1306Tester\Output\Arduino_Zero__Native_USB_Port_\Debug\libraries\SPI\SPI.cpp.o
                0x0000435c                SPIClassSAMD::begin()
 .text._ZN12SPIClassSAMD16beginTransactionEN7arduino11SPISettingsE
                0x000043ac       0x38 C:\Users\info\Documents\GitHub\SsAtx\Ssd1306Tester\Ssd1306Tester\Output\Arduino_Zero__Native_USB_Port_\Debug\libraries\SPI\SPI.cpp.o
                0x000043ac                SPIClassSAMD::beginTransaction(arduino::SPISettings)
 .text.startup._GLOBAL__sub_I__ZN12SPIClassSAMDC2EP6SERCOMhhh14SercomSpiTXPad11SercomRXPad
                0x000043e4       0x5c C:\Users\info\Documents\GitHub\SsAtx\Ssd1306Tester\Ssd1306Tester\Output\Arduino_Zero__Native_USB_Port_\Debug\libraries\SPI\SPI.cpp.o
 .text._ZN17Adafruit_MCP23X17C2Ev
                0x00004440        0xc C:\Users\info\Documents\GitHub\SsAtx\Ssd1306Tester\Ssd1306Tester\Output\Arduino_Zero__Native_USB_Port_\Debug\libraries\Adafruit_MCP23017_Arduino_Library\Adafruit_MCP23X17.cpp.o
                0x00004440                Adafruit_MCP23X17::Adafruit_MCP23X17()
                0x00004440                Adafruit_MCP23X17::Adafruit_MCP23X17()
 .text._ZN17Adafruit_MCP23X1714enableAddrPinsEv
                0x0000444c       0x78 C:\Users\info\Documents\GitHub\SsAtx\Ssd1306Tester\Ssd1306Tester\Output\Arduino_Zero__Native_USB_Port_\Debug\libraries\Adafruit_MCP23017_Arduino_Library\Adafruit_MCP23X17.cpp.o
                0x0000444c                Adafruit_MCP23X17::enableAddrPins()
 .text._ZN17Adafruit_MCP23XXX9begin_SPIEhPN7arduino11HardwareSPIEh
                0x000044c4       0x30 C:\Users\info\Documents\GitHub\SsAtx\Ssd1306Tester\Ssd1306Tester\Output\Arduino_Zero__Native_USB_Port_\Debug\libraries\Adafruit_MCP23017_Arduino_Library\Adafruit_MCP23XXX.cpp.o
                0x000044c4                Adafruit_MCP23XXX::begin_SPI(unsigned char, arduino::HardwareSPI*, unsigned char)
 .text._ZN17Adafruit_MCP23XXX11getRegisterEhh
                0x000044f4       0x24 C:\Users\info\Documents\GitHub\SsAtx\Ssd1306Tester\Ssd1306Tester\Output\Arduino_Zero__Native_USB_Port_\Debug\libraries\Adafruit_MCP23017_Arduino_Library\Adafruit_MCP23XXX.cpp.o
                0x000044f4                Adafruit_MCP23XXX::getRegister(unsigned char, unsigned char)
 .text._ZN17Adafruit_MCP23XXX7pinModeEhh
                0x00004518       0x8c C:\Users\info\Documents\GitHub\SsAtx\Ssd1306Tester\Ssd1306Tester\Output\Arduino_Zero__Native_USB_Port_\Debug\libraries\Adafruit_MCP23017_Arduino_Library\Adafruit_MCP23XXX.cpp.o
                0x00004518                Adafruit_MCP23XXX::pinMode(unsigned char, unsigned char)
 .text._ZN17Adafruit_MCP23XXX12digitalWriteEhh
                0x000045a4       0x4c C:\Users\info\Documents\GitHub\SsAtx\Ssd1306Tester\Ssd1306Tester\Output\Arduino_Zero__Native_USB_Port_\Debug\libraries\Adafruit_MCP23017_Arduino_Library\Adafruit_MCP23XXX.cpp.o
                0x000045a4                Adafruit_MCP23XXX::digitalWrite(unsigned char, unsigned char)
 .text._ZN10Sn74hc138dC2Ehhhh
                0x000045f0       0x1a C:\Users\info\Documents\GitHub\SsAtx\Ssd1306Tester\Ssd1306Tester\Output\Arduino_Zero__Native_USB_Port_\Debug\libraries\Sn74hc138d\Sn74hc138d.cpp.o
                0x000045f0                Sn74hc138d::Sn74hc138d(unsigned char, unsigned char, unsigned char, unsigned char)
                0x000045f0                Sn74hc138d::Sn74hc138d(unsigned char, unsigned char, unsigned char, unsigned char)
 .text._ZN10Sn74hc138dC2Ehhhhh
                0x0000460a       0x1c C:\Users\info\Documents\GitHub\SsAtx\Ssd1306Tester\Ssd1306Tester\Output\Arduino_Zero__Native_USB_Port_\Debug\libraries\Sn74hc138d\Sn74hc138d.cpp.o
                0x0000460a                Sn74hc138d::Sn74hc138d(unsigned char, unsigned char, unsigned char, unsigned char, unsigned char)
                0x0000460a                Sn74hc138d::Sn74hc138d(unsigned char, unsigned char, unsigned char, unsigned char, unsigned char)
 .text._ZN10Sn74hc138dC2EhhhPFvvEPFvbE
                0x00004626       0x18 C:\Users\info\Documents\GitHub\SsAtx\Ssd1306Tester\Ssd1306Tester\Output\Arduino_Zero__Native_USB_Port_\Debug\libraries\Sn74hc138d\Sn74hc138d.cpp.o
                0x00004626                Sn74hc138d::Sn74hc138d(unsigned char, unsigned char, unsigned char, void (*)(), void (*)(bool))
                0x00004626                Sn74hc138d::Sn74hc138d(unsigned char, unsigned char, unsigned char, void (*)(), void (*)(bool))
 .text._ZN10Sn74hc138d10initialiseEv
                0x0000463e       0x3c C:\Users\info\Documents\GitHub\SsAtx\Ssd1306Tester\Ssd1306Tester\Output\Arduino_Zero__Native_USB_Port_\Debug\libraries\Sn74hc138d\Sn74hc138d.cpp.o
                0x0000463e                Sn74hc138d::initialise()
 .text._ZN10Sn74hc138d7setLineEh
                0x0000467a       0x22 C:\Users\info\Documents\GitHub\SsAtx\Ssd1306Tester\Ssd1306Tester\Output\Arduino_Zero__Native_USB_Port_\Debug\libraries\Sn74hc138d\Sn74hc138d.cpp.o
                0x0000467a                Sn74hc138d::setLine(unsigned char)
 .text._ZN10Sn74hc138d10setInhibitEb
                0x0000469c       0x1a C:\Users\info\Documents\GitHub\SsAtx\Ssd1306Tester\Ssd1306Tester\Output\Arduino_Zero__Native_USB_Port_\Debug\libraries\Sn74hc138d\Sn74hc138d.cpp.o
                0x0000469c                Sn74hc138d::setInhibit(bool)
 .text._ZN7Ssd1306C2EhN8graphics4SizeEPN7arduino11HardwareSPIEPFvPS_hES7_PKNS_8SettingsE
                0x000046b6       0x26 C:\Users\info\Documents\GitHub\SsAtx\Ssd1306Tester\Ssd1306Tester\Output\Arduino_Zero__Native_USB_Port_\Debug\libraries\Ssd1306\Ssd1306.cpp.o
                0x000046b6                Ssd1306::Ssd1306(unsigned char, graphics::Size, arduino::HardwareSPI*, void (*)(Ssd1306*, unsigned char), void (*)(Ssd1306*, unsigned char), Ssd1306::Settings const*)
                0x000046b6                Ssd1306::Ssd1306(unsigned char, graphics::Size, arduino::HardwareSPI*, void (*)(Ssd1306*, unsigned char), void (*)(Ssd1306*, unsigned char), Ssd1306::Settings const*)
 .text._ZN7Ssd130612writeCommandEh
                0x000046dc       0x30 C:\Users\info\Documents\GitHub\SsAtx\Ssd1306Tester\Ssd1306Tester\Output\Arduino_Zero__Native_USB_Port_\Debug\libraries\Ssd1306\Ssd1306.cpp.o
                0x000046dc                Ssd1306::writeCommand(unsigned char)
 .text._ZN7Ssd130612setDisplayOnEb
                0x0000470c        0xe C:\Users\info\Documents\GitHub\SsAtx\Ssd1306Tester\Ssd1306Tester\Output\Arduino_Zero__Native_USB_Port_\Debug\libraries\Ssd1306\Ssd1306.cpp.o
                0x0000470c                Ssd1306::setDisplayOn(bool)
 .text._ZN7Ssd130611setContrastEh
                0x0000471a       0x16 C:\Users\info\Documents\GitHub\SsAtx\Ssd1306Tester\Ssd1306Tester\Output\Arduino_Zero__Native_USB_Port_\Debug\libraries\Ssd1306\Ssd1306.cpp.o
                0x0000471a                Ssd1306::setContrast(unsigned char)
 .text._ZN7Ssd13069writeDataEPKhj
                0x00004730       0x34 C:\Users\info\Documents\GitHub\SsAtx\Ssd1306Tester\Ssd1306Tester\Output\Arduino_Zero__Native_USB_Port_\Debug\libraries\Ssd1306\Ssd1306.cpp.o
                0x00004730                Ssd1306::writeData(unsigned char const*, unsigned int)
 .text._ZN7Ssd130611writeCanvasEPKN8graphics6CanvasE
                0x00004764       0x80 C:\Users\info\Documents\GitHub\SsAtx\Ssd1306Tester\Ssd1306Tester\Output\Arduino_Zero__Native_USB_Port_\Debug\libraries\Ssd1306\Ssd1306.cpp.o
                0x00004764                Ssd1306::writeCanvas(graphics::Canvas const*)
 .text._ZN7Ssd13069writeDataEht
                0x000047e4       0x3e C:\Users\info\Documents\GitHub\SsAtx\Ssd1306Tester\Ssd1306Tester\Output\Arduino_Zero__Native_USB_Port_\Debug\libraries\Ssd1306\Ssd1306.cpp.o
                0x000047e4                Ssd1306::writeData(unsigned char, unsigned short)
 .text._ZN7Ssd130612clearDisplayEv
                0x00004822       0x40 C:\Users\info\Documents\GitHub\SsAtx\Ssd1306Tester\Ssd1306Tester\Output\Arduino_Zero__Native_USB_Port_\Debug\libraries\Ssd1306\Ssd1306.cpp.o
                0x00004822                Ssd1306::clearDisplay()
 .text._ZN7Ssd130619setDisplayStartLineEh
                0x00004862       0x10 C:\Users\info\Documents\GitHub\SsAtx\Ssd1306Tester\Ssd1306Tester\Output\Arduino_Zero__Native_USB_Port_\Debug\libraries\Ssd1306\Ssd1306.cpp.o
                0x00004862                Ssd1306::setDisplayStartLine(unsigned char)
 .text._ZN7Ssd130613setMemoryModeENS_10MemoryModeE
                0x00004872       0x16 C:\Users\info\Documents\GitHub\SsAtx\Ssd1306Tester\Ssd1306Tester\Output\Arduino_Zero__Native_USB_Port_\Debug\libraries\Ssd1306\Ssd1306.cpp.o
                0x00004872                Ssd1306::setMemoryMode(Ssd1306::MemoryMode)
 .text._ZN7Ssd130615setSegmentRemapEb
                0x00004888        0xe C:\Users\info\Documents\GitHub\SsAtx\Ssd1306Tester\Ssd1306Tester\Output\Arduino_Zero__Native_USB_Port_\Debug\libraries\Ssd1306\Ssd1306.cpp.o
                0x00004888                Ssd1306::setSegmentRemap(bool)
 .text._ZN7Ssd13069setInvertEb
                0x00004896        0xe C:\Users\info\Documents\GitHub\SsAtx\Ssd1306Tester\Ssd1306Tester\Output\Arduino_Zero__Native_USB_Port_\Debug\libraries\Ssd1306\Ssd1306.cpp.o
                0x00004896                Ssd1306::setInvert(bool)
 .text._ZN7Ssd130617setMultiplexRatioEh
                0x000048a4       0x18 C:\Users\info\Documents\GitHub\SsAtx\Ssd1306Tester\Ssd1306Tester\Output\Arduino_Zero__Native_USB_Port_\Debug\libraries\Ssd1306\Ssd1306.cpp.o
                0x000048a4                Ssd1306::setMultiplexRatio(unsigned char)
 .text._ZN7Ssd130619setComScanDirectionEb
                0x000048bc       0x12 C:\Users\info\Documents\GitHub\SsAtx\Ssd1306Tester\Ssd1306Tester\Output\Arduino_Zero__Native_USB_Port_\Debug\libraries\Ssd1306\Ssd1306.cpp.o
                0x000048bc                Ssd1306::setComScanDirection(bool)
 .text._ZN7Ssd130616setDisplayOffsetEh
                0x000048ce       0x18 C:\Users\info\Documents\GitHub\SsAtx\Ssd1306Tester\Ssd1306Tester\Output\Arduino_Zero__Native_USB_Port_\Debug\libraries\Ssd1306\Ssd1306.cpp.o
                0x000048ce                Ssd1306::setDisplayOffset(unsigned char)
 .text._ZN7Ssd130614setOscDivisionEhh
                0x000048e6       0x20 C:\Users\info\Documents\GitHub\SsAtx\Ssd1306Tester\Ssd1306Tester\Output\Arduino_Zero__Native_USB_Port_\Debug\libraries\Ssd1306\Ssd1306.cpp.o
                0x000048e6                Ssd1306::setOscDivision(unsigned char, unsigned char)
 .text._ZN7Ssd130618setPrechargePeriodEh
                0x00004906       0x16 C:\Users\info\Documents\GitHub\SsAtx\Ssd1306Tester\Ssd1306Tester\Output\Arduino_Zero__Native_USB_Port_\Debug\libraries\Ssd1306\Ssd1306.cpp.o
                0x00004906                Ssd1306::setPrechargePeriod(unsigned char)
 .text._ZN7Ssd130610setComPinsEbb
                0x0000491c       0x26 C:\Users\info\Documents\GitHub\SsAtx\Ssd1306Tester\Ssd1306Tester\Output\Arduino_Zero__Native_USB_Port_\Debug\libraries\Ssd1306\Ssd1306.cpp.o
                0x0000491c                Ssd1306::setComPins(bool, bool)
 .text._ZN7Ssd130612setVComLevelENS_9VComLevelE
                0x00004942       0x14 C:\Users\info\Documents\GitHub\SsAtx\Ssd1306Tester\Ssd1306Tester\Output\Arduino_Zero__Native_USB_Port_\Debug\libraries\Ssd1306\Ssd1306.cpp.o
                0x00004942                Ssd1306::setVComLevel(Ssd1306::VComLevel)
 .text._ZN7Ssd130613setChargePumpEb
                0x00004956       0x1c C:\Users\info\Documents\GitHub\SsAtx\Ssd1306Tester\Ssd1306Tester\Output\Arduino_Zero__Native_USB_Port_\Debug\libraries\Ssd1306\Ssd1306.cpp.o
                0x00004956                Ssd1306::setChargePump(bool)
 .text._ZN7Ssd130610initialiseEv
                0x00004972       0xa0 C:\Users\info\Documents\GitHub\SsAtx\Ssd1306Tester\Ssd1306Tester\Output\Arduino_Zero__Native_USB_Port_\Debug\libraries\Ssd1306\Ssd1306.cpp.o
                0x00004972                Ssd1306::initialise()
 .text._ZN8graphics8Graphics13drawCharacterEPNS_6CanvasENS_5PointEPK4FontcNS_8DrawModeE
                0x00004a12       0x7e C:\Users\info\Documents\GitHub\SsAtx\Ssd1306Tester\Ssd1306Tester\Output\Arduino_Zero__Native_USB_Port_\Debug\libraries\Graphics\Graphics.a(Graphics.cpp.o)
                0x00004a12                graphics::Graphics::drawCharacter(graphics::Canvas*, graphics::Point, Font const*, char, graphics::DrawMode)
 .text._ZN12Ssd1306GroupC2EPFvvEPFvhES3_
                0x00004a90       0x10 C:\Users\info\Documents\GitHub\SsAtx\Ssd1306Tester\Ssd1306Tester\Output\Arduino_Zero__Native_USB_Port_\Debug\libraries\Ssd1306Group\Ssd1306Group.a(Ssd1306Group.cpp.o)
                0x00004a90                Ssd1306Group::Ssd1306Group(void (*)(), void (*)(unsigned char), void (*)(unsigned char))
                0x00004a90                Ssd1306Group::Ssd1306Group(void (*)(), void (*)(unsigned char), void (*)(unsigned char))
 .text._ZN12Ssd1306Group10initialiseEv
                0x00004aa0       0x78 C:\Users\info\Documents\GitHub\SsAtx\Ssd1306Tester\Ssd1306Tester\Output\Arduino_Zero__Native_USB_Port_\Debug\libraries\Ssd1306Group\Ssd1306Group.a(Ssd1306Group.cpp.o)
                0x00004aa0                Ssd1306Group::initialise()
 .text._ZNSt6vectorIP7Ssd1306SaIS1_EE17_M_realloc_insertIJS1_EEEvN9__gnu_cxx17__normal_iteratorIPS1_S3_EEDpOT_
                0x00004b18       0xa0 C:\Users\info\Documents\GitHub\SsAtx\Ssd1306Tester\Ssd1306Tester\Output\Arduino_Zero__Native_USB_Port_\Debug\libraries\Ssd1306Group\Ssd1306Group.a(Ssd1306Group.cpp.o)
                0x00004b18                void std::vector<Ssd1306*, std::allocator<Ssd1306*> >::_M_realloc_insert<Ssd1306*>(__gnu_cxx::__normal_iterator<Ssd1306**, std::vector<Ssd1306*, std::allocator<Ssd1306*> > >, Ssd1306*&&)
 .text._ZN12Ssd1306Group3addEhN8graphics4SizeEPN7arduino11HardwareSPIEPFvP7Ssd1306hES8_PKNS5_8SettingsE
                0x00004bb8       0x5c C:\Users\info\Documents\GitHub\SsAtx\Ssd1306Tester\Ssd1306Tester\Output\Arduino_Zero__Native_USB_Port_\Debug\libraries\Ssd1306Group\Ssd1306Group.a(Ssd1306Group.cpp.o)
                0x00004bb8                Ssd1306Group::add(unsigned char, graphics::Size, arduino::HardwareSPI*, void (*)(Ssd1306*, unsigned char), void (*)(Ssd1306*, unsigned char), Ssd1306::Settings const*)
 .text.SERCOM0_Handler
                0x00004c14       0x10 C:\Users\info\Documents\GitHub\SsAtx\Ssd1306Tester\Ssd1306Tester\Output\Arduino_Zero__Native_USB_Port_\Debug\core\variant.cpp.o
                0x00004c14                SERCOM0_Handler
 .text.SERCOM5_Handler
                0x00004c24       0x10 C:\Users\info\Documents\GitHub\SsAtx\Ssd1306Tester\Ssd1306Tester\Output\Arduino_Zero__Native_USB_Port_\Debug\core\variant.cpp.o
                0x00004c24                SERCOM5_Handler
 .text.startup._GLOBAL__sub_I_g_APinDescription
                0x00004c34       0x94 C:\Users\info\Documents\GitHub\SsAtx\Ssd1306Tester\Ssd1306Tester\Output\Arduino_Zero__Native_USB_Port_\Debug\core\variant.cpp.o
 .text.Dummy_Handler
                0x00004cc8        0x2 C:\Users\info\Documents\GitHub\SsAtx\Ssd1306Tester\Ssd1306Tester\Output\Arduino_Zero__Native_USB_Port_\Debug/core\core.a(cortex_handlers.c.o)
                0x00004cc8                DMAC_Handler
                0x00004cc8                HardFault_Handler
                0x00004cc8                AC_Handler
                0x00004cc8                PendSV_Handler
                0x00004cc8                NMI_Handler
                0x00004cc8                TC7_Handler
                0x00004cc8                SERCOM1_Handler
                0x00004cc8                ADC_Handler
                0x00004cc8                TCC1_Handler
                0x00004cc8                SERCOM2_Handler
                0x00004cc8                TCC0_Handler
                0x00004cc8                RTC_Handler
                0x00004cc8                EIC_Handler
                0x00004cc8                TC6_Handler
                0x00004cc8                WDT_Handler
                0x00004cc8                TC4_Handler
                0x00004cc8                TC3_Handler
                0x00004cc8                Dummy_Handler
                0x00004cc8                PM_Handler
                0x00004cc8                SVC_Handler
                0x00004cc8                TCC2_Handler
                0x00004cc8                EVSYS_Handler
                0x00004cc8                SERCOM4_Handler
                0x00004cc8                I2S_Handler
                0x00004cc8                NVMCTRL_Handler
                0x00004cc8                DAC_Handler
                0x00004cc8                PTC_Handler
                0x00004cc8                SYSCTRL_Handler
 *fill*         0x00004cca        0x2 
 .text.USB_Handler
                0x00004ccc       0x14 C:\Users\info\Documents\GitHub\SsAtx\Ssd1306Tester\Ssd1306Tester\Output\Arduino_Zero__Native_USB_Port_\Debug/core\core.a(cortex_handlers.c.o)
                0x00004ccc                USB_Handler
 .text.Reset_Handler
                0x00004ce0       0x54 C:\Users\info\Documents\GitHub\SsAtx\Ssd1306Tester\Ssd1306Tester\Output\Arduino_Zero__Native_USB_Port_\Debug/core\core.a(cortex_handlers.c.o)
                0x00004ce0                Reset_Handler
 .text.SysTick_Handler
                0x00004d34       0x10 C:\Users\info\Documents\GitHub\SsAtx\Ssd1306Tester\Ssd1306Tester\Output\Arduino_Zero__Native_USB_Port_\Debug/core\core.a(cortex_handlers.c.o)
                0x00004d34                SysTick_Handler
 .text.micros   0x00004d44       0x60 C:\Users\info\Documents\GitHub\SsAtx\Ssd1306Tester\Ssd1306Tester\Output\Arduino_Zero__Native_USB_Port_\Debug/core\core.a(delay.c.o)
                0x00004d44                micros
 .text.delay    0x00004da4       0x30 C:\Users\info\Documents\GitHub\SsAtx\Ssd1306Tester\Ssd1306Tester\Output\Arduino_Zero__Native_USB_Port_\Debug/core\core.a(delay.c.o)
                0x00004da4                delay
 .text.SysTick_DefaultHandler
                0x00004dd4       0x14 C:\Users\info\Documents\GitHub\SsAtx\Ssd1306Tester\Ssd1306Tester\Output\Arduino_Zero__Native_USB_Port_\Debug/core\core.a(delay.c.o)
                0x00004dd4                SysTick_DefaultHandler
 .text.delayMicroseconds
                0x00004de8       0x16 C:\Users\info\Documents\GitHub\SsAtx\Ssd1306Tester\Ssd1306Tester\Output\Arduino_Zero__Native_USB_Port_\Debug/core\core.a(delay.c.o)
                0x00004de8                delayMicroseconds
 .text.__empty  0x00004dfe        0x2 C:\Users\info\Documents\GitHub\SsAtx\Ssd1306Tester\Ssd1306Tester\Output\Arduino_Zero__Native_USB_Port_\Debug/core\core.a(hooks.c.o)
                0x00004dfe                yield
 .text.__false  0x00004e00        0x4 C:\Users\info\Documents\GitHub\SsAtx\Ssd1306Tester\Ssd1306Tester\Output\Arduino_Zero__Native_USB_Port_\Debug/core\core.a(hooks.c.o)
                0x00004e00                sysTickHook
 .text.SystemInit
                0x00004e04      0x160 C:\Users\info\Documents\GitHub\SsAtx\Ssd1306Tester\Ssd1306Tester\Output\Arduino_Zero__Native_USB_Port_\Debug/core\core.a(startup.c.o)
                0x00004e04                SystemInit
 .text.init     0x00004f64       0xf0 C:\Users\info\Documents\GitHub\SsAtx\Ssd1306Tester\Ssd1306Tester\Output\Arduino_Zero__Native_USB_Port_\Debug/core\core.a(wiring.c.o)
                0x00004f64                init
 .text.analogReference
                0x00005054       0x64 C:\Users\info\Documents\GitHub\SsAtx\Ssd1306Tester\Ssd1306Tester\Output\Arduino_Zero__Native_USB_Port_\Debug/core\core.a(wiring_analog.c.o)
                0x00005054                analogReference
 .text.pinMode  0x000050b8       0x98 C:\Users\info\Documents\GitHub\SsAtx\Ssd1306Tester\Ssd1306Tester\Output\Arduino_Zero__Native_USB_Port_\Debug/core\core.a(wiring_digital.c.o)
                0x000050b8                pinMode
 .text.digitalWrite
                0x00005150       0x58 C:\Users\info\Documents\GitHub\SsAtx\Ssd1306Tester\Ssd1306Tester\Output\Arduino_Zero__Native_USB_Port_\Debug/core\core.a(wiring_digital.c.o)
                0x00005150                digitalWrite
 .text.pinPeripheral
                0x000051a8       0xc0 C:\Users\info\Documents\GitHub\SsAtx\Ssd1306Tester\Ssd1306Tester\Output\Arduino_Zero__Native_USB_Port_\Debug/core\core.a(wiring_private.c.o)
                0x000051a8                pinPeripheral
 .text.tickReset
                0x00005268       0x78 C:\Users\info\Documents\GitHub\SsAtx\Ssd1306Tester\Ssd1306Tester\Output\Arduino_Zero__Native_USB_Port_\Debug/core\core.a(Reset.cpp.o)
                0x00005268                tickReset
 .text._ZN6SERCOMC2EP6Sercom
                0x000052e0        0x8 C:\Users\info\Documents\GitHub\SsAtx\Ssd1306Tester\Ssd1306Tester\Output\Arduino_Zero__Native_USB_Port_\Debug/core\core.a(SERCOM.cpp.o)
                0x000052e0                SERCOM::SERCOM(Sercom*)
                0x000052e0                SERCOM::SERCOM(Sercom*)
 .text._ZN6SERCOM9initFrameE18SercomUartCharSize15SercomDataOrder16SercomParityMode19SercomNumberStopBit
                0x000052e8       0x3a C:\Users\info\Documents\GitHub\SsAtx\Ssd1306Tester\Ssd1306Tester\Output\Arduino_Zero__Native_USB_Port_\Debug/core\core.a(SERCOM.cpp.o)
                0x000052e8                SERCOM::initFrame(SercomUartCharSize, SercomDataOrder, SercomParityMode, SercomNumberStopBit)
 .text._ZN6SERCOM8initPadsE15SercomUartTXPad11SercomRXPad
                0x00005322       0x26 C:\Users\info\Documents\GitHub\SsAtx\Ssd1306Tester\Ssd1306Tester\Output\Arduino_Zero__Native_USB_Port_\Debug/core\core.a(SERCOM.cpp.o)
                0x00005322                SERCOM::initPads(SercomUartTXPad, SercomRXPad)
 .text._ZN6SERCOM9resetUARTEv
                0x00005348       0x1a C:\Users\info\Documents\GitHub\SsAtx\Ssd1306Tester\Ssd1306Tester\Output\Arduino_Zero__Native_USB_Port_\Debug/core\core.a(SERCOM.cpp.o)
                0x00005348                SERCOM::resetUART()
 .text._ZN6SERCOM10enableUARTEv
                0x00005362       0x14 C:\Users\info\Documents\GitHub\SsAtx\Ssd1306Tester\Ssd1306Tester\Output\Arduino_Zero__Native_USB_Port_\Debug/core\core.a(SERCOM.cpp.o)
                0x00005362                SERCOM::enableUART()
 .text._ZN6SERCOM9flushUARTEv
                0x00005376       0x14 C:\Users\info\Documents\GitHub\SsAtx\Ssd1306Tester\Ssd1306Tester\Output\Arduino_Zero__Native_USB_Port_\Debug/core\core.a(SERCOM.cpp.o)
                0x00005376                SERCOM::flushUART()
 .text._ZN6SERCOM15clearStatusUARTEv
                0x0000538a        0x8 C:\Users\info\Documents\GitHub\SsAtx\Ssd1306Tester\Ssd1306Tester\Output\Arduino_Zero__Native_USB_Port_\Debug/core\core.a(SERCOM.cpp.o)
                0x0000538a                SERCOM::clearStatusUART()
 .text._ZN6SERCOM17availableDataUARTEv
                0x00005392        0xa C:\Users\info\Documents\GitHub\SsAtx\Ssd1306Tester\Ssd1306Tester\Output\Arduino_Zero__Native_USB_Port_\Debug/core\core.a(SERCOM.cpp.o)
                0x00005392                SERCOM::availableDataUART()
 .text._ZN6SERCOM11isUARTErrorEv
                0x0000539c        0x8 C:\Users\info\Documents\GitHub\SsAtx\Ssd1306Tester\Ssd1306Tester\Output\Arduino_Zero__Native_USB_Port_\Debug/core\core.a(SERCOM.cpp.o)
                0x0000539c                SERCOM::isUARTError()
 .text._ZN6SERCOM20acknowledgeUARTErrorEv
                0x000053a4        0xe C:\Users\info\Documents\GitHub\SsAtx\Ssd1306Tester\Ssd1306Tester\Output\Arduino_Zero__Native_USB_Port_\Debug/core\core.a(SERCOM.cpp.o)
                0x000053a4                SERCOM::acknowledgeUARTError()
 .text._ZN6SERCOM16isFrameErrorUARTEv
                0x000053b2        0xa C:\Users\info\Documents\GitHub\SsAtx\Ssd1306Tester\Ssd1306Tester\Output\Arduino_Zero__Native_USB_Port_\Debug/core\core.a(SERCOM.cpp.o)
                0x000053b2                SERCOM::isFrameErrorUART()
 .text._ZN6SERCOM19clearFrameErrorUARTEv
                0x000053bc        0xc C:\Users\info\Documents\GitHub\SsAtx\Ssd1306Tester\Ssd1306Tester\Output\Arduino_Zero__Native_USB_Port_\Debug/core\core.a(SERCOM.cpp.o)
                0x000053bc                SERCOM::clearFrameErrorUART()
 .text._ZN6SERCOM23isDataRegisterEmptyUARTEv
                0x000053c8        0xa C:\Users\info\Documents\GitHub\SsAtx\Ssd1306Tester\Ssd1306Tester\Output\Arduino_Zero__Native_USB_Port_\Debug/core\core.a(SERCOM.cpp.o)
                0x000053c8                SERCOM::isDataRegisterEmptyUART()
 .text._ZN6SERCOM12readDataUARTEv
                0x000053d2        0x8 C:\Users\info\Documents\GitHub\SsAtx\Ssd1306Tester\Ssd1306Tester\Output\Arduino_Zero__Native_USB_Port_\Debug/core\core.a(SERCOM.cpp.o)
                0x000053d2                SERCOM::readDataUART()
 .text._ZN6SERCOM13writeDataUARTEh
                0x000053da       0x14 C:\Users\info\Documents\GitHub\SsAtx\Ssd1306Tester\Ssd1306Tester\Output\Arduino_Zero__Native_USB_Port_\Debug/core\core.a(SERCOM.cpp.o)
                0x000053da                SERCOM::writeDataUART(unsigned char)
 .text._ZN6SERCOM36enableDataRegisterEmptyInterruptUARTEv
                0x000053ee        0x8 C:\Users\info\Documents\GitHub\SsAtx\Ssd1306Tester\Ssd1306Tester\Output\Arduino_Zero__Native_USB_Port_\Debug/core\core.a(SERCOM.cpp.o)
                0x000053ee                SERCOM::enableDataRegisterEmptyInterruptUART()
 .text._ZN6SERCOM37disableDataRegisterEmptyInterruptUARTEv
                0x000053f6        0x8 C:\Users\info\Documents\GitHub\SsAtx\Ssd1306Tester\Ssd1306Tester\Output\Arduino_Zero__Native_USB_Port_\Debug/core\core.a(SERCOM.cpp.o)
                0x000053f6                SERCOM::disableDataRegisterEmptyInterruptUART()
 *fill*         0x000053fe        0x2 
 .text._ZN6SERCOM12initSPIClockE18SercomSpiClockModem
                0x00005400       0x30 C:\Users\info\Documents\GitHub\SsAtx\Ssd1306Tester\Ssd1306Tester\Output\Arduino_Zero__Native_USB_Port_\Debug/core\core.a(SERCOM.cpp.o)
                0x00005400                SERCOM::initSPIClock(SercomSpiClockMode, unsigned long)
 .text._ZN6SERCOM8resetSPIEv
                0x00005430       0x1a C:\Users\info\Documents\GitHub\SsAtx\Ssd1306Tester\Ssd1306Tester\Output\Arduino_Zero__Native_USB_Port_\Debug/core\core.a(SERCOM.cpp.o)
                0x00005430                SERCOM::resetSPI()
 .text._ZN6SERCOM9enableSPIEv
                0x0000544a       0x14 C:\Users\info\Documents\GitHub\SsAtx\Ssd1306Tester\Ssd1306Tester\Output\Arduino_Zero__Native_USB_Port_\Debug/core\core.a(SERCOM.cpp.o)
                0x0000544a                SERCOM::enableSPI()
 .text._ZN6SERCOM10disableSPIEv
                0x0000545e       0x12 C:\Users\info\Documents\GitHub\SsAtx\Ssd1306Tester\Ssd1306Tester\Output\Arduino_Zero__Native_USB_Port_\Debug/core\core.a(SERCOM.cpp.o)
                0x0000545e                SERCOM::disableSPI()
 .text._ZN6SERCOM15getDataOrderSPIEv
                0x00005470        0xa C:\Users\info\Documents\GitHub\SsAtx\Ssd1306Tester\Ssd1306Tester\Output\Arduino_Zero__Native_USB_Port_\Debug/core\core.a(SERCOM.cpp.o)
                0x00005470                SERCOM::getDataOrderSPI()
 .text._ZN6SERCOM15transferDataSPIEh
                0x0000547a       0x1a C:\Users\info\Documents\GitHub\SsAtx\Ssd1306Tester\Ssd1306Tester\Output\Arduino_Zero__Native_USB_Port_\Debug/core\core.a(SERCOM.cpp.o)
                0x0000547a                SERCOM::transferDataSPI(unsigned char)
 .text._ZN6SERCOM18prepareNackBitWIREEv
                0x00005494       0x10 C:\Users\info\Documents\GitHub\SsAtx\Ssd1306Tester\Ssd1306Tester\Output\Arduino_Zero__Native_USB_Port_\Debug/core\core.a(SERCOM.cpp.o)
                0x00005494                SERCOM::prepareNackBitWIRE()
 .text._ZN6SERCOM17prepareAckBitWIREEv
                0x000054a4       0x14 C:\Users\info\Documents\GitHub\SsAtx\Ssd1306Tester\Ssd1306Tester\Output\Arduino_Zero__Native_USB_Port_\Debug/core\core.a(SERCOM.cpp.o)
                0x000054a4                SERCOM::prepareAckBitWIRE()
 .text._ZN6SERCOM22prepareCommandBitsWireEh
                0x000054b8       0x2c C:\Users\info\Documents\GitHub\SsAtx\Ssd1306Tester\Ssd1306Tester\Output\Arduino_Zero__Native_USB_Port_\Debug/core\core.a(SERCOM.cpp.o)
                0x000054b8                SERCOM::prepareCommandBitsWire(unsigned char)
 .text._ZN6SERCOM21startTransmissionWIREEh23SercomWireReadWriteFlag
                0x000054e4       0x84 C:\Users\info\Documents\GitHub\SsAtx\Ssd1306Tester\Ssd1306Tester\Output\Arduino_Zero__Native_USB_Port_\Debug/core\core.a(SERCOM.cpp.o)
                0x000054e4                SERCOM::startTransmissionWIRE(unsigned char, SercomWireReadWriteFlag)
 .text._ZN6SERCOM18sendDataMasterWIREEh
                0x00005568       0x30 C:\Users\info\Documents\GitHub\SsAtx\Ssd1306Tester\Ssd1306Tester\Output\Arduino_Zero__Native_USB_Port_\Debug/core\core.a(SERCOM.cpp.o)
                0x00005568                SERCOM::sendDataMasterWIRE(unsigned char)
 .text._ZN6SERCOM17sendDataSlaveWIREEh
                0x00005598       0x1c C:\Users\info\Documents\GitHub\SsAtx\Ssd1306Tester\Ssd1306Tester\Output\Arduino_Zero__Native_USB_Port_\Debug/core\core.a(SERCOM.cpp.o)
                0x00005598                SERCOM::sendDataSlaveWIRE(unsigned char)
 .text._ZN6SERCOM11isSlaveWIREEv
                0x000055b4       0x12 C:\Users\info\Documents\GitHub\SsAtx\Ssd1306Tester\Ssd1306Tester\Output\Arduino_Zero__Native_USB_Port_\Debug/core\core.a(SERCOM.cpp.o)
                0x000055b4                SERCOM::isSlaveWIRE()
 .text._ZN6SERCOM15isDataReadyWIREEv
                0x000055c6        0xa C:\Users\info\Documents\GitHub\SsAtx\Ssd1306Tester\Ssd1306Tester\Output\Arduino_Zero__Native_USB_Port_\Debug/core\core.a(SERCOM.cpp.o)
                0x000055c6                SERCOM::isDataReadyWIRE()
 .text._ZN6SERCOM18isStopDetectedWIREEv
                0x000055d0        0xa C:\Users\info\Documents\GitHub\SsAtx\Ssd1306Tester\Ssd1306Tester\Output\Arduino_Zero__Native_USB_Port_\Debug/core\core.a(SERCOM.cpp.o)
                0x000055d0                SERCOM::isStopDetectedWIRE()
 .text._ZN6SERCOM21isRestartDetectedWIREEv
                0x000055da        0xa C:\Users\info\Documents\GitHub\SsAtx\Ssd1306Tester\Ssd1306Tester\Output\Arduino_Zero__Native_USB_Port_\Debug/core\core.a(SERCOM.cpp.o)
                0x000055da                SERCOM::isRestartDetectedWIRE()
 .text._ZN6SERCOM14isAddressMatchEv
                0x000055e4        0xa C:\Users\info\Documents\GitHub\SsAtx\Ssd1306Tester\Ssd1306Tester\Output\Arduino_Zero__Native_USB_Port_\Debug/core\core.a(SERCOM.cpp.o)
                0x000055e4                SERCOM::isAddressMatch()
 .text._ZN6SERCOM25isMasterReadOperationWIREEv
                0x000055ee        0xa C:\Users\info\Documents\GitHub\SsAtx\Ssd1306Tester\Ssd1306Tester\Output\Arduino_Zero__Native_USB_Port_\Debug/core\core.a(SERCOM.cpp.o)
                0x000055ee                SERCOM::isMasterReadOperationWIRE()
 .text._ZN6SERCOM12readDataWIREEv
                0x000055f8       0x20 C:\Users\info\Documents\GitHub\SsAtx\Ssd1306Tester\Ssd1306Tester\Output\Arduino_Zero__Native_USB_Port_\Debug/core\core.a(SERCOM.cpp.o)
                0x000055f8                SERCOM::readDataWIRE()
 .text._ZN6SERCOM13initClockNVICEv
                0x00005618       0xa8 C:\Users\info\Documents\GitHub\SsAtx\Ssd1306Tester\Ssd1306Tester\Output\Arduino_Zero__Native_USB_Port_\Debug/core\core.a(SERCOM.cpp.o)
                0x00005618                SERCOM::initClockNVIC()
 .text._ZN6SERCOM8initUARTE14SercomUartMode20SercomUartSampleRatem
                0x000056c0       0x6c C:\Users\info\Documents\GitHub\SsAtx\Ssd1306Tester\Ssd1306Tester\Output\Arduino_Zero__Native_USB_Port_\Debug/core\core.a(SERCOM.cpp.o)
                0x000056c0                SERCOM::initUART(SercomUartMode, SercomUartSampleRate, unsigned long)
 .text._ZN6SERCOM7initSPIE14SercomSpiTXPad11SercomRXPad17SercomSpiCharSize15SercomDataOrder
                0x0000572c       0x4a C:\Users\info\Documents\GitHub\SsAtx\Ssd1306Tester\Ssd1306Tester\Output\Arduino_Zero__Native_USB_Port_\Debug/core\core.a(SERCOM.cpp.o)
                0x0000572c                SERCOM::initSPI(SercomSpiTXPad, SercomRXPad, SercomSpiCharSize, SercomDataOrder)
 .text._ZN4UartcvbEv
                0x00005776        0x4 C:\Users\info\Documents\GitHub\SsAtx\Ssd1306Tester\Ssd1306Tester\Output\Arduino_Zero__Native_USB_Port_\Debug/core\core.a(Uart.cpp.o)
                0x00005776                Uart::operator bool()
 *fill*         0x0000577a        0x2 
 .text._ZN4Uart5beginEm
                0x0000577c       0x10 C:\Users\info\Documents\GitHub\SsAtx\Ssd1306Tester\Ssd1306Tester\Output\Arduino_Zero__Native_USB_Port_\Debug/core\core.a(Uart.cpp.o)
                0x0000577c                Uart::begin(unsigned long)
 .text._ZN4Uart9availableEv
                0x0000578c        0x6 C:\Users\info\Documents\GitHub\SsAtx\Ssd1306Tester\Ssd1306Tester\Output\Arduino_Zero__Native_USB_Port_\Debug/core\core.a(Uart.cpp.o)
                0x0000578c                Uart::available()
 .text._ZN4Uart17availableForWriteEv
                0x00005792       0x10 C:\Users\info\Documents\GitHub\SsAtx\Ssd1306Tester\Ssd1306Tester\Output\Arduino_Zero__Native_USB_Port_\Debug/core\core.a(Uart.cpp.o)
                0x00005792                Uart::availableForWrite()
 .text._ZN4Uart4peekEv
                0x000057a2       0x18 C:\Users\info\Documents\GitHub\SsAtx\Ssd1306Tester\Ssd1306Tester\Output\Arduino_Zero__Native_USB_Port_\Debug/core\core.a(Uart.cpp.o)
                0x000057a2                Uart::peek()
 .text._ZN4Uart3endEv
                0x000057ba       0x24 C:\Users\info\Documents\GitHub\SsAtx\Ssd1306Tester\Ssd1306Tester\Output\Arduino_Zero__Native_USB_Port_\Debug/core\core.a(Uart.cpp.o)
                0x000057ba                Uart::end()
 .text._ZN4Uart5flushEv
                0x000057de       0x16 C:\Users\info\Documents\GitHub\SsAtx\Ssd1306Tester\Ssd1306Tester\Output\Arduino_Zero__Native_USB_Port_\Debug/core\core.a(Uart.cpp.o)
                0x000057de                Uart::flush()
 .text._ZN7__GuardD2Ev
                0x000057f4        0xe C:\Users\info\Documents\GitHub\SsAtx\Ssd1306Tester\Ssd1306Tester\Output\Arduino_Zero__Native_USB_Port_\Debug/core\core.a(Uart.cpp.o)
                0x000057f4                __Guard::~__Guard()
                0x000057f4                __Guard::~__Guard()
 .text._ZN4Uart16extractNbStopBitEt
                0x00005802        0xc C:\Users\info\Documents\GitHub\SsAtx\Ssd1306Tester\Ssd1306Tester\Output\Arduino_Zero__Native_USB_Port_\Debug/core\core.a(Uart.cpp.o)
                0x00005802                Uart::extractNbStopBit(unsigned short)
 .text._ZN4Uart15extractCharSizeEt
                0x0000580e       0x28 C:\Users\info\Documents\GitHub\SsAtx\Ssd1306Tester\Ssd1306Tester\Output\Arduino_Zero__Native_USB_Port_\Debug/core\core.a(Uart.cpp.o)
                0x0000580e                Uart::extractCharSize(unsigned short)
 .text._ZN4Uart13extractParityEt
                0x00005836       0x14 C:\Users\info\Documents\GitHub\SsAtx\Ssd1306Tester\Ssd1306Tester\Output\Arduino_Zero__Native_USB_Port_\Debug/core\core.a(Uart.cpp.o)
                0x00005836                Uart::extractParity(unsigned short)
 *fill*         0x0000584a        0x2 
 .text._ZN4Uart5beginEmt
                0x0000584c       0xf8 C:\Users\info\Documents\GitHub\SsAtx\Ssd1306Tester\Ssd1306Tester\Output\Arduino_Zero__Native_USB_Port_\Debug/core\core.a(Uart.cpp.o)
                0x0000584c                Uart::begin(unsigned long, unsigned short)
 .text._ZN7arduino11RingBufferNILi256EEC2Ev
                0x00005944       0x1e C:\Users\info\Documents\GitHub\SsAtx\Ssd1306Tester\Ssd1306Tester\Output\Arduino_Zero__Native_USB_Port_\Debug/core\core.a(Uart.cpp.o)
                0x00005944                arduino::RingBufferN<256>::RingBufferN()
                0x00005944                arduino::RingBufferN<256>::RingBufferN()
 *fill*         0x00005962        0x2 
 .text._ZN4UartC2EP6SERCOMhh11SercomRXPad15SercomUartTXPad
                0x00005964       0x74 C:\Users\info\Documents\GitHub\SsAtx\Ssd1306Tester\Ssd1306Tester\Output\Arduino_Zero__Native_USB_Port_\Debug/core\core.a(Uart.cpp.o)
                0x00005964                Uart::Uart(SERCOM*, unsigned char, unsigned char, SercomRXPad, SercomUartTXPad)
                0x00005964                Uart::Uart(SERCOM*, unsigned char, unsigned char, SercomRXPad, SercomUartTXPad)
 .text._ZN7arduino15SafeRingBufferNILi256EE10store_charEh
                0x000059d8       0x4a C:\Users\info\Documents\GitHub\SsAtx\Ssd1306Tester\Ssd1306Tester\Output\Arduino_Zero__Native_USB_Port_\Debug/core\core.a(Uart.cpp.o)
                0x000059d8                arduino::SafeRingBufferN<256>::store_char(unsigned char)
 .text._ZN7arduino15SafeRingBufferNILi256EE9read_charEv
                0x00005a22       0x50 C:\Users\info\Documents\GitHub\SsAtx\Ssd1306Tester\Ssd1306Tester\Output\Arduino_Zero__Native_USB_Port_\Debug/core\core.a(Uart.cpp.o)
                0x00005a22                arduino::SafeRingBufferN<256>::read_char()
 .text._ZN4Uart10IrqHandlerEv
                0x00005a72       0xa4 C:\Users\info\Documents\GitHub\SsAtx\Ssd1306Tester\Ssd1306Tester\Output\Arduino_Zero__Native_USB_Port_\Debug/core\core.a(Uart.cpp.o)
                0x00005a72                Uart::IrqHandler()
 *fill*         0x00005b16        0x2 
 .text._ZN4Uart5writeEh
                0x00005b18       0x9c C:\Users\info\Documents\GitHub\SsAtx\Ssd1306Tester\Ssd1306Tester\Output\Arduino_Zero__Native_USB_Port_\Debug/core\core.a(Uart.cpp.o)
                0x00005b18                Uart::write(unsigned char)
 .text._ZN4Uart4readEv
                0x00005bb4       0x34 C:\Users\info\Documents\GitHub\SsAtx\Ssd1306Tester\Ssd1306Tester\Output\Arduino_Zero__Native_USB_Port_\Debug/core\core.a(Uart.cpp.o)
                0x00005bb4                Uart::read()
 .text._Z6randoml
                0x00005be8       0x16 C:\Users\info\Documents\GitHub\SsAtx\Ssd1306Tester\Ssd1306Tester\Output\Arduino_Zero__Native_USB_Port_\Debug/core\core.a(WMath.cpp.o)
                0x00005be8                random(long)
 .text._Z6randomll
                0x00005bfe       0x14 C:\Users\info\Documents\GitHub\SsAtx\Ssd1306Tester\Ssd1306Tester\Output\Arduino_Zero__Native_USB_Port_\Debug/core\core.a(WMath.cpp.o)
                0x00005bfe                random(long, long)
 .text._ZN7arduino5Print5writeEPKhj
                0x00005c12       0x28 C:\Users\info\Documents\GitHub\SsAtx\Ssd1306Tester\Ssd1306Tester\Output\Arduino_Zero__Native_USB_Port_\Debug/core\core.a(Print.cpp.o)
                0x00005c12                arduino::Print::write(unsigned char const*, unsigned int)
 .text.initVariant
                0x00005c3a        0x2 C:\Users\info\Documents\GitHub\SsAtx\Ssd1306Tester\Ssd1306Tester\Output\Arduino_Zero__Native_USB_Port_\Debug/core\core.a(main.cpp.o)
                0x00005c3a                initVariant
 .text.startup.main
                0x00005c3c       0x28 C:\Users\info\Documents\GitHub\SsAtx\Ssd1306Tester\Ssd1306Tester\Output\Arduino_Zero__Native_USB_Port_\Debug/core\core.a(main.cpp.o)
                0x00005c3c                main
 .text._Znwj    0x00005c64        0x8 C:\Users\info\Documents\GitHub\SsAtx\Ssd1306Tester\Ssd1306Tester\Output\Arduino_Zero__Native_USB_Port_\Debug/core\core.a(new.cpp.o)
                0x00005c64                operator new(unsigned int)
 .text._Znaj    0x00005c6c        0x8 C:\Users\info\Documents\GitHub\SsAtx\Ssd1306Tester\Ssd1306Tester\Output\Arduino_Zero__Native_USB_Port_\Debug/core\core.a(new.cpp.o)
                0x00005c6c                operator new[](unsigned int)
 .text._ZdlPv   0x00005c74        0x8 C:\Users\info\Documents\GitHub\SsAtx\Ssd1306Tester\Ssd1306Tester\Output\Arduino_Zero__Native_USB_Port_\Debug/core\core.a(new.cpp.o)
                0x00005c74                operator delete(void*)
 .text._ZdaPv   0x00005c7c        0x8 C:\Users\info\Documents\GitHub\SsAtx\Ssd1306Tester\Ssd1306Tester\Output\Arduino_Zero__Native_USB_Port_\Debug/core\core.a(new.cpp.o)
                0x00005c7c                operator delete[](void*)
 .text.__aeabi_atexit
                0x00005c84        0xe c:/users/info/appdata/local/arduino15/packages/arduino/tools/arm-none-eabi-gcc/7-2017q4/bin/../lib/gcc/arm-none-eabi/7.2.1/../../../../arm-none-eabi/lib/thumb/v6-m\libstdc++_nano.a(atexit_arm.o)
                0x00005c84                __aeabi_atexit
 *fill*         0x00005c92        0x2 
 .text          0x00005c94       0x14 c:/users/info/appdata/local/arduino15/packages/arduino/tools/arm-none-eabi-gcc/7-2017q4/bin/../lib/gcc/arm-none-eabi/7.2.1/thumb/v6-m\libgcc.a(_thumb1_case_uqi.o)
                0x00005c94                __gnu_thumb1_case_uqi
 .text          0x00005ca8      0x114 c:/users/info/appdata/local/arduino15/packages/arduino/tools/arm-none-eabi-gcc/7-2017q4/bin/../lib/gcc/arm-none-eabi/7.2.1/thumb/v6-m\libgcc.a(_udivsi3.o)
                0x00005ca8                __aeabi_uidiv
                0x00005ca8                __udivsi3
                0x00005db4                __aeabi_uidivmod
 .text          0x00005dbc      0x1d4 c:/users/info/appdata/local/arduino15/packages/arduino/tools/arm-none-eabi-gcc/7-2017q4/bin/../lib/gcc/arm-none-eabi/7.2.1/thumb/v6-m\libgcc.a(_divsi3.o)
                0x00005dbc                __divsi3
                0x00005dbc                __aeabi_idiv
                0x00005f88                __aeabi_idivmod
 .text          0x00005f90        0x4 c:/users/info/appdata/local/arduino15/packages/arduino/tools/arm-none-eabi-gcc/7-2017q4/bin/../lib/gcc/arm-none-eabi/7.2.1/thumb/v6-m\libgcc.a(_dvmd_tls.o)
                0x00005f90                __aeabi_idiv0
                0x00005f90                __aeabi_ldiv0
 .text.__cxa_atexit
                0x00005f94       0x1c c:/users/info/appdata/local/arduino15/packages/arduino/tools/arm-none-eabi-gcc/7-2017q4/bin/../lib/gcc/arm-none-eabi/7.2.1/../../../../arm-none-eabi/lib/thumb/v6-m\libc_nano.a(lib_a-cxa_atexit.o)
                0x00005f94                __cxa_atexit
 .text.__libc_init_array
                0x00005fb0       0x48 c:/users/info/appdata/local/arduino15/packages/arduino/tools/arm-none-eabi-gcc/7-2017q4/bin/../lib/gcc/arm-none-eabi/7.2.1/../../../../arm-none-eabi/lib/thumb/v6-m\libc_nano.a(lib_a-init.o)
                0x00005fb0                __libc_init_array
 .text.malloc   0x00005ff8       0x14 c:/users/info/appdata/local/arduino15/packages/arduino/tools/arm-none-eabi-gcc/7-2017q4/bin/../lib/gcc/arm-none-eabi/7.2.1/../../../../arm-none-eabi/lib/thumb/v6-m\libc_nano.a(lib_a-malloc.o)
                0x00005ff8                malloc
 .text.free     0x0000600c       0x14 c:/users/info/appdata/local/arduino15/packages/arduino/tools/arm-none-eabi-gcc/7-2017q4/bin/../lib/gcc/arm-none-eabi/7.2.1/../../../../arm-none-eabi/lib/thumb/v6-m\libc_nano.a(lib_a-malloc.o)
                0x0000600c                free
 .text.memcpy   0x00006020       0x12 c:/users/info/appdata/local/arduino15/packages/arduino/tools/arm-none-eabi-gcc/7-2017q4/bin/../lib/gcc/arm-none-eabi/7.2.1/../../../../arm-none-eabi/lib/thumb/v6-m\libc_nano.a(lib_a-memcpy-stub.o)
                0x00006020                memcpy
 .text.memmove  0x00006032       0x26 c:/users/info/appdata/local/arduino15/packages/arduino/tools/arm-none-eabi-gcc/7-2017q4/bin/../lib/gcc/arm-none-eabi/7.2.1/../../../../arm-none-eabi/lib/thumb/v6-m\libc_nano.a(lib_a-memmove.o)
                0x00006032                memmove
 .text.memset   0x00006058       0x10 c:/users/info/appdata/local/arduino15/packages/arduino/tools/arm-none-eabi-gcc/7-2017q4/bin/../lib/gcc/arm-none-eabi/7.2.1/../../../../arm-none-eabi/lib/thumb/v6-m\libc_nano.a(lib_a-memset.o)
                0x00006058                memset
 .text._free_r  0x00006068       0x94 c:/users/info/appdata/local/arduino15/packages/arduino/tools/arm-none-eabi-gcc/7-2017q4/bin/../lib/gcc/arm-none-eabi/7.2.1/../../../../arm-none-eabi/lib/thumb/v6-m\libc_nano.a(lib_a-nano-freer.o)
                0x00006068                _free_r
 .text._malloc_r
                0x000060fc       0xbc c:/users/info/appdata/local/arduino15/packages/arduino/tools/arm-none-eabi-gcc/7-2017q4/bin/../lib/gcc/arm-none-eabi/7.2.1/../../../../arm-none-eabi/lib/thumb/v6-m\libc_nano.a(lib_a-nano-mallocr.o)
                0x000060fc                _malloc_r
 .text.rand     0x000061b8       0x64 c:/users/info/appdata/local/arduino15/packages/arduino/tools/arm-none-eabi-gcc/7-2017q4/bin/../lib/gcc/arm-none-eabi/7.2.1/../../../../arm-none-eabi/lib/thumb/v6-m\libc_nano.a(lib_a-rand.o)
                0x000061b8                rand
 .text._sbrk_r  0x0000621c       0x24 c:/users/info/appdata/local/arduino15/packages/arduino/tools/arm-none-eabi-gcc/7-2017q4/bin/../lib/gcc/arm-none-eabi/7.2.1/../../../../arm-none-eabi/lib/thumb/v6-m\libc_nano.a(lib_a-sbrkr.o)
                0x0000621c                _sbrk_r
 .text.__malloc_lock
                0x00006240        0x2 c:/users/info/appdata/local/arduino15/packages/arduino/tools/arm-none-eabi-gcc/7-2017q4/bin/../lib/gcc/arm-none-eabi/7.2.1/../../../../arm-none-eabi/lib/thumb/v6-m\libc_nano.a(lib_a-mlock.o)
                0x00006240                __malloc_lock
 .text.__malloc_unlock
                0x00006242        0x2 c:/users/info/appdata/local/arduino15/packages/arduino/tools/arm-none-eabi-gcc/7-2017q4/bin/../lib/gcc/arm-none-eabi/7.2.1/../../../../arm-none-eabi/lib/thumb/v6-m\libc_nano.a(lib_a-mlock.o)
                0x00006242                __malloc_unlock
 .text          0x00006244       0x54 c:/users/info/appdata/local/arduino15/packages/arduino/tools/arm-none-eabi-gcc/7-2017q4/bin/../lib/gcc/arm-none-eabi/7.2.1/thumb/v6-m\libgcc.a(_muldi3.o)
                0x00006244                __muldi3
                0x00006244                __aeabi_lmul
 .text._sbrk    0x00006298       0x1c c:/users/info/appdata/local/arduino15/packages/arduino/tools/arm-none-eabi-gcc/7-2017q4/bin/../lib/gcc/arm-none-eabi/7.2.1/../../../../arm-none-eabi/lib/thumb/v6-m\libnosys.a(sbrk.o)
                0x00006298                _sbrk
 *(.init)
 .init          0x000062b4        0x4 c:/users/info/appdata/local/arduino15/packages/arduino/tools/arm-none-eabi-gcc/7-2017q4/bin/../lib/gcc/arm-none-eabi/7.2.1/thumb/v6-m/crti.o
                0x000062b4                _init
 .init          0x000062b8        0x8 c:/users/info/appdata/local/arduino15/packages/arduino/tools/arm-none-eabi-gcc/7-2017q4/bin/../lib/gcc/arm-none-eabi/7.2.1/thumb/v6-m/crtn.o
 *(.fini)
 .fini          0x000062c0        0x4 c:/users/info/appdata/local/arduino15/packages/arduino/tools/arm-none-eabi-gcc/7-2017q4/bin/../lib/gcc/arm-none-eabi/7.2.1/thumb/v6-m/crti.o
                0x000062c0                _fini
 .fini          0x000062c4        0x8 c:/users/info/appdata/local/arduino15/packages/arduino/tools/arm-none-eabi-gcc/7-2017q4/bin/../lib/gcc/arm-none-eabi/7.2.1/thumb/v6-m/crtn.o
 *crtbegin.o(.ctors)
 *crtbegin?.o(.ctors)
 *(EXCLUDE_FILE(*crtend.o *crtend?.o) .ctors)
 *(SORT_BY_NAME(.ctors.*))
 *(.ctors)
 *crtbegin.o(.dtors)
 *crtbegin?.o(.dtors)
 *(EXCLUDE_FILE(*crtend.o *crtend?.o) .dtors)
 *(SORT_BY_NAME(.dtors.*))
 *(.dtors)
 *(.rodata*)
 .rodata        0x000062cc       0x10 C:\Users\info\Documents\GitHub\SsAtx\Ssd1306Tester\Ssd1306Tester\Output\Arduino_Zero__Native_USB_Port_\Debug\sketch\Ssd1306Tester.ino.cpp.o
 .rodata._ZL22CG4864TSWEG04_SETTINGS
                0x000062dc        0xf C:\Users\info\Documents\GitHub\SsAtx\Ssd1306Tester\Ssd1306Tester\Output\Arduino_Zero__Native_USB_Port_\Debug\sketch\Ssd1306Tester.ino.cpp.o
 .rodata._ZL22QG9632TSWEG01_SETTINGS
                0x000062eb        0xf C:\Users\info\Documents\GitHub\SsAtx\Ssd1306Tester\Ssd1306Tester\Output\Arduino_Zero__Native_USB_Port_\Debug\sketch\Ssd1306Tester.ino.cpp.o
 *fill*         0x000062fa        0x2 
 .rodata._ZTV7TwoWire
                0x000062fc       0x24 C:\Users\info\Documents\GitHub\SsAtx\Ssd1306Tester\Ssd1306Tester\Output\Arduino_Zero__Native_USB_Port_\Debug\libraries\Wire\Wire.cpp.o
                0x000062fc                vtable for TwoWire
 .rodata.CSWTCH.24
                0x00006320        0x3 C:\Users\info\Documents\GitHub\SsAtx\Ssd1306Tester\Ssd1306Tester\Output\Arduino_Zero__Native_USB_Port_\Debug\libraries\SPI\SPI.cpp.o
 *fill*         0x00006323        0x1 
 .rodata._ZTV12SPIClassSAMD
                0x00006324       0x3c C:\Users\info\Documents\GitHub\SsAtx\Ssd1306Tester\Ssd1306Tester\Output\Arduino_Zero__Native_USB_Port_\Debug\libraries\SPI\SPI.cpp.o
                0x00006324                vtable for SPIClassSAMD
 .rodata.g_APinDescription
                0x00006360      0x450 C:\Users\info\Documents\GitHub\SsAtx\Ssd1306Tester\Ssd1306Tester\Output\Arduino_Zero__Native_USB_Port_\Debug\core\variant.cpp.o
                0x00006360                g_APinDescription
 .rodata._ZTV4Uart
                0x000067b0       0x34 C:\Users\info\Documents\GitHub\SsAtx\Ssd1306Tester\Ssd1306Tester\Output\Arduino_Zero__Native_USB_Port_\Debug/core\core.a(Uart.cpp.o)
                0x000067b0                vtable for Uart
 .rodata.__sf_fake_stderr
                0x000067e4       0x20 c:/users/info/appdata/local/arduino15/packages/arduino/tools/arm-none-eabi-gcc/7-2017q4/bin/../lib/gcc/arm-none-eabi/7.2.1/../../../../arm-none-eabi/lib/thumb/v6-m\libc_nano.a(lib_a-findfp.o)
                0x000067e4                __sf_fake_stderr
 .rodata.__sf_fake_stdin
                0x00006804       0x20 c:/users/info/appdata/local/arduino15/packages/arduino/tools/arm-none-eabi-gcc/7-2017q4/bin/../lib/gcc/arm-none-eabi/7.2.1/../../../../arm-none-eabi/lib/thumb/v6-m\libc_nano.a(lib_a-findfp.o)
                0x00006804                __sf_fake_stdin
 .rodata.__sf_fake_stdout
                0x00006824       0x20 c:/users/info/appdata/local/arduino15/packages/arduino/tools/arm-none-eabi-gcc/7-2017q4/bin/../lib/gcc/arm-none-eabi/7.2.1/../../../../arm-none-eabi/lib/thumb/v6-m\libc_nano.a(lib_a-findfp.o)
                0x00006824                __sf_fake_stdout
 *(.eh_frame*)
 .eh_frame      0x00006844        0x0 c:/users/info/appdata/local/arduino15/packages/arduino/tools/arm-none-eabi-gcc/7-2017q4/bin/../lib/gcc/arm-none-eabi/7.2.1/thumb/v6-m/crtbegin.o
 .eh_frame      0x00006844        0x4 c:/users/info/appdata/local/arduino15/packages/arduino/tools/arm-none-eabi-gcc/7-2017q4/bin/../lib/gcc/arm-none-eabi/7.2.1/thumb/v6-m/crtend.o

.glue_7         0x00006848        0x0
 .glue_7        0x00006848        0x0 linker stubs

.glue_7t        0x00006848        0x0
 .glue_7t       0x00006848        0x0 linker stubs

.vfp11_veneer   0x00006848        0x0
 .vfp11_veneer  0x00006848        0x0 linker stubs

.v4_bx          0x00006848        0x0
 .v4_bx         0x00006848        0x0 linker stubs

.iplt           0x00006848        0x0
 .iplt          0x00006848        0x0 c:/users/info/appdata/local/arduino15/packages/arduino/tools/arm-none-eabi-gcc/7-2017q4/bin/../lib/gcc/arm-none-eabi/7.2.1/thumb/v6-m/crtbegin.o

.rel.dyn        0x00006848        0x0
 .rel.iplt      0x00006848        0x0 c:/users/info/appdata/local/arduino15/packages/arduino/tools/arm-none-eabi-gcc/7-2017q4/bin/../lib/gcc/arm-none-eabi/7.2.1/thumb/v6-m/crtbegin.o

.ARM.extab
 *(.ARM.extab* .gnu.linkonce.armextab.*)
                0x00006848                __exidx_start = .

.ARM.exidx
 *(.ARM.exidx* .gnu.linkonce.armexidx.*)
                0x00006848                __exidx_end = .
                0x00006848                __etext = .

.data           0x20000000       0x90 load address 0x00006848
                0x20000000                __data_start__ = .
 *(vtable)
 *(.data*)
 .data          0x20000000        0x4 c:/users/info/appdata/local/arduino15/packages/arduino/tools/arm-none-eabi-gcc/7-2017q4/bin/../lib/gcc/arm-none-eabi/7.2.1/thumb/v6-m/crtbegin.o
                0x20000000                __dso_handle
 .data.SystemCoreClock
                0x20000004        0x4 C:\Users\info\Documents\GitHub\SsAtx\Ssd1306Tester\Ssd1306Tester\Output\Arduino_Zero__Native_USB_Port_\Debug/core\core.a(wiring.c.o)
                0x20000004                SystemCoreClock
 .data._ZL5ticks
                0x20000008        0x4 C:\Users\info\Documents\GitHub\SsAtx\Ssd1306Tester\Ssd1306Tester\Output\Arduino_Zero__Native_USB_Port_\Debug/core\core.a(Reset.cpp.o)
 .data._impure_ptr
                0x2000000c        0x4 c:/users/info/appdata/local/arduino15/packages/arduino/tools/arm-none-eabi-gcc/7-2017q4/bin/../lib/gcc/arm-none-eabi/7.2.1/../../../../arm-none-eabi/lib/thumb/v6-m\libc_nano.a(lib_a-impure.o)
                0x2000000c                _impure_ptr
 .data.impure_data
                0x20000010       0x60 c:/users/info/appdata/local/arduino15/packages/arduino/tools/arm-none-eabi-gcc/7-2017q4/bin/../lib/gcc/arm-none-eabi/7.2.1/../../../../arm-none-eabi/lib/thumb/v6-m\libc_nano.a(lib_a-impure.o)
                0x20000070                . = ALIGN (0x4)
                0x20000070                PROVIDE (__preinit_array_start, .)
 *(.preinit_array)
                0x20000070                PROVIDE (__preinit_array_end, .)
                0x20000070                . = ALIGN (0x4)
                0x20000070                PROVIDE (__init_array_start, .)
 *(SORT_BY_NAME(.init_array.*))
 *(.init_array)
 .init_array    0x20000070        0x4 c:/users/info/appdata/local/arduino15/packages/arduino/tools/arm-none-eabi-gcc/7-2017q4/bin/../lib/gcc/arm-none-eabi/7.2.1/thumb/v6-m/crtbegin.o
 .init_array    0x20000074        0x4 C:\Users\info\Documents\GitHub\SsAtx\Ssd1306Tester\Ssd1306Tester\Output\Arduino_Zero__Native_USB_Port_\Debug\sketch\Ssd1306Tester.ino.cpp.o
 .init_array    0x20000078        0x4 C:\Users\info\Documents\GitHub\SsAtx\Ssd1306Tester\Ssd1306Tester\Output\Arduino_Zero__Native_USB_Port_\Debug\libraries\Wire\Wire.cpp.o
 .init_array    0x2000007c        0x4 C:\Users\info\Documents\GitHub\SsAtx\Ssd1306Tester\Ssd1306Tester\Output\Arduino_Zero__Native_USB_Port_\Debug\libraries\SPI\SPI.cpp.o
 .init_array    0x20000080        0x4 C:\Users\info\Documents\GitHub\SsAtx\Ssd1306Tester\Ssd1306Tester\Output\Arduino_Zero__Native_USB_Port_\Debug\core\variant.cpp.o
                0x20000084                PROVIDE (__init_array_end, .)
                0x20000084                . = ALIGN (0x4)
                [!provide]                PROVIDE (__fini_array_start, .)
 *(SORT_BY_NAME(.fini_array.*))
 *(.fini_array)
 .fini_array    0x20000084        0x4 c:/users/info/appdata/local/arduino15/packages/arduino/tools/arm-none-eabi-gcc/7-2017q4/bin/../lib/gcc/arm-none-eabi/7.2.1/thumb/v6-m/crtbegin.o
                [!provide]                PROVIDE (__fini_array_end, .)
 *(.jcr*)
                0x20000090                . = ALIGN (0x10)
 *fill*         0x20000088        0x8 
                0x20000090                __data_end__ = .

.igot.plt       0x20000090        0x0 load address 0x000068d8
 .igot.plt      0x20000090        0x0 c:/users/info/appdata/local/arduino15/packages/arduino/tools/arm-none-eabi-gcc/7-2017q4/bin/../lib/gcc/arm-none-eabi/7.2.1/thumb/v6-m/crtbegin.o

.bss            0x20000090      0x638 load address 0x000068d8
                0x20000090                . = ALIGN (0x4)
                0x20000090                __bss_start__ = .
 *(.bss*)
 .bss           0x20000090       0x1c c:/users/info/appdata/local/arduino15/packages/arduino/tools/arm-none-eabi-gcc/7-2017q4/bin/../lib/gcc/arm-none-eabi/7.2.1/thumb/v6-m/crtbegin.o
 .bss._ZL20dinMittel8x16Regular
                0x200000ac       0x10 C:\Users\info\Documents\GitHub\SsAtx\Ssd1306Tester\Ssd1306Tester\Output\Arduino_Zero__Native_USB_Port_\Debug\sketch\Ssd1306Tester.ino.cpp.o
 .bss.commandMux
                0x200000bc       0x10 C:\Users\info\Documents\GitHub\SsAtx\Ssd1306Tester\Ssd1306Tester\Output\Arduino_Zero__Native_USB_Port_\Debug\sketch\Ssd1306Tester.ino.cpp.o
                0x200000bc                commandMux
 .bss.dtrMux    0x200000cc       0x10 C:\Users\info\Documents\GitHub\SsAtx\Ssd1306Tester\Ssd1306Tester\Output\Arduino_Zero__Native_USB_Port_\Debug\sketch\Ssd1306Tester.ino.cpp.o
                0x200000cc                dtrMux
 .bss.mcp       0x200000dc       0x10 C:\Users\info\Documents\GitHub\SsAtx\Ssd1306Tester\Ssd1306Tester\Output\Arduino_Zero__Native_USB_Port_\Debug\sketch\Ssd1306Tester.ino.cpp.o
                0x200000dc                mcp
 .bss.oledGroup
                0x200000ec       0x18 C:\Users\info\Documents\GitHub\SsAtx\Ssd1306Tester\Ssd1306Tester\Output\Arduino_Zero__Native_USB_Port_\Debug\sketch\Ssd1306Tester.ino.cpp.o
                0x200000ec                oledGroup
 .bss.selectMux
                0x20000104       0x10 C:\Users\info\Documents\GitHub\SsAtx\Ssd1306Tester\Ssd1306Tester\Output\Arduino_Zero__Native_USB_Port_\Debug\sketch\Ssd1306Tester.ino.cpp.o
                0x20000104                selectMux
 .bss.Wire      0x20000114       0xbc C:\Users\info\Documents\GitHub\SsAtx\Ssd1306Tester\Ssd1306Tester\Output\Arduino_Zero__Native_USB_Port_\Debug\libraries\Wire\Wire.cpp.o
                0x20000114                Wire
 .bss.SPI       0x200001d0       0x20 C:\Users\info\Documents\GitHub\SsAtx\Ssd1306Tester\Ssd1306Tester\Output\Arduino_Zero__Native_USB_Port_\Debug\libraries\SPI\SPI.cpp.o
                0x200001d0                SPI
 .bss._ZN7arduinoL20DEFAULT_SPI_SETTINGSE
                0x200001f0        0x8 C:\Users\info\Documents\GitHub\SsAtx\Ssd1306Tester\Ssd1306Tester\Output\Arduino_Zero__Native_USB_Port_\Debug\libraries\SPI\SPI.cpp.o
 .bss.Serial    0x200001f8      0x244 C:\Users\info\Documents\GitHub\SsAtx\Ssd1306Tester\Ssd1306Tester\Output\Arduino_Zero__Native_USB_Port_\Debug\core\variant.cpp.o
                0x200001f8                Serial
 .bss.Serial1   0x2000043c      0x244 C:\Users\info\Documents\GitHub\SsAtx\Ssd1306Tester\Ssd1306Tester\Output\Arduino_Zero__Native_USB_Port_\Debug\core\variant.cpp.o
                0x2000043c                Serial1
 .bss.sercom0   0x20000680        0x8 C:\Users\info\Documents\GitHub\SsAtx\Ssd1306Tester\Ssd1306Tester\Output\Arduino_Zero__Native_USB_Port_\Debug\core\variant.cpp.o
                0x20000680                sercom0
 .bss.sercom1   0x20000688        0x8 C:\Users\info\Documents\GitHub\SsAtx\Ssd1306Tester\Ssd1306Tester\Output\Arduino_Zero__Native_USB_Port_\Debug\core\variant.cpp.o
                0x20000688                sercom1
 .bss.sercom2   0x20000690        0x8 C:\Users\info\Documents\GitHub\SsAtx\Ssd1306Tester\Ssd1306Tester\Output\Arduino_Zero__Native_USB_Port_\Debug\core\variant.cpp.o
                0x20000690                sercom2
 .bss.sercom3   0x20000698        0x8 C:\Users\info\Documents\GitHub\SsAtx\Ssd1306Tester\Ssd1306Tester\Output\Arduino_Zero__Native_USB_Port_\Debug\core\variant.cpp.o
                0x20000698                sercom3
 .bss.sercom4   0x200006a0        0x8 C:\Users\info\Documents\GitHub\SsAtx\Ssd1306Tester\Ssd1306Tester\Output\Arduino_Zero__Native_USB_Port_\Debug\core\variant.cpp.o
                0x200006a0                sercom4
 .bss.sercom5   0x200006a8        0x8 C:\Users\info\Documents\GitHub\SsAtx\Ssd1306Tester\Ssd1306Tester\Output\Arduino_Zero__Native_USB_Port_\Debug\core\variant.cpp.o
                0x200006a8                sercom5
 .bss.usb_isr   0x200006b0        0x4 C:\Users\info\Documents\GitHub\SsAtx\Ssd1306Tester\Ssd1306Tester\Output\Arduino_Zero__Native_USB_Port_\Debug/core\core.a(cortex_handlers.c.o)
 .bss._ulTickCount
                0x200006b4        0x4 C:\Users\info\Documents\GitHub\SsAtx\Ssd1306Tester\Ssd1306Tester\Output\Arduino_Zero__Native_USB_Port_\Debug/core\core.a(delay.c.o)
 .bss.__malloc_free_list
                0x200006b8        0x4 c:/users/info/appdata/local/arduino15/packages/arduino/tools/arm-none-eabi-gcc/7-2017q4/bin/../lib/gcc/arm-none-eabi/7.2.1/../../../../arm-none-eabi/lib/thumb/v6-m\libc_nano.a(lib_a-nano-mallocr.o)
                0x200006b8                __malloc_free_list
 .bss.__malloc_sbrk_start
                0x200006bc        0x4 c:/users/info/appdata/local/arduino15/packages/arduino/tools/arm-none-eabi-gcc/7-2017q4/bin/../lib/gcc/arm-none-eabi/7.2.1/../../../../arm-none-eabi/lib/thumb/v6-m\libc_nano.a(lib_a-nano-mallocr.o)
                0x200006bc                __malloc_sbrk_start
 .bss.heap_end.4102
                0x200006c0        0x4 c:/users/info/appdata/local/arduino15/packages/arduino/tools/arm-none-eabi-gcc/7-2017q4/bin/../lib/gcc/arm-none-eabi/7.2.1/../../../../arm-none-eabi/lib/thumb/v6-m\libnosys.a(sbrk.o)
 *(COMMON)
 COMMON         0x200006c4        0x4 c:/users/info/appdata/local/arduino15/packages/arduino/tools/arm-none-eabi-gcc/7-2017q4/bin/../lib/gcc/arm-none-eabi/7.2.1/../../../../arm-none-eabi/lib/thumb/v6-m\libc_nano.a(lib_a-reent.o)
                0x200006c4                errno
                0x200006c8                . = ALIGN (0x4)
                0x200006c8                __bss_end__ = .

.heap           0x200006c8        0x0
                0x200006c8                __end__ = .
                0x200006c8                PROVIDE (end, .)
 *(.heap*)
                0x200006c8                __HeapLimit = .

.stack_dummy    0x200006c8        0x0
 *(.stack*)
                0x20008000                __StackTop = (ORIGIN (RAM) + LENGTH (RAM))
                0x20008000                __StackLimit = (__StackTop - SIZEOF (.stack_dummy))
                0x20008000                PROVIDE (__stack, __StackTop)
                0x20007fff                __ram_end__ = ((ORIGIN (RAM) + LENGTH (RAM)) - 0x1)
                0x00000001                ASSERT ((__StackLimit >= __HeapLimit), region RAM overflowed with stack)
OUTPUT(C:\Users\info\Documents\GitHub\SsAtx\Ssd1306Tester\Ssd1306Tester\Output\Arduino_Zero__Native_USB_Port_\Debug/Ssd1306Tester.ino.elf elf32-littlearm)

.ARM.attributes
                0x00000000       0x28
 .ARM.attributes
                0x00000000       0x1e c:/users/info/appdata/local/arduino15/packages/arduino/tools/arm-none-eabi-gcc/7-2017q4/bin/../lib/gcc/arm-none-eabi/7.2.1/thumb/v6-m/crti.o
 .ARM.attributes
                0x0000001e       0x2c c:/users/info/appdata/local/arduino15/packages/arduino/tools/arm-none-eabi-gcc/7-2017q4/bin/../lib/gcc/arm-none-eabi/7.2.1/thumb/v6-m/crtbegin.o
 .ARM.attributes
                0x0000004a       0x32 C:\Users\info\Documents\GitHub\SsAtx\Ssd1306Tester\Ssd1306Tester\Output\Arduino_Zero__Native_USB_Port_\Debug\sketch\Ssd1306Tester.ino.cpp.o
 .ARM.attributes
                0x0000007c       0x32 C:\Users\info\Documents\GitHub\SsAtx\Ssd1306Tester\Ssd1306Tester\Output\Arduino_Zero__Native_USB_Port_\Debug\libraries\Adafruit_BusIO\Adafruit_BusIO_Register.cpp.o
 .ARM.attributes
                0x000000ae       0x32 C:\Users\info\Documents\GitHub\SsAtx\Ssd1306Tester\Ssd1306Tester\Output\Arduino_Zero__Native_USB_Port_\Debug\libraries\Adafruit_BusIO\Adafruit_I2CDevice.cpp.o
 .ARM.attributes
                0x000000e0       0x32 C:\Users\info\Documents\GitHub\SsAtx\Ssd1306Tester\Ssd1306Tester\Output\Arduino_Zero__Native_USB_Port_\Debug\libraries\Adafruit_BusIO\Adafruit_SPIDevice.cpp.o
 .ARM.attributes
                0x00000112       0x32 C:\Users\info\Documents\GitHub\SsAtx\Ssd1306Tester\Ssd1306Tester\Output\Arduino_Zero__Native_USB_Port_\Debug\libraries\Wire\Wire.cpp.o
 .ARM.attributes
                0x00000144       0x32 C:\Users\info\Documents\GitHub\SsAtx\Ssd1306Tester\Ssd1306Tester\Output\Arduino_Zero__Native_USB_Port_\Debug\libraries\SPI\SPI.cpp.o
 .ARM.attributes
                0x00000176       0x32 C:\Users\info\Documents\GitHub\SsAtx\Ssd1306Tester\Ssd1306Tester\Output\Arduino_Zero__Native_USB_Port_\Debug\libraries\Adafruit_MCP23017_Arduino_Library\Adafruit_MCP23X17.cpp.o
 .ARM.attributes
                0x000001a8       0x32 C:\Users\info\Documents\GitHub\SsAtx\Ssd1306Tester\Ssd1306Tester\Output\Arduino_Zero__Native_USB_Port_\Debug\libraries\Adafruit_MCP23017_Arduino_Library\Adafruit_MCP23XXX.cpp.o
 .ARM.attributes
                0x000001da       0x32 C:\Users\info\Documents\GitHub\SsAtx\Ssd1306Tester\Ssd1306Tester\Output\Arduino_Zero__Native_USB_Port_\Debug\libraries\Sn74hc138d\Sn74hc138d.cpp.o
 .ARM.attributes
                0x0000020c       0x32 C:\Users\info\Documents\GitHub\SsAtx\Ssd1306Tester\Ssd1306Tester\Output\Arduino_Zero__Native_USB_Port_\Debug\libraries\Ssd1306\Ssd1306.cpp.o
 .ARM.attributes
                0x0000023e       0x32 C:\Users\info\Documents\GitHub\SsAtx\Ssd1306Tester\Ssd1306Tester\Output\Arduino_Zero__Native_USB_Port_\Debug\libraries\Graphics\Graphics.a(Graphics.cpp.o)
 .ARM.attributes
                0x00000270       0x32 C:\Users\info\Documents\GitHub\SsAtx\Ssd1306Tester\Ssd1306Tester\Output\Arduino_Zero__Native_USB_Port_\Debug\libraries\Ssd1306Group\Ssd1306Group.a(Ssd1306Group.cpp.o)
 .ARM.attributes
                0x000002a2       0x32 C:\Users\info\Documents\GitHub\SsAtx\Ssd1306Tester\Ssd1306Tester\Output\Arduino_Zero__Native_USB_Port_\Debug\core\variant.cpp.o
 .ARM.attributes
                0x000002d4       0x32 C:\Users\info\Documents\GitHub\SsAtx\Ssd1306Tester\Ssd1306Tester\Output\Arduino_Zero__Native_USB_Port_\Debug/core\core.a(cortex_handlers.c.o)
 .ARM.attributes
                0x00000306       0x32 C:\Users\info\Documents\GitHub\SsAtx\Ssd1306Tester\Ssd1306Tester\Output\Arduino_Zero__Native_USB_Port_\Debug/core\core.a(delay.c.o)
 .ARM.attributes
                0x00000338       0x32 C:\Users\info\Documents\GitHub\SsAtx\Ssd1306Tester\Ssd1306Tester\Output\Arduino_Zero__Native_USB_Port_\Debug/core\core.a(hooks.c.o)
 .ARM.attributes
                0x0000036a       0x32 C:\Users\info\Documents\GitHub\SsAtx\Ssd1306Tester\Ssd1306Tester\Output\Arduino_Zero__Native_USB_Port_\Debug/core\core.a(startup.c.o)
 .ARM.attributes
                0x0000039c       0x32 C:\Users\info\Documents\GitHub\SsAtx\Ssd1306Tester\Ssd1306Tester\Output\Arduino_Zero__Native_USB_Port_\Debug/core\core.a(wiring.c.o)
 .ARM.attributes
                0x000003ce       0x32 C:\Users\info\Documents\GitHub\SsAtx\Ssd1306Tester\Ssd1306Tester\Output\Arduino_Zero__Native_USB_Port_\Debug/core\core.a(wiring_analog.c.o)
 .ARM.attributes
                0x00000400       0x32 C:\Users\info\Documents\GitHub\SsAtx\Ssd1306Tester\Ssd1306Tester\Output\Arduino_Zero__Native_USB_Port_\Debug/core\core.a(wiring_digital.c.o)
 .ARM.attributes
                0x00000432       0x32 C:\Users\info\Documents\GitHub\SsAtx\Ssd1306Tester\Ssd1306Tester\Output\Arduino_Zero__Native_USB_Port_\Debug/core\core.a(wiring_private.c.o)
 .ARM.attributes
                0x00000464       0x32 C:\Users\info\Documents\GitHub\SsAtx\Ssd1306Tester\Ssd1306Tester\Output\Arduino_Zero__Native_USB_Port_\Debug/core\core.a(Reset.cpp.o)
 .ARM.attributes
                0x00000496       0x32 C:\Users\info\Documents\GitHub\SsAtx\Ssd1306Tester\Ssd1306Tester\Output\Arduino_Zero__Native_USB_Port_\Debug/core\core.a(SERCOM.cpp.o)
 .ARM.attributes